Archive member included because of file (symbol)

c:/freescale/kds_3.0.0/toolchain/bin/../lib/gcc/arm-none-eabi/4.8.4/armv6-m\libgcc.a(_udivsi3.o)
                              ./SDK/platform/utilities/src/print_scan.o (__aeabi_uidiv)
c:/freescale/kds_3.0.0/toolchain/bin/../lib/gcc/arm-none-eabi/4.8.4/armv6-m\libgcc.a(_divsi3.o)
                              ./SDK/platform/utilities/src/print_scan.o (__aeabi_idiv)
c:/freescale/kds_3.0.0/toolchain/bin/../lib/gcc/arm-none-eabi/4.8.4/armv6-m\libgcc.a(_dvmd_tls.o)
                              c:/freescale/kds_3.0.0/toolchain/bin/../lib/gcc/arm-none-eabi/4.8.4/armv6-m\libgcc.a(_udivsi3.o) (__aeabi_idiv0)
c:/freescale/kds_3.0.0/toolchain/bin/../lib/gcc/arm-none-eabi/4.8.4/armv6-m\libgcc.a(_aeabi_uldivmod.o)
                              ./SDK/platform/drivers/src/pit/fsl_pit_driver.o (__aeabi_uldivmod)
c:/freescale/kds_3.0.0/toolchain/bin/../lib/gcc/arm-none-eabi/4.8.4/armv6-m\libgcc.a(_muldi3.o)
                              ./SDK/platform/drivers/src/pit/fsl_pit_driver.o (__aeabi_lmul)
c:/freescale/kds_3.0.0/toolchain/bin/../lib/gcc/arm-none-eabi/4.8.4/armv6-m\libgcc.a(bpabi.o)
                              c:/freescale/kds_3.0.0/toolchain/bin/../lib/gcc/arm-none-eabi/4.8.4/armv6-m\libgcc.a(_aeabi_uldivmod.o) (__gnu_uldivmod_helper)
c:/freescale/kds_3.0.0/toolchain/bin/../lib/gcc/arm-none-eabi/4.8.4/armv6-m\libgcc.a(_divdi3.o)
                              c:/freescale/kds_3.0.0/toolchain/bin/../lib/gcc/arm-none-eabi/4.8.4/armv6-m\libgcc.a(bpabi.o) (__divdi3)
c:/freescale/kds_3.0.0/toolchain/bin/../lib/gcc/arm-none-eabi/4.8.4/armv6-m\libgcc.a(_udivdi3.o)
                              c:/freescale/kds_3.0.0/toolchain/bin/../lib/gcc/arm-none-eabi/4.8.4/armv6-m\libgcc.a(bpabi.o) (__udivdi3)
c:/freescale/kds_3.0.0/toolchain/bin/../lib/gcc/arm-none-eabi/4.8.4/armv6-m\libgcc.a(_clzsi2.o)
                              c:/freescale/kds_3.0.0/toolchain/bin/../lib/gcc/arm-none-eabi/4.8.4/armv6-m\libgcc.a(_divdi3.o) (__clzsi2)
c:/freescale/kds_3.0.0/toolchain/bin/../lib/gcc/arm-none-eabi/4.8.4/../../../../arm-none-eabi/lib/armv6-m\libg_s.a(lib_a-assert.o)
                              ./Sources/Events.o (__assert_func)
c:/freescale/kds_3.0.0/toolchain/bin/../lib/gcc/arm-none-eabi/4.8.4/../../../../arm-none-eabi/lib/armv6-m\libg_s.a(lib_a-exit.o)
                              c:/freescale/kds_3.0.0/toolchain/bin/../lib/gcc/arm-none-eabi/4.8.4/../../../../arm-none-eabi/lib/armv6-m/crt0.o (exit)
c:/freescale/kds_3.0.0/toolchain/bin/../lib/gcc/arm-none-eabi/4.8.4/../../../../arm-none-eabi/lib/armv6-m\libg_s.a(lib_a-fprintf.o)
                              c:/freescale/kds_3.0.0/toolchain/bin/../lib/gcc/arm-none-eabi/4.8.4/../../../../arm-none-eabi/lib/armv6-m\libg_s.a(lib_a-assert.o) (fiprintf)
c:/freescale/kds_3.0.0/toolchain/bin/../lib/gcc/arm-none-eabi/4.8.4/../../../../arm-none-eabi/lib/armv6-m\libg_s.a(lib_a-impure.o)
                              c:/freescale/kds_3.0.0/toolchain/bin/../lib/gcc/arm-none-eabi/4.8.4/../../../../arm-none-eabi/lib/armv6-m\libg_s.a(lib_a-exit.o) (_global_impure_ptr)
c:/freescale/kds_3.0.0/toolchain/bin/../lib/gcc/arm-none-eabi/4.8.4/../../../../arm-none-eabi/lib/armv6-m\libg_s.a(lib_a-init.o)
                              c:/freescale/kds_3.0.0/toolchain/bin/../lib/gcc/arm-none-eabi/4.8.4/../../../../arm-none-eabi/lib/armv6-m/crt0.o (__libc_init_array)
c:/freescale/kds_3.0.0/toolchain/bin/../lib/gcc/arm-none-eabi/4.8.4/../../../../arm-none-eabi/lib/armv6-m\libg_s.a(lib_a-malloc.o)
                              ./SDK/rtos/FreeRTOS/src/heap_3.o (malloc)
c:/freescale/kds_3.0.0/toolchain/bin/../lib/gcc/arm-none-eabi/4.8.4/../../../../arm-none-eabi/lib/armv6-m\libg_s.a(lib_a-memcpy-stub.o)
                              ./SDK/rtos/FreeRTOS/src/queue.o (memcpy)
c:/freescale/kds_3.0.0/toolchain/bin/../lib/gcc/arm-none-eabi/4.8.4/../../../../arm-none-eabi/lib/armv6-m\libg_s.a(lib_a-memset.o)
                              c:/freescale/kds_3.0.0/toolchain/bin/../lib/gcc/arm-none-eabi/4.8.4/../../../../arm-none-eabi/lib/armv6-m/crt0.o (memset)
c:/freescale/kds_3.0.0/toolchain/bin/../lib/gcc/arm-none-eabi/4.8.4/../../../../arm-none-eabi/lib/armv6-m\libg_s.a(lib_a-nano-freer.o)
                              c:/freescale/kds_3.0.0/toolchain/bin/../lib/gcc/arm-none-eabi/4.8.4/../../../../arm-none-eabi/lib/armv6-m\libg_s.a(lib_a-malloc.o) (_free_r)
c:/freescale/kds_3.0.0/toolchain/bin/../lib/gcc/arm-none-eabi/4.8.4/../../../../arm-none-eabi/lib/armv6-m\libg_s.a(lib_a-nano-mallocr.o)
                              c:/freescale/kds_3.0.0/toolchain/bin/../lib/gcc/arm-none-eabi/4.8.4/../../../../arm-none-eabi/lib/armv6-m\libg_s.a(lib_a-malloc.o) (_malloc_r)
c:/freescale/kds_3.0.0/toolchain/bin/../lib/gcc/arm-none-eabi/4.8.4/../../../../arm-none-eabi/lib/armv6-m\libg_s.a(lib_a-sbrkr.o)
                              c:/freescale/kds_3.0.0/toolchain/bin/../lib/gcc/arm-none-eabi/4.8.4/../../../../arm-none-eabi/lib/armv6-m\libg_s.a(lib_a-nano-mallocr.o) (_sbrk_r)
[...]
Memory Configuration

Name             Origin             Length             Attributes
m_interrupts     0x00000000         0x00000200         xr
m_flash_config   0x00000400         0x00000010         xr
m_interrupts_ram 0x1ffff000         0x00000200         rw
m_text           0x00000410         0x0001fbf0         xr
m_data           0x1ffff200         0x00003e00         rw
*default*        0x00000000         0xffffffff

Linker script and memory map

LOAD c:/freescale/kds_3.0.0/toolchain/bin/../lib/gcc/arm-none-eabi/4.8.4/armv6-m/crti.o
LOAD c:/freescale/kds_3.0.0/toolchain/bin/../lib/gcc/arm-none-eabi/4.8.4/armv6-m/crtbegin.o
LOAD c:/freescale/kds_3.0.0/toolchain/bin/../lib/gcc/arm-none-eabi/4.8.4/../../../../arm-none-eabi/lib/armv6-m/crt0.o
LOAD ./Static_Code/System/PE_low_level_init.o
LOAD ./Sources/customComponents/led_hal.o
LOAD ./Sources/Events.o
LOAD ./Sources/main.o
LOAD ./Sources/os_tasks.o
LOAD ./SDK/rtos/FreeRTOS/src/croutine.o
LOAD ./SDK/rtos/FreeRTOS/src/event_groups.o
LOAD ./SDK/rtos/FreeRTOS/src/heap_1.o
LOAD ./SDK/rtos/FreeRTOS/src/heap_2.o
LOAD ./SDK/rtos/FreeRTOS/src/heap_3.o
LOAD ./SDK/rtos/FreeRTOS/src/heap_4.o
LOAD ./SDK/rtos/FreeRTOS/src/list.o
LOAD ./SDK/rtos/FreeRTOS/src/queue.o
LOAD ./SDK/rtos/FreeRTOS/src/tasks.o
LOAD ./SDK/rtos/FreeRTOS/src/timers.o
LOAD ./SDK/rtos/FreeRTOS/port/gcc/port.o
LOAD ./SDK/rtos/FreeRTOS/port/gcc/portasm.o
LOAD ./SDK/platform/utilities/src/fsl_debug_console.o
LOAD ./SDK/platform/utilities/src/print_scan.o
LOAD ./SDK/platform/system/src/interrupt/fsl_interrupt_manager.o
LOAD ./SDK/platform/system/src/clock/MKL25Z4/fsl_clock_MKL25Z4.o
LOAD ./SDK/platform/system/src/clock/fsl_clock_manager.o
LOAD ./SDK/platform/system/src/clock/fsl_clock_manager_common.o
LOAD ./SDK/platform/osa/src/fsl_os_abstraction_free_rtos.o
LOAD ./SDK/platform/hal/src/uart/fsl_uart_hal.o
LOAD ./SDK/platform/hal/src/sim/MKL25Z4/fsl_sim_hal_MKL25Z4.o
LOAD ./SDK/platform/hal/src/rtc/fsl_rtc_hal.o
LOAD ./SDK/platform/hal/src/port/fsl_port_hal.o
LOAD ./SDK/platform/hal/src/pit/fsl_pit_hal.o
LOAD ./SDK/platform/hal/src/osc/fsl_osc_hal.o
LOAD ./SDK/platform/hal/src/mcg/fsl_mcg_hal.o
LOAD ./SDK/platform/hal/src/mcg/fsl_mcg_hal_modes.o
LOAD ./SDK/platform/hal/src/lpsci/fsl_lpsci_hal.o
LOAD ./SDK/platform/hal/src/gpio/fsl_gpio_hal.o
LOAD ./SDK/platform/drivers/src/rtc/fsl_rtc_common.o
LOAD ./SDK/platform/drivers/src/pit/fsl_pit_common.o
LOAD ./SDK/platform/drivers/src/pit/fsl_pit_driver.o
LOAD ./SDK/platform/drivers/src/gpio/fsl_gpio_common.o
LOAD ./SDK/platform/drivers/src/gpio/fsl_gpio_driver.o
LOAD ./SDK/platform/devices/MKL25Z4/startup/gcc/startup_MKL25Z4.o
LOAD ./SDK/platform/devices/MKL25Z4/startup/system_MKL25Z4.o
LOAD ./SDK/platform/devices/startup.o
LOAD ./Generated_Code/Cpu.o
LOAD ./Generated_Code/DbgCs1.o
LOAD ./Generated_Code/Task1.o
LOAD ./Generated_Code/Task2.o
LOAD ./Generated_Code/Task3.o
LOAD ./Generated_Code/Task4.o
LOAD ./Generated_Code/Task5.o
LOAD ./Generated_Code/TaskMaster.o
LOAD ./Generated_Code/clockMan1.o
LOAD ./Generated_Code/free_rtos.o
LOAD ./Generated_Code/gpio1.o
LOAD ./Generated_Code/hardware_init.o
LOAD ./Generated_Code/osa1.o
LOAD ./Generated_Code/pin_init.o
LOAD ./Generated_Code/pitTimer1.o
LOAD c:/freescale/kds_3.0.0/toolchain/bin/../lib/gcc/arm-none-eabi/4.8.4/../../../../arm-none-eabi/lib/armv6-m\libstdc++_s.a
LOAD c:/freescale/kds_3.0.0/toolchain/bin/../lib/gcc/arm-none-eabi/4.8.4/../../../../arm-none-eabi/lib/armv6-m\libm.a
START GROUP
LOAD c:/freescale/kds_3.0.0/toolchain/bin/../lib/gcc/arm-none-eabi/4.8.4/armv6-m\libgcc.a
LOAD c:/freescale/kds_3.0.0/toolchain/bin/../lib/gcc/arm-none-eabi/4.8.4/../../../../arm-none-eabi/lib/armv6-m\libg_s.a
LOAD c:/freescale/kds_3.0.0/toolchain/bin/../lib/gcc/arm-none-eabi/4.8.4/../../../../arm-none-eabi/lib/armv6-m\libc_s.a
END GROUP
START GROUP
LOAD c:/freescale/kds_3.0.0/toolchain/bin/../lib/gcc/arm-none-eabi/4.8.4/armv6-m\libgcc.a
LOAD c:/freescale/kds_3.0.0/toolchain/bin/../lib/gcc/arm-none-eabi/4.8.4/../../../../arm-none-eabi/lib/armv6-m\libc_s.a
LOAD c:/freescale/kds_3.0.0/toolchain/bin/../lib/gcc/arm-none-eabi/4.8.4/../../../../arm-none-eabi/lib/armv6-m\libnosys.a
END GROUP
START GROUP
LOAD c:/freescale/kds_3.0.0/toolchain/bin/../lib/gcc/arm-none-eabi/4.8.4/armv6-m\libgcc.a
LOAD c:/freescale/kds_3.0.0/toolchain/bin/../lib/gcc/arm-none-eabi/4.8.4/../../../../arm-none-eabi/lib/armv6-m\libc_s.a
LOAD c:/freescale/kds_3.0.0/toolchain/bin/../lib/gcc/arm-none-eabi/4.8.4/../../../../arm-none-eabi/lib/armv6-m\libnosys.a
END GROUP
LOAD c:/freescale/kds_3.0.0/toolchain/bin/../lib/gcc/arm-none-eabi/4.8.4/armv6-m/crtend.o
LOAD c:/freescale/kds_3.0.0/toolchain/bin/../lib/gcc/arm-none-eabi/4.8.4/armv6-m/crtn.o
                0x00000000                HEAP_SIZE = DEFINED (__heap_size__)?__heap_size__:0x0
                0x00000400                STACK_SIZE = DEFINED (__stack_size__)?__stack_size__:0x400

.interrupts     0x00000000       0xc0
                0x00000000                __VECTOR_TABLE = .
                0x00000000                . = ALIGN (0x4)
 *(.isr_vector)
 .isr_vector    0x00000000       0xc0 ./SDK/platform/devices/MKL25Z4/startup/gcc/startup_MKL25Z4.o
                0x00000000                __isr_vector
                0x000000c0                . = ALIGN (0x4)
                0x1ffff000                __VECTOR_RAM = ORIGIN (m_interrupts_ram)

.flash_config   0x00000400       0x10
                0x00000400                . = ALIGN (0x4)
 *(.FlashConfig)
 .FlashConfig   0x00000400       0x10 ./SDK/platform/devices/MKL25Z4/startup/gcc/startup_MKL25Z4.o
                0x00000410                . = ALIGN (0x4)

.text           0x00000410     0x73bc
                0x00000410                . = ALIGN (0x4)
 *(.text)
 .text          0x00000410       0x60 c:/freescale/kds_3.0.0/toolchain/bin/../lib/gcc/arm-none-eabi/4.8.4/armv6-m/crtbegin.o
 .text          0x00000470       0x78 c:/freescale/kds_3.0.0/toolchain/bin/../lib/gcc/arm-none-eabi/4.8.4/../../../../arm-none-eabi/lib/armv6-m/crt0.o
                0x00000470                _start
                0x00000470                _mainCRTStartup
 .text          0x000004e8       0x18 ./SDK/platform/devices/MKL25Z4/startup/gcc/startup_MKL25Z4.o
                0x000004e8                Reset_Handler
                0x000004f8                HardFault_Handler
                0x000004f8                NMI_Handler
                0x000004f8                I2C1_IRQHandler
                0x000004f8                UART1_IRQHandler
                0x000004f8                DMA2_IRQHandler
                0x000004f8                TPM0_IRQHandler
                0x000004f8                LLWU_IRQHandler
                0x000004f8                TSI0_IRQHandler
                0x000004f8                UART0_IRQHandler
                0x000004f8                ADC0_IRQHandler
                0x000004f8                Reserved39_IRQHandler
                0x000004f8                SPI1_IRQHandler
                0x000004f8                DefaultISR
                0x000004f8                PORTD_IRQHandler
                0x000004f8                TPM2_IRQHandler
                0x000004f8                RTC_IRQHandler
                0x000004f8                I2C0_IRQHandler
                0x000004f8                RTC_Seconds_IRQHandler
                0x000004f8                MCG_IRQHandler
                0x000004f8                UART2_IRQHandler
                0x000004f8                Reserved20_IRQHandler
                0x000004f8                USB0_IRQHandler
                0x000004f8                PIT_IRQHandler
                0x000004f8                DMA3_IRQHandler
                0x000004f8                DMA0_IRQHandler
                0x000004f8                DAC0_IRQHandler
                0x000004f8                Reserved45_IRQHandler
                0x000004f8                TPM1_IRQHandler
                0x000004f8                LVD_LVW_IRQHandler
                0x000004f8                SPI0_IRQHandler
                0x000004f8                PORTA_IRQHandler
                0x000004f8                FTFA_IRQHandler
                0x000004f8                LPTMR0_IRQHandler
                0x000004f8                CMP0_IRQHandler
                0x000004f8                DMA1_IRQHandler
 .text          0x00000500       0x9c c:/freescale/kds_3.0.0/toolchain/bin/../lib/gcc/arm-none-eabi/4.8.4/armv6-m\libgcc.a(_udivsi3.o)
                0x00000500                __aeabi_uidiv
                0x00000500                __udivsi3
                0x00000588                __aeabi_uidivmod
 .text          0x0000059c       0xc0 c:/freescale/kds_3.0.0/toolchain/bin/../lib/gcc/arm-none-eabi/4.8.4/armv6-m\libgcc.a(_divsi3.o)
                0x0000059c                __divsi3
                0x0000059c                __aeabi_idiv
                0x00000648                __aeabi_idivmod
 .text          0x0000065c        0x4 c:/freescale/kds_3.0.0/toolchain/bin/../lib/gcc/arm-none-eabi/4.8.4/armv6-m\libgcc.a(_dvmd_tls.o)
                0x0000065c                __aeabi_idiv0
                0x0000065c                __aeabi_ldiv0
 .text          0x00000660       0x40 c:/freescale/kds_3.0.0/toolchain/bin/../lib/gcc/arm-none-eabi/4.8.4/armv6-m\libgcc.a(_aeabi_uldivmod.o)
                0x00000660                __aeabi_uldivmod
 .text          0x000006a0       0x44 c:/freescale/kds_3.0.0/toolchain/bin/../lib/gcc/arm-none-eabi/4.8.4/armv6-m\libgcc.a(_muldi3.o)
                0x000006a0                __muldi3
                0x000006a0                __aeabi_lmul
 .text          0x000006e4       0x6c c:/freescale/kds_3.0.0/toolchain/bin/../lib/gcc/arm-none-eabi/4.8.4/armv6-m\libgcc.a(bpabi.o)
                0x000006e4                __gnu_ldivmod_helper
                0x0000071c                __gnu_uldivmod_helper
 .text          0x00000750      0x3b8 c:/freescale/kds_3.0.0/toolchain/bin/../lib/gcc/arm-none-eabi/4.8.4/armv6-m\libgcc.a(_divdi3.o)
                0x00000750                __divdi3
 .text          0x00000b08      0x384 c:/freescale/kds_3.0.0/toolchain/bin/../lib/gcc/arm-none-eabi/4.8.4/armv6-m\libgcc.a(_udivdi3.o)
                0x00000b08                __udivdi3
 .text          0x00000e8c       0x3c c:/freescale/kds_3.0.0/toolchain/bin/../lib/gcc/arm-none-eabi/4.8.4/armv6-m\libgcc.a(_clzsi2.o)
                0x00000e8c                __clzsi2
 *(.text*)
 .text.PEX_components_init
                0x00000ec8        0xc ./Static_Code/System/PE_low_level_init.o
                0x00000ec8                PEX_components_init
 .text.PE_low_level_init
                0x00000ed4       0x14 ./Static_Code/System/PE_low_level_init.o
                0x00000ed4                PE_low_level_init
 .text.PIT_HAL_ClearIntFlag
                0x00000ee8       0x44 ./Sources/Events.o
 .text.pitTimer1_IRQHandler
                0x00000f2c      0x150 ./Sources/Events.o
                0x00000f2c                pitTimer1_IRQHandler
 .text.main     0x0000107c       0x54 ./Sources/main.o
                0x0000107c                main
 .text.Task5_task
                0x000010d0       0x28 ./Sources/os_tasks.o
                0x000010d0                Task5_task
 .text.Task4_task
                0x000010f8       0x28 ./Sources/os_tasks.o
                0x000010f8                Task4_task
 .text.Task3_task
                0x00001120       0x28 ./Sources/os_tasks.o
                0x00001120                Task3_task
 .text.Task2_task
                0x00001148       0x28 ./Sources/os_tasks.o
                0x00001148                Task2_task
 .text.Task1_task
                0x00001170       0x28 ./Sources/os_tasks.o
                0x00001170                Task1_task
 .text.Task6_task
                0x00001198       0x14 ./Sources/os_tasks.o
                0x00001198                Task6_task
 .text.pvPortMalloc
                0x000011ac       0x28 ./SDK/rtos/FreeRTOS/src/heap_3.o
                0x000011ac                pvPortMalloc
 .text.vPortFree
                0x000011d4       0x24 ./SDK/rtos/FreeRTOS/src/heap_3.o
                0x000011d4                vPortFree
 .text.vListInitialise
                0x000011f8       0x3c ./SDK/rtos/FreeRTOS/src/list.o
                0x000011f8                vListInitialise
 .text.vListInitialiseItem
                0x00001234       0x14 ./SDK/rtos/FreeRTOS/src/list.o
                0x00001234                vListInitialiseItem
 .text.vListInsertEnd
                0x00001248       0x44 ./SDK/rtos/FreeRTOS/src/list.o
                0x00001248                vListInsertEnd
 .text.vListInsert
                0x0000128c       0x6c ./SDK/rtos/FreeRTOS/src/list.o
                0x0000128c                vListInsert
 .text.uxListRemove
                0x000012f8       0x50 ./SDK/rtos/FreeRTOS/src/list.o
                0x000012f8                uxListRemove
 .text.xQueueGenericReset
                0x00001348       0xac ./SDK/rtos/FreeRTOS/src/queue.o
                0x00001348                xQueueGenericReset
 .text.xQueueGenericCreate
                0x000013f4       0x8c ./SDK/rtos/FreeRTOS/src/queue.o
                0x000013f4                xQueueGenericCreate
 .text.xQueueCreateCountingSemaphore
                0x00001480       0x50 ./SDK/rtos/FreeRTOS/src/queue.o
                0x00001480                xQueueCreateCountingSemaphore
 .text.xQueueGenericSend
                0x000014d0      0x180 ./SDK/rtos/FreeRTOS/src/queue.o
                0x000014d0                xQueueGenericSend
 .text.xQueueGenericSendFromISR
                0x00001650       0xcc ./SDK/rtos/FreeRTOS/src/queue.o
                0x00001650                xQueueGenericSendFromISR
 .text.xQueueGenericReceive
                0x0000171c      0x1bc ./SDK/rtos/FreeRTOS/src/queue.o
                0x0000171c                xQueueGenericReceive
 .text.prvCopyDataToQueue
                0x000018d8       0xd4 ./SDK/rtos/FreeRTOS/src/queue.o
 .text.prvCopyDataFromQueue
                0x000019ac       0x50 ./SDK/rtos/FreeRTOS/src/queue.o
 .text.prvUnlockQueue
                0x000019fc       0x98 ./SDK/rtos/FreeRTOS/src/queue.o
 .text.prvIsQueueEmpty
                0x00001a94       0x2c ./SDK/rtos/FreeRTOS/src/queue.o
 .text.prvIsQueueFull
                0x00001ac0       0x30 ./SDK/rtos/FreeRTOS/src/queue.o
 .text.vQueueWaitForMessageRestricted
                0x00001af0       0x58 ./SDK/rtos/FreeRTOS/src/queue.o
                0x00001af0                vQueueWaitForMessageRestricted
 .text.xTaskGenericCreate
                0x00001b48      0x174 ./SDK/rtos/FreeRTOS/src/tasks.o
                0x00001b48                xTaskGenericCreate
 .text.vTaskStartScheduler
                0x00001cbc       0x74 ./SDK/rtos/FreeRTOS/src/tasks.o
                0x00001cbc                vTaskStartScheduler
 .text.vTaskSuspendAll
                0x00001d30       0x18 ./SDK/rtos/FreeRTOS/src/tasks.o
                0x00001d30                vTaskSuspendAll
 .text.xTaskResumeAll
                0x00001d48      0x108 ./SDK/rtos/FreeRTOS/src/tasks.o
                0x00001d48                xTaskResumeAll
 .text.xTaskGetTickCount
                0x00001e50       0x24 ./SDK/rtos/FreeRTOS/src/tasks.o
                0x00001e50                xTaskGetTickCount
 .text.uxTaskGetNumberOfTasks
                0x00001e74       0x14 ./SDK/rtos/FreeRTOS/src/tasks.o
                0x00001e74                uxTaskGetNumberOfTasks
 .text.uxTaskGetSystemState
                0x00001e88       0xfc ./SDK/rtos/FreeRTOS/src/tasks.o
                0x00001e88                uxTaskGetSystemState
 .text.xTaskIncrementTick
                0x00001f84      0x16c ./SDK/rtos/FreeRTOS/src/tasks.o
                0x00001f84                xTaskIncrementTick
 .text.vTaskSwitchContext
                0x000020f0       0xa0 ./SDK/rtos/FreeRTOS/src/tasks.o
                0x000020f0                vTaskSwitchContext
 .text.vTaskPlaceOnEventList
                0x00002190       0x6c ./SDK/rtos/FreeRTOS/src/tasks.o
                0x00002190                vTaskPlaceOnEventList
 .text.vTaskPlaceOnEventListRestricted
                0x000021fc       0x50 ./SDK/rtos/FreeRTOS/src/tasks.o
                0x000021fc                vTaskPlaceOnEventListRestricted
 .text.xTaskRemoveFromEventList
                0x0000224c       0xb8 ./SDK/rtos/FreeRTOS/src/tasks.o
                0x0000224c                xTaskRemoveFromEventList
 .text.vTaskSetTimeOutState
                0x00002304       0x30 ./SDK/rtos/FreeRTOS/src/tasks.o
                0x00002304                vTaskSetTimeOutState
 .text.xTaskCheckForTimeOut
                0x00002334       0x9c ./SDK/rtos/FreeRTOS/src/tasks.o
                0x00002334                xTaskCheckForTimeOut
 .text.vTaskMissedYield
                0x000023d0       0x14 ./SDK/rtos/FreeRTOS/src/tasks.o
                0x000023d0                vTaskMissedYield
 .text.prvIdleTask
                0x000023e4       0x20 ./SDK/rtos/FreeRTOS/src/tasks.o
 .text.prvInitialiseTCBVariables
                0x00002404       0x90 ./SDK/rtos/FreeRTOS/src/tasks.o
 .text.prvInitialiseTaskLists
                0x00002494       0x88 ./SDK/rtos/FreeRTOS/src/tasks.o
 .text.prvCheckTasksWaitingTermination
                0x0000251c       0x74 ./SDK/rtos/FreeRTOS/src/tasks.o
 .text.prvAddCurrentTaskToDelayedList
                0x00002590       0x6c ./SDK/rtos/FreeRTOS/src/tasks.o
 .text.prvAllocateTCBAndStack
                0x000025fc       0x70 ./SDK/rtos/FreeRTOS/src/tasks.o
 .text.prvListTaskWithinSingleList
                0x0000266c      0x11c ./SDK/rtos/FreeRTOS/src/tasks.o
 .text.prvTaskCheckFreeStackSpace
                0x00002788       0x34 ./SDK/rtos/FreeRTOS/src/tasks.o
 .text.prvDeleteTCB
                0x000027bc       0x20 ./SDK/rtos/FreeRTOS/src/tasks.o
 .text.prvResetNextTaskUnblockTime
                0x000027dc       0x44 ./SDK/rtos/FreeRTOS/src/tasks.o
 .text.xTaskGetCurrentTaskHandle
                0x00002820       0x1c ./SDK/rtos/FreeRTOS/src/tasks.o
                0x00002820                xTaskGetCurrentTaskHandle
 .text.xTaskGetSchedulerState
                0x0000283c       0x38 ./SDK/rtos/FreeRTOS/src/tasks.o
                0x0000283c                xTaskGetSchedulerState
 .text.vTaskPriorityInherit
                0x00002874       0xbc ./SDK/rtos/FreeRTOS/src/tasks.o
                0x00002874                vTaskPriorityInherit
 .text.vTaskPriorityDisinherit
                0x00002930       0x84 ./SDK/rtos/FreeRTOS/src/tasks.o
                0x00002930                vTaskPriorityDisinherit
 .text.xTimerCreateTimerTask
                0x000029b4       0x60 ./SDK/rtos/FreeRTOS/src/timers.o
                0x000029b4                xTimerCreateTimerTask
 .text.xTimerGenericCommand
                0x00002a14       0xa0 ./SDK/rtos/FreeRTOS/src/timers.o
                0x00002a14                xTimerGenericCommand
 .text.prvProcessExpiredTimer
                0x00002ab4       0x74 ./SDK/rtos/FreeRTOS/src/timers.o
 .text.prvTimerTask
                0x00002b28       0x28 ./SDK/rtos/FreeRTOS/src/timers.o
 .text.prvProcessTimerOrBlockTask
                0x00002b50       0x74 ./SDK/rtos/FreeRTOS/src/timers.o
 .text.prvGetNextExpireTime
                0x00002bc4       0x40 ./SDK/rtos/FreeRTOS/src/timers.o
 .text.prvSampleTimeNow
                0x00002c04       0x40 ./SDK/rtos/FreeRTOS/src/timers.o
 .text.prvInsertTimerInActiveList
                0x00002c44       0x84 ./SDK/rtos/FreeRTOS/src/timers.o
 .text.prvProcessReceivedCommands
                0x00002cc8      0x140 ./SDK/rtos/FreeRTOS/src/timers.o
 .text.prvSwitchTimerLists
                0x00002e08       0xb8 ./SDK/rtos/FreeRTOS/src/timers.o
 .text.prvCheckForValidListAndQueue
                0x00002ec0       0x64 ./SDK/rtos/FreeRTOS/src/timers.o
 .text.pxPortInitialiseStack
                0x00002f24       0x50 ./SDK/rtos/FreeRTOS/port/gcc/port.o
                0x00002f24                pxPortInitialiseStack
 .text.vPortInitTickTimer
                0x00002f74       0x3c ./SDK/rtos/FreeRTOS/port/gcc/port.o
                0x00002f74                vPortInitTickTimer
 .text.vPortStartTickTimer
                0x00002fb0       0x14 ./SDK/rtos/FreeRTOS/port/gcc/port.o
                0x00002fb0                vPortStartTickTimer
 .text.xPortStartScheduler
                0x00002fc4       0x34 ./SDK/rtos/FreeRTOS/port/gcc/port.o
                0x00002fc4                xPortStartScheduler
 .text.vPortEnterCritical
                0x00002ff8       0x20 ./SDK/rtos/FreeRTOS/port/gcc/port.o
                0x00002ff8                vPortEnterCritical
 .text.vPortExitCritical
                0x00003018       0x20 ./SDK/rtos/FreeRTOS/port/gcc/port.o
                0x00003018                vPortExitCritical
 .text.vPortYieldFromISR
                0x00003038       0x1c ./SDK/rtos/FreeRTOS/port/gcc/port.o
                0x00003038                vPortYieldFromISR
 .text.SysTick_Handler
                0x00003054       0x1c ./SDK/rtos/FreeRTOS/port/gcc/port.o
                0x00003054                SysTick_Handler
 .text.vPortStartFirstTask
                0x00003070       0x1c ./SDK/rtos/FreeRTOS/port/gcc/port.o
                0x00003070                vPortStartFirstTask
 .text.SVC_Handler
                0x0000308c       0x28 ./SDK/rtos/FreeRTOS/port/gcc/port.o
                0x0000308c                SVC_Handler
 .text.PendSV_Handler
                0x000030b4       0x44 ./SDK/rtos/FreeRTOS/port/gcc/port.o
                0x000030b4                PendSV_Handler
 .text.UART_HAL_EnableTransmitter
                0x000030f8       0x1c ./SDK/platform/utilities/src/fsl_debug_console.o
 .text.UART_HAL_EnableReceiver
                0x00003114       0x1c ./SDK/platform/utilities/src/fsl_debug_console.o
 .text.UART_HAL_SetBitCountPerChar
                0x00003130       0x28 ./SDK/platform/utilities/src/fsl_debug_console.o
 .text.UART_HAL_SetStopBitCount
                0x00003158       0x28 ./SDK/platform/utilities/src/fsl_debug_console.o
 .text.LPSCI_HAL_EnableTransmitter
                0x00003180       0x1c ./SDK/platform/utilities/src/fsl_debug_console.o
 .text.LPSCI_HAL_EnableReceiver
                0x0000319c       0x1c ./SDK/platform/utilities/src/fsl_debug_console.o
 .text.LPSCI_HAL_SetBitCountPerChar
                0x000031b8       0x28 ./SDK/platform/utilities/src/fsl_debug_console.o
 .text.LPSCI_HAL_SetStopBitCount
                0x000031e0       0x28 ./SDK/platform/utilities/src/fsl_debug_console.o
 .text.DbgConsole_Init
                0x00003208      0x160 ./SDK/platform/utilities/src/fsl_debug_console.o
                0x00003208                DbgConsole_Init
 .text._write   0x00003368       0x5c ./SDK/platform/utilities/src/fsl_debug_console.o
                0x00003368                _write
 .text._read    0x000033c4       0x48 ./SDK/platform/utilities/src/fsl_debug_console.o
                0x000033c4                _read
 .text.debug_printf
                0x0000340c       0x4c ./SDK/platform/utilities/src/fsl_debug_console.o
                0x0000340c                debug_printf
 .text.debug_putc
                0x00003458       0x44 ./SDK/platform/utilities/src/fsl_debug_console.o
 .text.debug_getchar
                0x0000349c       0x38 ./SDK/platform/utilities/src/fsl_debug_console.o
                0x0000349c                debug_getchar
 .text._doprint
                0x000034d4      0x6e4 ./SDK/platform/utilities/src/print_scan.o
                0x000034d4                _doprint
 .text.mknumstr
                0x00003bb8      0x110 ./SDK/platform/utilities/src/print_scan.o
 .text.fput_pad
                0x00003cc8       0x44 ./SDK/platform/utilities/src/print_scan.o
 .text.INT_SYS_InstallHandler
                0x00003d0c       0x84 ./SDK/platform/system/src/interrupt/fsl_interrupt_manager.o
                0x00003d0c                INT_SYS_InstallHandler
 .text.SIM_HAL_EnableClock
                0x00003d90       0x58 ./SDK/platform/system/src/clock/MKL25Z4/fsl_clock_MKL25Z4.o
 .text.CLOCK_HAL_GetLpsciSrc
                0x00003de8       0x28 ./SDK/platform/system/src/clock/MKL25Z4/fsl_clock_MKL25Z4.o
 .text.CLOCK_HAL_GetPllfllSel
                0x00003e10       0x24 ./SDK/platform/system/src/clock/MKL25Z4/fsl_clock_MKL25Z4.o
 .text.CLOCK_HAL_GetOutDiv1
                0x00003e34       0x28 ./SDK/platform/system/src/clock/MKL25Z4/fsl_clock_MKL25Z4.o
 .text.CLOCK_HAL_GetOutDiv4
                0x00003e5c       0x28 ./SDK/platform/system/src/clock/MKL25Z4/fsl_clock_MKL25Z4.o
 .text.OSC_HAL_GetExternalRefClkCmd
                0x00003e84       0x24 ./SDK/platform/system/src/clock/MKL25Z4/fsl_clock_MKL25Z4.o
 .text.CLOCK_SYS_GetSystemClockFreq
                0x00003ea8       0x34 ./SDK/platform/system/src/clock/MKL25Z4/fsl_clock_MKL25Z4.o
                0x00003ea8                CLOCK_SYS_GetSystemClockFreq
 .text.CLOCK_SYS_GetBusClockFreq
                0x00003edc       0x2c ./SDK/platform/system/src/clock/MKL25Z4/fsl_clock_MKL25Z4.o
                0x00003edc                CLOCK_SYS_GetBusClockFreq
 .text.CLOCK_SYS_GetPllFllClockFreq
                0x00003f08       0x5c ./SDK/platform/system/src/clock/MKL25Z4/fsl_clock_MKL25Z4.o
                0x00003f08                CLOCK_SYS_GetPllFllClockFreq
 .text.CLOCK_SYS_GetOsc0ExternalRefClockFreq
                0x00003f64       0x2c ./SDK/platform/system/src/clock/MKL25Z4/fsl_clock_MKL25Z4.o
                0x00003f64                CLOCK_SYS_GetOsc0ExternalRefClockFreq
 .text.CLOCK_SYS_GetLpsciFreq
                0x00003f90       0x68 ./SDK/platform/system/src/clock/MKL25Z4/fsl_clock_MKL25Z4.o
                0x00003f90                CLOCK_SYS_GetLpsciFreq
 .text.CLOCK_SYS_GetUartFreq
                0x00003ff8       0x2c ./SDK/platform/system/src/clock/MKL25Z4/fsl_clock_MKL25Z4.o
                0x00003ff8                CLOCK_SYS_GetUartFreq
 .text.CLOCK_SYS_EnablePortClock
                0x00004024       0x4c ./SDK/platform/system/src/clock/MKL25Z4/fsl_clock_MKL25Z4.o
                0x00004024                CLOCK_SYS_EnablePortClock
 .text.CLOCK_SYS_EnableLpsciClock
                0x00004070       0x40 ./SDK/platform/system/src/clock/MKL25Z4/fsl_clock_MKL25Z4.o
                0x00004070                CLOCK_SYS_EnableLpsciClock
 .text.CLOCK_SYS_EnableUartClock
                0x000040b0       0x4c ./SDK/platform/system/src/clock/MKL25Z4/fsl_clock_MKL25Z4.o
                0x000040b0                CLOCK_SYS_EnableUartClock
 .text.OSA_SemaCreate
                0x000040fc       0x58 ./SDK/platform/osa/src/fsl_os_abstraction_free_rtos.o
                0x000040fc                OSA_SemaCreate
 .text.OSA_SemaWait
                0x00004154       0x78 ./SDK/platform/osa/src/fsl_os_abstraction_free_rtos.o
                0x00004154                OSA_SemaWait
 .text.OSA_TaskCreate
                0x000041cc       0x50 ./SDK/platform/osa/src/fsl_os_abstraction_free_rtos.o
                0x000041cc                OSA_TaskCreate
 .text.OSA_InstallIntHandler
                0x0000421c       0x24 ./SDK/platform/osa/src/fsl_os_abstraction_free_rtos.o
                0x0000421c                OSA_InstallIntHandler
 .text.OSA_Init
                0x00004240        0xc ./SDK/platform/osa/src/fsl_os_abstraction_free_rtos.o
                0x00004240                OSA_Init
 .text.OSA_Start
                0x0000424c       0x10 ./SDK/platform/osa/src/fsl_os_abstraction_free_rtos.o
                0x0000424c                OSA_Start
 .text.UART_HAL_SetBaudRate
                0x0000425c       0x6c ./SDK/platform/hal/src/uart/fsl_uart_hal.o
                0x0000425c                UART_HAL_SetBaudRate
 .text.UART_HAL_SetParityMode
                0x000042c8       0x40 ./SDK/platform/hal/src/uart/fsl_uart_hal.o
                0x000042c8                UART_HAL_SetParityMode
 .text.UART_HAL_Putchar
                0x00004308       0x34 ./SDK/platform/hal/src/uart/fsl_uart_hal.o
                0x00004308                UART_HAL_Putchar
 .text.UART_HAL_Getchar
                0x0000433c       0x34 ./SDK/platform/hal/src/uart/fsl_uart_hal.o
                0x0000433c                UART_HAL_Getchar
 .text.UART_HAL_SendDataPolling
                0x00004370       0x44 ./SDK/platform/hal/src/uart/fsl_uart_hal.o
                0x00004370                UART_HAL_SendDataPolling
 .text.UART_HAL_ReceiveDataPolling
                0x000043b4       0xa4 ./SDK/platform/hal/src/uart/fsl_uart_hal.o
                0x000043b4                UART_HAL_ReceiveDataPolling
 .text.CLOCK_HAL_GetClkOutStat
                0x00004458       0x20 ./SDK/platform/hal/src/mcg/fsl_mcg_hal.o
 .text.CLOCK_HAL_IsPllSelected
                0x00004478       0x24 ./SDK/platform/hal/src/mcg/fsl_mcg_hal.o
 .text.CLOCK_HAL_GetMcgExternalClkFreq
                0x0000449c       0x18 ./SDK/platform/hal/src/mcg/fsl_mcg_hal.o
 .text.CLOCK_HAL_TestFllExternalRefFreq
                0x000044b4       0x7c ./SDK/platform/hal/src/mcg/fsl_mcg_hal.o
                0x000044b4                CLOCK_HAL_TestFllExternalRefFreq
 .text.CLOCK_HAL_GetFllRefClk
                0x00004530       0x8c ./SDK/platform/hal/src/mcg/fsl_mcg_hal.o
                0x00004530                CLOCK_HAL_GetFllRefClk
 .text.CLOCK_HAL_TestFllFreq
                0x000045bc       0x6c ./SDK/platform/hal/src/mcg/fsl_mcg_hal.o
                0x000045bc                CLOCK_HAL_TestFllFreq
 .text.CLOCK_HAL_GetFllClk
                0x00004628       0x7c ./SDK/platform/hal/src/mcg/fsl_mcg_hal.o
                0x00004628                CLOCK_HAL_GetFllClk
 .text.CLOCK_HAL_GetPll0RefFreq
                0x000046a4       0x1c ./SDK/platform/hal/src/mcg/fsl_mcg_hal.o
                0x000046a4                CLOCK_HAL_GetPll0RefFreq
 .text.CLOCK_HAL_GetPll0Clk
                0x000046c0       0x90 ./SDK/platform/hal/src/mcg/fsl_mcg_hal.o
                0x000046c0                CLOCK_HAL_GetPll0Clk
 .text.CLOCK_HAL_GetInternalRefClk
                0x00004750       0x64 ./SDK/platform/hal/src/mcg/fsl_mcg_hal.o
                0x00004750                CLOCK_HAL_GetInternalRefClk
 .text.CLOCK_HAL_GetOutClk
                0x000047b4       0x7c ./SDK/platform/hal/src/mcg/fsl_mcg_hal.o
                0x000047b4                CLOCK_HAL_GetOutClk
 .text.LPSCI_HAL_Putchar
                0x00004830       0x1c ./SDK/platform/hal/src/lpsci/fsl_lpsci_hal.o
 .text.LPSCI_HAL_Getchar
                0x0000484c       0x1c ./SDK/platform/hal/src/lpsci/fsl_lpsci_hal.o
 .text.LPSCI_HAL_SetBaudRate
                0x00004868      0x14c ./SDK/platform/hal/src/lpsci/fsl_lpsci_hal.o
                0x00004868                LPSCI_HAL_SetBaudRate
 .text.LPSCI_HAL_SetParityMode
                0x000049b4       0x40 ./SDK/platform/hal/src/lpsci/fsl_lpsci_hal.o
                0x000049b4                LPSCI_HAL_SetParityMode
 .text.LPSCI_HAL_SendDataPolling
                0x000049f4       0x44 ./SDK/platform/hal/src/lpsci/fsl_lpsci_hal.o
                0x000049f4                LPSCI_HAL_SendDataPolling
 .text.LPSCI_HAL_ReceiveDataPolling
                0x00004a38       0x88 ./SDK/platform/hal/src/lpsci/fsl_lpsci_hal.o
                0x00004a38                LPSCI_HAL_ReceiveDataPolling
 .text.GPIO_HAL_SetPinDir
                0x00004ac0       0x6c ./SDK/platform/hal/src/gpio/fsl_gpio_hal.o
                0x00004ac0                GPIO_HAL_SetPinDir
 .text.GPIO_HAL_WritePinOutput
                0x00004b2c       0x50 ./SDK/platform/hal/src/gpio/fsl_gpio_hal.o
                0x00004b2c                GPIO_HAL_WritePinOutput
 .text.NVIC_EnableIRQ
                0x00004b7c       0x2c ./SDK/platform/drivers/src/pit/fsl_pit_driver.o
 .text.PIT_HAL_Enable
                0x00004ba8       0x1c ./SDK/platform/drivers/src/pit/fsl_pit_driver.o
 .text.PIT_HAL_SetTimerRunInDebugCmd
                0x00004bc4       0x28 ./SDK/platform/drivers/src/pit/fsl_pit_driver.o
 .text.PIT_HAL_StartTimer
                0x00004bec       0x48 ./SDK/platform/drivers/src/pit/fsl_pit_driver.o
 .text.PIT_HAL_SetTimerPeriodByCount
                0x00004c34       0x40 ./SDK/platform/drivers/src/pit/fsl_pit_driver.o
 .text.PIT_HAL_SetIntCmd
                0x00004c74       0x50 ./SDK/platform/drivers/src/pit/fsl_pit_driver.o
 .text.SIM_HAL_EnableClock
                0x00004cc4       0x58 ./SDK/platform/drivers/src/pit/fsl_pit_driver.o
 .text.CLOCK_SYS_GetPitFreq
                0x00004d1c       0x18 ./SDK/platform/drivers/src/pit/fsl_pit_driver.o
 .text.CLOCK_SYS_EnablePitClock
                0x00004d34       0x1c ./SDK/platform/drivers/src/pit/fsl_pit_driver.o
 .text.INT_SYS_EnableIRQ
                0x00004d50       0x5c ./SDK/platform/drivers/src/pit/fsl_pit_driver.o
 .text.PIT_DRV_Init
                0x00004dac       0x80 ./SDK/platform/drivers/src/pit/fsl_pit_driver.o
                0x00004dac                PIT_DRV_Init
 .text.PIT_DRV_InitChannel
                0x00004e2c       0x80 ./SDK/platform/drivers/src/pit/fsl_pit_driver.o
                0x00004e2c                PIT_DRV_InitChannel
 .text.PIT_DRV_StartTimer
                0x00004eac       0x4c ./SDK/platform/drivers/src/pit/fsl_pit_driver.o
                0x00004eac                PIT_DRV_StartTimer
 .text.PIT_DRV_SetTimerPeriodByUs
                0x00004ef8       0x98 ./SDK/platform/drivers/src/pit/fsl_pit_driver.o
                0x00004ef8                PIT_DRV_SetTimerPeriodByUs
 .text.NVIC_EnableIRQ
                0x00004f90       0x2c ./SDK/platform/drivers/src/gpio/fsl_gpio_driver.o
 .text.PORT_HAL_SetPullCmd
                0x00004fbc       0x4c ./SDK/platform/drivers/src/gpio/fsl_gpio_driver.o
 .text.PORT_HAL_SetSlewRateMode
                0x00005008       0x4c ./SDK/platform/drivers/src/gpio/fsl_gpio_driver.o
 .text.PORT_HAL_SetPassiveFilterCmd
                0x00005054       0x4c ./SDK/platform/drivers/src/gpio/fsl_gpio_driver.o
 .text.PORT_HAL_SetDriveStrengthMode
                0x000050a0       0x4c ./SDK/platform/drivers/src/gpio/fsl_gpio_driver.o
 .text.PORT_HAL_SetMuxMode
                0x000050ec       0x4c ./SDK/platform/drivers/src/gpio/fsl_gpio_driver.o
 .text.PORT_HAL_SetPinIntMode
                0x00005138       0x4c ./SDK/platform/drivers/src/gpio/fsl_gpio_driver.o
 .text.INT_SYS_EnableIRQ
                0x00005184       0x5c ./SDK/platform/drivers/src/gpio/fsl_gpio_driver.o
 .text.GPIO_DRV_Init
                0x000051e0       0x4c ./SDK/platform/drivers/src/gpio/fsl_gpio_driver.o
                0x000051e0                GPIO_DRV_Init
 .text.GPIO_DRV_InputPinInit
                0x0000522c       0xc4 ./SDK/platform/drivers/src/gpio/fsl_gpio_driver.o
                0x0000522c                GPIO_DRV_InputPinInit
 .text.GPIO_DRV_OutputPinInit
                0x000052f0       0x9c ./SDK/platform/drivers/src/gpio/fsl_gpio_driver.o
                0x000052f0                GPIO_DRV_OutputPinInit
 .text.SystemInit
                0x0000538c      0x178 ./SDK/platform/devices/MKL25Z4/startup/system_MKL25Z4.o
                0x0000538c                SystemInit
 .text.init_data_bss
                0x00005504       0xc8 ./SDK/platform/devices/startup.o
                0x00005504                init_data_bss
 .text.CLOCK_HAL_SetLpsciSrc
                0x000055cc       0x30 ./Generated_Code/Cpu.o
 .text.CLOCK_SYS_SetLpsciSrc
                0x000055fc       0x2c ./Generated_Code/Cpu.o
 .text.Components_Init
                0x00005628       0x78 ./Generated_Code/Cpu.o
                0x00005628                Components_Init
 .text.Task1_Init
                0x000056a0       0x4c ./Generated_Code/Task1.o
                0x000056a0                Task1_Init
 .text.Task2_Init
                0x000056ec       0x4c ./Generated_Code/Task2.o
                0x000056ec                Task2_Init
 .text.Task3_Init
                0x00005738       0x4c ./Generated_Code/Task3.o
                0x00005738                Task3_Init
 .text.Task4_Init
                0x00005784       0x4c ./Generated_Code/Task4.o
                0x00005784                Task4_Init
 .text.Task5_Init
                0x000057d0       0x4c ./Generated_Code/Task5.o
                0x000057d0                Task5_Init
 .text.TaskMaster_Init
                0x0000581c       0x4c ./Generated_Code/TaskMaster.o
                0x0000581c                TaskMaster_Init
 .text.SIM_HAL_EnableClock
                0x00005868       0x58 ./Generated_Code/hardware_init.o
 .text.hardware_init
                0x000058c0       0x6c ./Generated_Code/hardware_init.o
                0x000058c0                hardware_init
 .text.PORT_HAL_SetPullCmd
                0x0000592c       0x4c ./Generated_Code/pin_init.o
 .text.PORT_HAL_SetMuxMode
                0x00005978       0x4c ./Generated_Code/pin_init.o
 .text.SIM_HAL_SetLpsciRxSrcMode
                0x000059c4       0x2c ./Generated_Code/pin_init.o
 .text.init_gpio_pins
                0x000059f0       0x6c ./Generated_Code/pin_init.o
                0x000059f0                init_gpio_pins
 .text.init_osc_pins
                0x00005a5c       0x2c ./Generated_Code/pin_init.o
                0x00005a5c                init_osc_pins
 .text.init_rcm_pins
                0x00005a88       0x20 ./Generated_Code/pin_init.o
                0x00005a88                init_rcm_pins
 .text.init_swd_pins
                0x00005aa8       0x2c ./Generated_Code/pin_init.o
                0x00005aa8                init_swd_pins
 .text.init_uart0_pins
                0x00005ad4       0x3c ./Generated_Code/pin_init.o
                0x00005ad4                init_uart0_pins
 .text.__assert_func
                0x00005b10       0x3c c:/freescale/kds_3.0.0/toolchain/bin/../lib/gcc/arm-none-eabi/4.8.4/../../../../arm-none-eabi/lib/armv6-m\libg_s.a(lib_a-assert.o)
                0x00005b10                __assert_func
 .text.exit     0x00005b4c       0x2c c:/freescale/kds_3.0.0/toolchain/bin/../lib/gcc/arm-none-eabi/4.8.4/../../../../arm-none-eabi/lib/armv6-m\libg_s.a(lib_a-exit.o)
                0x00005b4c                exit
 .text.fprintf  0x00005b78       0x24 c:/freescale/kds_3.0.0/toolchain/bin/../lib/gcc/arm-none-eabi/4.8.4/../../../../arm-none-eabi/lib/armv6-m\libg_s.a(lib_a-fprintf.o)
                0x00005b78                fiprintf
                0x00005b78                fprintf
 .text.__libc_init_array
                0x00005b9c       0x4c c:/freescale/kds_3.0.0/toolchain/bin/../lib/gcc/arm-none-eabi/4.8.4/../../../../arm-none-eabi/lib/armv6-m\libg_s.a(lib_a-init.o)
                0x00005b9c                __libc_init_array
 .text.malloc   0x00005be8       0x14 c:/freescale/kds_3.0.0/toolchain/bin/../lib/gcc/arm-none-eabi/4.8.4/../../../../arm-none-eabi/lib/armv6-m\libg_s.a(lib_a-malloc.o)
                0x00005be8                malloc
 .text.free     0x00005bfc       0x14 c:/freescale/kds_3.0.0/toolchain/bin/../lib/gcc/arm-none-eabi/4.8.4/../../../../arm-none-eabi/lib/armv6-m\libg_s.a(lib_a-malloc.o)
                0x00005bfc                free
 .text.memcpy   0x00005c10       0x12 c:/freescale/kds_3.0.0/toolchain/bin/../lib/gcc/arm-none-eabi/4.8.4/../../../../arm-none-eabi/lib/armv6-m\libg_s.a(lib_a-memcpy-stub.o)
                0x00005c10                memcpy
 .text.memset   0x00005c22       0x10 c:/freescale/kds_3.0.0/toolchain/bin/../lib/gcc/arm-none-eabi/4.8.4/../../../../arm-none-eabi/lib/armv6-m\libg_s.a(lib_a-memset.o)
                0x00005c22                memset
 *fill*         0x00005c32        0x2 
 .text._free_r  0x00005c34       0x90 c:/freescale/kds_3.0.0/toolchain/bin/../lib/gcc/arm-none-eabi/4.8.4/../../../../arm-none-eabi/lib/armv6-m\libg_s.a(lib_a-nano-freer.o)
                0x00005c34                _free_r
 .text._malloc_r
                0x00005cc4       0xa8 c:/freescale/kds_3.0.0/toolchain/bin/../lib/gcc/arm-none-eabi/4.8.4/../../../../arm-none-eabi/lib/armv6-m\libg_s.a(lib_a-nano-mallocr.o)
                0x00005cc4                _malloc_r
 .text._sbrk_r  0x00005d6c       0x24 c:/freescale/kds_3.0.0/toolchain/bin/../lib/gcc/arm-none-eabi/4.8.4/../../../../arm-none-eabi/lib/armv6-m\libg_s.a(lib_a-sbrkr.o)
                0x00005d6c                _sbrk_r
 .text.strlen   0x00005d90        0xe c:/freescale/kds_3.0.0/toolchain/bin/../lib/gcc/arm-none-eabi/4.8.4/../../../../arm-none-eabi/lib/armv6-m\libg_s.a(lib_a-strlen.o)
                0x00005d90                strlen
 .text.__sfputc_r
                0x00005d9e       0x2a c:/freescale/kds_3.0.0/toolchain/bin/../lib/gcc/arm-none-eabi/4.8.4/../../../../arm-none-eabi/lib/armv6-m\libg_s.a(lib_a-vfprintf.o)
 .text.__sfputs_r
                0x00005dc8       0x24 c:/freescale/kds_3.0.0/toolchain/bin/../lib/gcc/arm-none-eabi/4.8.4/../../../../arm-none-eabi/lib/armv6-m\libg_s.a(lib_a-vfprintf.o)
                0x00005dc8                __sfputs_r
 .text._vfprintf_r
                0x00005dec      0x210 c:/freescale/kds_3.0.0/toolchain/bin/../lib/gcc/arm-none-eabi/4.8.4/../../../../arm-none-eabi/lib/armv6-m\libg_s.a(lib_a-vfprintf.o)
                0x00005dec                _vfprintf_r
                0x00005dec                _vfiprintf_r
 .text._printf_common
                0x00005ffc       0xe8 c:/freescale/kds_3.0.0/toolchain/bin/../lib/gcc/arm-none-eabi/4.8.4/../../../../arm-none-eabi/lib/armv6-m\libg_s.a(lib_a-vfprintf_i.o)
                0x00005ffc                _printf_common
 .text._printf_i
                0x000060e4      0x22c c:/freescale/kds_3.0.0/toolchain/bin/../lib/gcc/arm-none-eabi/4.8.4/../../../../arm-none-eabi/lib/armv6-m\libg_s.a(lib_a-vfprintf_i.o)
                0x000060e4                _printf_i
 .text.__swbuf_r
                0x00006310       0xb0 c:/freescale/kds_3.0.0/toolchain/bin/../lib/gcc/arm-none-eabi/4.8.4/../../../../arm-none-eabi/lib/armv6-m\libg_s.a(lib_a-wbuf.o)
                0x00006310                __swbuf_r
 .text.__swsetup_r
                0x000063c0       0xe4 c:/freescale/kds_3.0.0/toolchain/bin/../lib/gcc/arm-none-eabi/4.8.4/../../../../arm-none-eabi/lib/armv6-m\libg_s.a(lib_a-wsetup.o)
                0x000063c0                __swsetup_r
 .text.abort    0x000064a4        0xe c:/freescale/kds_3.0.0/toolchain/bin/../lib/gcc/arm-none-eabi/4.8.4/../../../../arm-none-eabi/lib/armv6-m\libg_s.a(lib_a-abort.o)
                0x000064a4                abort
 .text.__sflush_r
                0x000064b2      0x112 c:/freescale/kds_3.0.0/toolchain/bin/../lib/gcc/arm-none-eabi/4.8.4/../../../../arm-none-eabi/lib/armv6-m\libg_s.a(lib_a-fflush.o)
                0x000064b2                __sflush_r
 .text._fflush_r
                0x000065c4       0x58 c:/freescale/kds_3.0.0/toolchain/bin/../lib/gcc/arm-none-eabi/4.8.4/../../../../arm-none-eabi/lib/armv6-m\libg_s.a(lib_a-fflush.o)
                0x000065c4                _fflush_r
 .text._cleanup_r
                0x0000661c       0x34 c:/freescale/kds_3.0.0/toolchain/bin/../lib/gcc/arm-none-eabi/4.8.4/../../../../arm-none-eabi/lib/armv6-m\libg_s.a(lib_a-findfp.o)
                0x0000661c                _cleanup_r
 .text.std.isra.0
                0x00006650       0x48 c:/freescale/kds_3.0.0/toolchain/bin/../lib/gcc/arm-none-eabi/4.8.4/../../../../arm-none-eabi/lib/armv6-m\libg_s.a(lib_a-findfp.o)
 .text.__sfmoreglue
                0x00006698       0x2c c:/freescale/kds_3.0.0/toolchain/bin/../lib/gcc/arm-none-eabi/4.8.4/../../../../arm-none-eabi/lib/armv6-m\libg_s.a(lib_a-findfp.o)
                0x00006698                __sfmoreglue
 .text.__sinit  0x000066c4       0x64 c:/freescale/kds_3.0.0/toolchain/bin/../lib/gcc/arm-none-eabi/4.8.4/../../../../arm-none-eabi/lib/armv6-m\libg_s.a(lib_a-findfp.o)
                0x000066c4                __sinit
 .text.__sfp    0x00006728       0x7c c:/freescale/kds_3.0.0/toolchain/bin/../lib/gcc/arm-none-eabi/4.8.4/../../../../arm-none-eabi/lib/armv6-m\libg_s.a(lib_a-findfp.o)
                0x00006728                __sfp
 .text.__smakebuf_r
                0x000067a4       0xa0 c:/freescale/kds_3.0.0/toolchain/bin/../lib/gcc/arm-none-eabi/4.8.4/../../../../arm-none-eabi/lib/armv6-m\libg_s.a(lib_a-makebuf.o)
                0x000067a4                __smakebuf_r
 .text.memchr   0x00006844       0x16 c:/freescale/kds_3.0.0/toolchain/bin/../lib/gcc/arm-none-eabi/4.8.4/../../../../arm-none-eabi/lib/armv6-m\libg_s.a(lib_a-memchr-stub.o)
                0x00006844                memchr
 .text._raise_r
                0x0000685a       0x56 c:/freescale/kds_3.0.0/toolchain/bin/../lib/gcc/arm-none-eabi/4.8.4/../../../../arm-none-eabi/lib/armv6-m\libg_s.a(lib_a-signal.o)
                0x0000685a                _raise_r
 .text.raise    0x000068b0       0x14 c:/freescale/kds_3.0.0/toolchain/bin/../lib/gcc/arm-none-eabi/4.8.4/../../../../arm-none-eabi/lib/armv6-m\libg_s.a(lib_a-signal.o)
                0x000068b0                raise
 .text._kill_r  0x000068c4       0x24 c:/freescale/kds_3.0.0/toolchain/bin/../lib/gcc/arm-none-eabi/4.8.4/../../../../arm-none-eabi/lib/armv6-m\libg_s.a(lib_a-signalr.o)
                0x000068c4                _kill_r
 .text._getpid_r
                0x000068e8        0x8 c:/freescale/kds_3.0.0/toolchain/bin/../lib/gcc/arm-none-eabi/4.8.4/../../../../arm-none-eabi/lib/armv6-m\libg_s.a(lib_a-signalr.o)
                0x000068e8                _getpid_r
 .text.__sread  0x000068f0       0x28 c:/freescale/kds_3.0.0/toolchain/bin/../lib/gcc/arm-none-eabi/4.8.4/../../../../arm-none-eabi/lib/armv6-m\libg_s.a(lib_a-stdio.o)
                0x000068f0                __sread
 .text.__swrite
                0x00006918       0x38 c:/freescale/kds_3.0.0/toolchain/bin/../lib/gcc/arm-none-eabi/4.8.4/../../../../arm-none-eabi/lib/armv6-m\libg_s.a(lib_a-stdio.o)
                0x00006918                __swrite
 .text.__sseek  0x00006950       0x2c c:/freescale/kds_3.0.0/toolchain/bin/../lib/gcc/arm-none-eabi/4.8.4/../../../../arm-none-eabi/lib/armv6-m\libg_s.a(lib_a-stdio.o)
                0x00006950                __sseek
 .text.__sclose
                0x0000697c        0xc c:/freescale/kds_3.0.0/toolchain/bin/../lib/gcc/arm-none-eabi/4.8.4/../../../../arm-none-eabi/lib/armv6-m\libg_s.a(lib_a-stdio.o)
                0x0000697c                __sclose
 .text._write_r
                0x00006988       0x28 c:/freescale/kds_3.0.0/toolchain/bin/../lib/gcc/arm-none-eabi/4.8.4/../../../../arm-none-eabi/lib/armv6-m\libg_s.a(lib_a-writer.o)
                0x00006988                _write_r
 .text._close_r
                0x000069b0       0x24 c:/freescale/kds_3.0.0/toolchain/bin/../lib/gcc/arm-none-eabi/4.8.4/../../../../arm-none-eabi/lib/armv6-m\libg_s.a(lib_a-closer.o)
                0x000069b0                _close_r
 .text._fstat_r
                0x000069d4       0x24 c:/freescale/kds_3.0.0/toolchain/bin/../lib/gcc/arm-none-eabi/4.8.4/../../../../arm-none-eabi/lib/armv6-m\libg_s.a(lib_a-fstatr.o)
                0x000069d4                _fstat_r
 .text._isatty_r
                0x000069f8       0x24 c:/freescale/kds_3.0.0/toolchain/bin/../lib/gcc/arm-none-eabi/4.8.4/../../../../arm-none-eabi/lib/armv6-m\libg_s.a(lib_a-isattyr.o)
                0x000069f8                _isatty_r
 .text._lseek_r
                0x00006a1c       0x28 c:/freescale/kds_3.0.0/toolchain/bin/../lib/gcc/arm-none-eabi/4.8.4/../../../../arm-none-eabi/lib/armv6-m\libg_s.a(lib_a-lseekr.o)
                0x00006a1c                _lseek_r
 .text._read_r  0x00006a44       0x28 c:/freescale/kds_3.0.0/toolchain/bin/../lib/gcc/arm-none-eabi/4.8.4/../../../../arm-none-eabi/lib/armv6-m\libg_s.a(lib_a-readr.o)
                0x00006a44                _read_r
 .text._close   0x00006a6c       0x10 c:/freescale/kds_3.0.0/toolchain/bin/../lib/gcc/arm-none-eabi/4.8.4/../../../../arm-none-eabi/lib/armv6-m\libnosys.a(close.o)
                0x00006a6c                _close
 .text._fstat   0x00006a7c       0x10 c:/freescale/kds_3.0.0/toolchain/bin/../lib/gcc/arm-none-eabi/4.8.4/../../../../arm-none-eabi/lib/armv6-m\libnosys.a(fstat.o)
                0x00006a7c                _fstat
 .text._getpid  0x00006a8c       0x10 c:/freescale/kds_3.0.0/toolchain/bin/../lib/gcc/arm-none-eabi/4.8.4/../../../../arm-none-eabi/lib/armv6-m\libnosys.a(getpid.o)
                0x00006a8c                _getpid
 .text._isatty  0x00006a9c       0x10 c:/freescale/kds_3.0.0/toolchain/bin/../lib/gcc/arm-none-eabi/4.8.4/../../../../arm-none-eabi/lib/armv6-m\libnosys.a(isatty.o)
                0x00006a9c                _isatty
 .text._kill    0x00006aac       0x10 c:/freescale/kds_3.0.0/toolchain/bin/../lib/gcc/arm-none-eabi/4.8.4/../../../../arm-none-eabi/lib/armv6-m\libnosys.a(kill.o)
                0x00006aac                _kill
 .text._lseek   0x00006abc       0x10 c:/freescale/kds_3.0.0/toolchain/bin/../lib/gcc/arm-none-eabi/4.8.4/../../../../arm-none-eabi/lib/armv6-m\libnosys.a(lseek.o)
                0x00006abc                _lseek
 .text._sbrk    0x00006acc       0x34 c:/freescale/kds_3.0.0/toolchain/bin/../lib/gcc/arm-none-eabi/4.8.4/../../../../arm-none-eabi/lib/armv6-m\libnosys.a(sbrk.o)
                0x00006acc                _sbrk
 .text._exit    0x00006b00        0x4 c:/freescale/kds_3.0.0/toolchain/bin/../lib/gcc/arm-none-eabi/4.8.4/../../../../arm-none-eabi/lib/armv6-m\libnosys.a(_exit.o)
                0x00006b00                _exit
 *(.rodata)
 .rodata        0x00006b04       0xf0 ./Sources/Events.o
 .rodata        0x00006bf4        0x8 ./SDK/rtos/FreeRTOS/src/tasks.o
 .rodata        0x00006bfc        0x8 ./SDK/rtos/FreeRTOS/src/timers.o
 .rodata        0x00006c04        0xc ./SDK/platform/utilities/src/fsl_debug_console.o
 .rodata        0x00006c10       0x98 ./SDK/platform/system/src/interrupt/fsl_interrupt_manager.o
 .rodata        0x00006ca8      0x21c ./SDK/platform/system/src/clock/MKL25Z4/fsl_clock_MKL25Z4.o
 .rodata        0x00006ec4       0x60 ./SDK/platform/osa/src/fsl_os_abstraction_free_rtos.o
 .rodata        0x00006f24       0x38 ./SDK/platform/hal/src/gpio/fsl_gpio_hal.o
 .rodata        0x00006f5c      0x188 ./SDK/platform/drivers/src/pit/fsl_pit_driver.o
 .rodata        0x000070e4      0x174 ./SDK/platform/drivers/src/gpio/fsl_gpio_driver.o
 .rodata        0x00007258        0x8 ./Generated_Code/Task1.o
 .rodata        0x00007260        0x8 ./Generated_Code/Task2.o
 .rodata        0x00007268        0x8 ./Generated_Code/Task3.o
 .rodata        0x00007270        0x8 ./Generated_Code/Task4.o
 .rodata        0x00007278        0x8 ./Generated_Code/Task5.o
 .rodata        0x00007280        0xc ./Generated_Code/TaskMaster.o
 .rodata        0x0000728c       0x68 ./Generated_Code/pin_init.o
 *(.rodata*)
 .rodata.__func__.7919
                0x000072f4       0x18 ./Sources/Events.o
 .rodata.prvProcessReceivedCommands
                0x0000730c       0x28 ./SDK/rtos/FreeRTOS/src/timers.o
 .rodata._doprint
                0x00007334       0xc8 ./SDK/platform/utilities/src/print_scan.o
 .rodata.__func__.5063
                0x000073fc       0x18 ./SDK/platform/system/src/interrupt/fsl_interrupt_manager.o
 .rodata.portGateTable
                0x00007414        0x8 ./SDK/platform/system/src/clock/MKL25Z4/fsl_clock_MKL25Z4.o
 .rodata.uartGateTable
                0x0000741c        0x4 ./SDK/platform/system/src/clock/MKL25Z4/fsl_clock_MKL25Z4.o
 .rodata.__func__.6943
                0x00007420       0x1c ./SDK/platform/system/src/clock/MKL25Z4/fsl_clock_MKL25Z4.o
 .rodata.__func__.7016
                0x0000743c       0x1c ./SDK/platform/system/src/clock/MKL25Z4/fsl_clock_MKL25Z4.o
 .rodata.__func__.7021
                0x00007458       0x1c ./SDK/platform/system/src/clock/MKL25Z4/fsl_clock_MKL25Z4.o
 .rodata.g_oscBase
                0x00007474        0x4 ./SDK/platform/system/src/clock/fsl_clock_manager_common.o
                0x00007474                g_oscBase
 .rodata.__func__.5670
                0x00007478       0x10 ./SDK/platform/osa/src/fsl_os_abstraction_free_rtos.o
 .rodata.__func__.5676
                0x00007488       0x10 ./SDK/platform/osa/src/fsl_os_abstraction_free_rtos.o
 .rodata.fllFactorTable.5299
                0x00007498       0x10 ./SDK/platform/hal/src/mcg/fsl_mcg_hal.o
 .rodata.__func__.5170
                0x000074a8       0x14 ./SDK/platform/hal/src/gpio/fsl_gpio_hal.o
 .rodata.__func__.5176
                0x000074bc       0x18 ./SDK/platform/hal/src/gpio/fsl_gpio_hal.o
 .rodata.g_pitBase
                0x000074d4        0x4 ./SDK/platform/drivers/src/pit/fsl_pit_common.o
                0x000074d4                g_pitBase
 .rodata.g_pitIrqId
                0x000074d8        0x4 ./SDK/platform/drivers/src/pit/fsl_pit_common.o
                0x000074d8                g_pitIrqId
 .rodata.__func__.6424
                0x000074dc       0x10 ./SDK/platform/drivers/src/pit/fsl_pit_driver.o
 .rodata.__func__.6431
                0x000074ec       0x14 ./SDK/platform/drivers/src/pit/fsl_pit_driver.o
 .rodata.__func__.5085
                0x00007500       0x14 ./SDK/platform/drivers/src/pit/fsl_pit_driver.o
 .rodata.__func__.6408
                0x00007514       0x14 ./SDK/platform/drivers/src/pit/fsl_pit_driver.o
 .rodata.__func__.6446
                0x00007528       0x14 ./SDK/platform/drivers/src/pit/fsl_pit_driver.o
 .rodata.__func__.5051
                0x0000753c       0x14 ./SDK/platform/drivers/src/pit/fsl_pit_driver.o
 .rodata.__func__.6459
                0x00007550       0x1c ./SDK/platform/drivers/src/pit/fsl_pit_driver.o
 .rodata.__func__.5067
                0x0000756c       0x20 ./SDK/platform/drivers/src/pit/fsl_pit_driver.o
 .rodata.g_gpioBase
                0x0000758c       0x14 ./SDK/platform/drivers/src/gpio/fsl_gpio_common.o
                0x0000758c                g_gpioBase
 .rodata.g_portBase
                0x000075a0       0x14 ./SDK/platform/drivers/src/gpio/fsl_gpio_common.o
                0x000075a0                g_portBase
 .rodata.g_portIrqId
                0x000075b4        0x8 ./SDK/platform/drivers/src/gpio/fsl_gpio_common.o
                0x000075b4                g_portIrqId
 .rodata.__func__.5089
                0x000075bc       0x14 ./SDK/platform/drivers/src/gpio/fsl_gpio_driver.o
 .rodata.__func__.5065
                0x000075d0       0x14 ./SDK/platform/drivers/src/gpio/fsl_gpio_driver.o
 .rodata.__func__.5077
                0x000075e4       0x20 ./SDK/platform/drivers/src/gpio/fsl_gpio_driver.o
 .rodata.__func__.5103
                0x00007604       0x18 ./SDK/platform/drivers/src/gpio/fsl_gpio_driver.o
 .rodata.__func__.6568
                0x0000761c       0x14 ./SDK/platform/drivers/src/gpio/fsl_gpio_driver.o
 .rodata.__func__.5071
                0x00007630       0x1c ./SDK/platform/drivers/src/gpio/fsl_gpio_driver.o
 .rodata.__func__.5083
                0x0000764c       0x20 ./SDK/platform/drivers/src/gpio/fsl_gpio_driver.o
 .rodata.gpio1_InpConfig0
                0x0000766c       0x10 ./Generated_Code/gpio1.o
                0x0000766c                gpio1_InpConfig0
 .rodata.gpio1_OutConfig0
                0x0000767c       0x30 ./Generated_Code/gpio1.o
                0x0000767c                gpio1_OutConfig0
 .rodata.__func__.5089
                0x000076ac       0x14 ./Generated_Code/pin_init.o
 .rodata.__func__.5065
                0x000076c0       0x14 ./Generated_Code/pin_init.o
 .rodata.pitTimer1_InitConfig0
                0x000076d4        0x8 ./Generated_Code/pitTimer1.o
                0x000076d4                pitTimer1_InitConfig0
 .rodata.str1.1
                0x000076dc       0x3c c:/freescale/kds_3.0.0/toolchain/bin/../lib/gcc/arm-none-eabi/4.8.4/../../../../arm-none-eabi/lib/armv6-m\libg_s.a(lib_a-assert.o)
                                 0x3d (size before relaxing)
 .rodata.str1.1
                0x00007718        0x2 c:/freescale/kds_3.0.0/toolchain/bin/../lib/gcc/arm-none-eabi/4.8.4/../../../../arm-none-eabi/lib/armv6-m\libg_s.a(lib_a-impure.o)
 *fill*         0x0000771a        0x2 
 .rodata._global_impure_ptr
                0x0000771c        0x4 c:/freescale/kds_3.0.0/toolchain/bin/../lib/gcc/arm-none-eabi/4.8.4/../../../../arm-none-eabi/lib/armv6-m\libg_s.a(lib_a-impure.o)
                0x0000771c                _global_impure_ptr
 .rodata.str1.1
                0x00007720       0x11 c:/freescale/kds_3.0.0/toolchain/bin/../lib/gcc/arm-none-eabi/4.8.4/../../../../arm-none-eabi/lib/armv6-m\libg_s.a(lib_a-vfprintf.o)
 .rodata.str1.1
                0x00007731       0x22 c:/freescale/kds_3.0.0/toolchain/bin/../lib/gcc/arm-none-eabi/4.8.4/../../../../arm-none-eabi/lib/armv6-m\libg_s.a(lib_a-vfprintf_i.o)
 *fill*         0x00007753        0x1 
 .rodata.__sf_fake_stdin
                0x00007754       0x20 c:/freescale/kds_3.0.0/toolchain/bin/../lib/gcc/arm-none-eabi/4.8.4/../../../../arm-none-eabi/lib/armv6-m\libg_s.a(lib_a-findfp.o)
                0x00007754                __sf_fake_stdin
 .rodata.__sf_fake_stdout
                0x00007774       0x20 c:/freescale/kds_3.0.0/toolchain/bin/../lib/gcc/arm-none-eabi/4.8.4/../../../../arm-none-eabi/lib/armv6-m\libg_s.a(lib_a-findfp.o)
                0x00007774                __sf_fake_stdout
 .rodata.__sf_fake_stderr
                0x00007794       0x20 c:/freescale/kds_3.0.0/toolchain/bin/../lib/gcc/arm-none-eabi/4.8.4/../../../../arm-none-eabi/lib/armv6-m\libg_s.a(lib_a-findfp.o)
                0x00007794                __sf_fake_stderr
 *(.glue_7)
 .glue_7        0x00000000        0x0 linker stubs
 *(.glue_7t)
 .glue_7t       0x00000000        0x0 linker stubs
 *(.eh_frame)
 .eh_frame      0x000077b4        0x0 c:/freescale/kds_3.0.0/toolchain/bin/../lib/gcc/arm-none-eabi/4.8.4/armv6-m/crtbegin.o
 *(.init)
 .init          0x000077b4        0x4 c:/freescale/kds_3.0.0/toolchain/bin/../lib/gcc/arm-none-eabi/4.8.4/armv6-m/crti.o
                0x000077b4                _init
 .init          0x000077b8        0x8 c:/freescale/kds_3.0.0/toolchain/bin/../lib/gcc/arm-none-eabi/4.8.4/armv6-m/crtn.o
 *(.fini)
 .fini          0x000077c0        0x4 c:/freescale/kds_3.0.0/toolchain/bin/../lib/gcc/arm-none-eabi/4.8.4/armv6-m/crti.o
                0x000077c0                _fini
 .fini          0x000077c4        0x8 c:/freescale/kds_3.0.0/toolchain/bin/../lib/gcc/arm-none-eabi/4.8.4/armv6-m/crtn.o
                0x000077cc                . = ALIGN (0x4)

.vfp11_veneer   0x000077cc        0x0
 .vfp11_veneer  0x00000000        0x0 linker stubs

.v4_bx          0x000077cc        0x0
 .v4_bx         0x00000000        0x0 linker stubs

.iplt           0x000077cc        0x0
 .iplt          0x00000000        0x0 c:/freescale/kds_3.0.0/toolchain/bin/../lib/gcc/arm-none-eabi/4.8.4/armv6-m/crtbegin.o

.ARM.extab
 *(.ARM.extab* .gnu.linkonce.armextab.*)

.ARM            0x000077cc        0x8
                0x000077cc                __exidx_start = .
 *(.ARM.exidx*)
 .ARM.exidx     0x000077cc        0x8 c:/freescale/kds_3.0.0/toolchain/bin/../lib/gcc/arm-none-eabi/4.8.4/../../../../arm-none-eabi/lib/armv6-m/crt0.o
 .ARM.exidx     0x000077d4        0x0 c:/freescale/kds_3.0.0/toolchain/bin/../lib/gcc/arm-none-eabi/4.8.4/armv6-m\libgcc.a(_divdi3.o)
                                  0x8 (size before relaxing)
 .ARM.exidx     0x000077d4        0x0 c:/freescale/kds_3.0.0/toolchain/bin/../lib/gcc/arm-none-eabi/4.8.4/armv6-m\libgcc.a(_udivdi3.o)
                                  0x8 (size before relaxing)
                0x000077d4                __exidx_end = .

.rel.dyn        0x000077d4        0x0
 .rel.iplt      0x00000000        0x0 c:/freescale/kds_3.0.0/toolchain/bin/../lib/gcc/arm-none-eabi/4.8.4/armv6-m/crtbegin.o

.ctors          0x000077d4        0x0
                0x000077d4                __CTOR_LIST__ = .
 *crtbegin.o(.ctors)
 *crtbegin?.o(.ctors)
 *(EXCLUDE_FILE(*crtend.o *crtend?.o) .ctors)
 *(SORT(.ctors.*))
 *(.ctors)
                0x000077d4                __CTOR_END__ = .

.dtors          0x000077d4        0x0
                0x000077d4                __DTOR_LIST__ = .
 *crtbegin.o(.dtors)
 *crtbegin?.o(.dtors)
 *(EXCLUDE_FILE(*crtend.o *crtend?.o) .dtors)
 *(SORT(.dtors.*))
 *(.dtors)
                0x000077d4                __DTOR_END__ = .

.preinit_array  0x000077d4        0x0
                0x000077d4                PROVIDE (__preinit_array_start, .)
 *(.preinit_array*)
                0x000077d4                PROVIDE (__preinit_array_end, .)

.init_array     0x000077d4        0x4
                0x000077d4                PROVIDE (__init_array_start, .)
 *(SORT(.init_array.*))
 *(.init_array*)
 .init_array    0x000077d4        0x4 c:/freescale/kds_3.0.0/toolchain/bin/../lib/gcc/arm-none-eabi/4.8.4/armv6-m/crtbegin.o
                0x000077d8                PROVIDE (__init_array_end, .)

.fini_array     0x000077d8        0x4
                0x000077d8                PROVIDE (__fini_array_start, .)
 *(SORT(.fini_array.*))
 *(.fini_array*)
 .fini_array    0x000077d8        0x4 c:/freescale/kds_3.0.0/toolchain/bin/../lib/gcc/arm-none-eabi/4.8.4/armv6-m/crtbegin.o
                0x000077dc                PROVIDE (__fini_array_end, .)
                0x000077dc                __etext = .
                0x000077dc                __DATA_ROM = .

.mtb            0x1ffff200        0x0
                0x1ffff200                . = ALIGN (0x8)
                0x1ffff200                _mtb_start = .
 *(.mtb_buf)
                0x1ffff200                . = ALIGN (0x8)
                0x1ffff200                _mtb_end = .

.data           0x1ffff200       0x78 load address 0x000077dc
                0x1ffff200                . = ALIGN (0x4)
                0x1ffff200                __DATA_RAM = .
                0x1ffff200                __data_start__ = .
 *(.data)
 *(.data*)
 .data.xNextTaskUnblockTime
                0x1ffff200        0x4 ./SDK/rtos/FreeRTOS/src/tasks.o
 .data.uxCriticalNesting
                0x1ffff204        0x4 ./SDK/rtos/FreeRTOS/port/gcc/port.o
 .data.g_fastInternalRefClkFreq
                0x1ffff208        0x4 ./SDK/platform/hal/src/mcg/fsl_mcg_hal.o
                0x1ffff208                g_fastInternalRefClkFreq
 .data.g_slowInternalRefClkFreq
                0x1ffff20c        0x4 ./SDK/platform/hal/src/mcg/fsl_mcg_hal.o
                0x1ffff20c                g_slowInternalRefClkFreq
 .data.impure_data
                0x1ffff210       0x60 c:/freescale/kds_3.0.0/toolchain/bin/../lib/gcc/arm-none-eabi/4.8.4/../../../../arm-none-eabi/lib/armv6-m\libg_s.a(lib_a-impure.o)
 .data._impure_ptr
                0x1ffff270        0x4 c:/freescale/kds_3.0.0/toolchain/bin/../lib/gcc/arm-none-eabi/4.8.4/../../../../arm-none-eabi/lib/armv6-m\libg_s.a(lib_a-impure.o)
                0x1ffff270                _impure_ptr
 *(.jcr*)
 .jcr           0x1ffff274        0x0 c:/freescale/kds_3.0.0/toolchain/bin/../lib/gcc/arm-none-eabi/4.8.4/armv6-m/crtbegin.o
 .jcr           0x1ffff274        0x4 c:/freescale/kds_3.0.0/toolchain/bin/../lib/gcc/arm-none-eabi/4.8.4/armv6-m/crtend.o
                0x1ffff278                . = ALIGN (0x4)
                0x1ffff278                __data_end__ = .
                0x00007854                __DATA_END = (__DATA_ROM + (__data_end__ - __data_start__))
                0x00007854                __m_interrupts_ram_ROMStart = (__DATA_ROM + SIZEOF (.data))

.igot.plt       0x1ffff278        0x0 load address 0x00007854
 .igot.plt      0x00000000        0x0 c:/freescale/kds_3.0.0/toolchain/bin/../lib/gcc/arm-none-eabi/4.8.4/armv6-m/crtbegin.o

.m_interrupts_ram
                0x1ffff000      0x200 load address 0x00007854
                0x1ffff000                . = ALIGN (0x4)
                0x1ffff000                __m_interrupts_ram_RAMStart = .
 *(.m_interrupts_ram)
                0x1ffff200                . = (. + 0x200)
 *fill*         0x1ffff000      0x200 
                0x1ffff200                __m_interrupts_ram_RAMEnd = .
                0x1ffff200                . = ALIGN (0x4)
                0x00000200                __m_interrupts_ram_ROMSize = (__m_interrupts_ram_RAMEnd - __m_interrupts_ram_RAMStart)
                0x00000200                __RAM_VECTOR_TABLE_SIZE_BYTES = (__m_interrupts_ram_RAMEnd - __m_interrupts_ram_RAMStart)

.bss            0x1ffff278      0x66c load address 0x00007858
                0x1ffff278                . = ALIGN (0x4)
                0x1ffff278                __START_BSS = .
                0x1ffff278                __bss_start__ = .
 *(.bss)
 .bss           0x1ffff278       0x1c c:/freescale/kds_3.0.0/toolchain/bin/../lib/gcc/arm-none-eabi/4.8.4/armv6-m/crtbegin.o
 *(.bss*)
 .bss.pxCurrentTCB
                0x1ffff294        0x4 ./SDK/rtos/FreeRTOS/src/tasks.o
                0x1ffff294                pxCurrentTCB
 .bss.pxReadyTasksLists
                0x1ffff298      0x500 ./SDK/rtos/FreeRTOS/src/tasks.o
 .bss.xDelayedTaskList1
                0x1ffff798       0x14 ./SDK/rtos/FreeRTOS/src/tasks.o
 .bss.xDelayedTaskList2
                0x1ffff7ac       0x14 ./SDK/rtos/FreeRTOS/src/tasks.o
 .bss.pxDelayedTaskList
                0x1ffff7c0        0x4 ./SDK/rtos/FreeRTOS/src/tasks.o
 .bss.pxOverflowDelayedTaskList
                0x1ffff7c4        0x4 ./SDK/rtos/FreeRTOS/src/tasks.o
 .bss.xPendingReadyList
                0x1ffff7c8       0x14 ./SDK/rtos/FreeRTOS/src/tasks.o
 .bss.xTasksWaitingTermination
                0x1ffff7dc       0x14 ./SDK/rtos/FreeRTOS/src/tasks.o
 .bss.uxTasksDeleted
                0x1ffff7f0        0x4 ./SDK/rtos/FreeRTOS/src/tasks.o
 .bss.xSuspendedTaskList
                0x1ffff7f4       0x14 ./SDK/rtos/FreeRTOS/src/tasks.o
 .bss.uxCurrentNumberOfTasks
                0x1ffff808        0x4 ./SDK/rtos/FreeRTOS/src/tasks.o
 .bss.xTickCount
                0x1ffff80c        0x4 ./SDK/rtos/FreeRTOS/src/tasks.o
 .bss.uxTopReadyPriority
                0x1ffff810        0x4 ./SDK/rtos/FreeRTOS/src/tasks.o
 .bss.xSchedulerRunning
                0x1ffff814        0x4 ./SDK/rtos/FreeRTOS/src/tasks.o
 .bss.uxPendedTicks
                0x1ffff818        0x4 ./SDK/rtos/FreeRTOS/src/tasks.o
 .bss.xYieldPending
                0x1ffff81c        0x4 ./SDK/rtos/FreeRTOS/src/tasks.o
 .bss.xNumOfOverflows
                0x1ffff820        0x4 ./SDK/rtos/FreeRTOS/src/tasks.o
 .bss.uxTaskNumber
                0x1ffff824        0x4 ./SDK/rtos/FreeRTOS/src/tasks.o
 .bss.uxSchedulerSuspended
                0x1ffff828        0x4 ./SDK/rtos/FreeRTOS/src/tasks.o
 .bss.xActiveTimerList1
                0x1ffff82c       0x14 ./SDK/rtos/FreeRTOS/src/timers.o
 .bss.xActiveTimerList2
                0x1ffff840       0x14 ./SDK/rtos/FreeRTOS/src/timers.o
 .bss.pxCurrentTimerList
                0x1ffff854        0x4 ./SDK/rtos/FreeRTOS/src/timers.o
 .bss.pxOverflowTimerList
                0x1ffff858        0x4 ./SDK/rtos/FreeRTOS/src/timers.o
 .bss.xTimerQueue
                0x1ffff85c        0x4 ./SDK/rtos/FreeRTOS/src/timers.o
 .bss.xLastTime.4817
                0x1ffff860        0x4 ./SDK/rtos/FreeRTOS/src/timers.o
 .bss.s_debugConsole
                0x1ffff864       0x10 ./SDK/platform/utilities/src/fsl_debug_console.o
 .bss.Task1_stack
                0x1ffff874        0x4 ./Generated_Code/Task1.o
                0x1ffff874                Task1_stack
 .bss.Task2_stack
                0x1ffff878        0x4 ./Generated_Code/Task2.o
                0x1ffff878                Task2_stack
 .bss.Task3_stack
                0x1ffff87c        0x4 ./Generated_Code/Task3.o
                0x1ffff87c                Task3_stack
 .bss.Task4_stack
                0x1ffff880        0x4 ./Generated_Code/Task4.o
                0x1ffff880                Task4_stack
 .bss.Task5_stack
                0x1ffff884        0x4 ./Generated_Code/Task5.o
                0x1ffff884                Task5_stack
 .bss.TaskMaster_stack
                0x1ffff888        0x4 ./Generated_Code/TaskMaster.o
                0x1ffff888                TaskMaster_stack
 .bss.__malloc_sbrk_start
                0x1ffff88c        0x4 c:/freescale/kds_3.0.0/toolchain/bin/../lib/gcc/arm-none-eabi/4.8.4/../../../../arm-none-eabi/lib/armv6-m\libg_s.a(lib_a-nano-mallocr.o)
                0x1ffff88c                __malloc_sbrk_start
 .bss.__malloc_free_list
                0x1ffff890        0x4 c:/freescale/kds_3.0.0/toolchain/bin/../lib/gcc/arm-none-eabi/4.8.4/../../../../arm-none-eabi/lib/armv6-m\libg_s.a(lib_a-nano-mallocr.o)
                0x1ffff890                __malloc_free_list
 .bss.heap_end.4246
                0x1ffff894        0x4 c:/freescale/kds_3.0.0/toolchain/bin/../lib/gcc/arm-none-eabi/4.8.4/../../../../arm-none-eabi/lib/armv6-m\libnosys.a(sbrk.o)
 *(COMMON)
 COMMON         0x1ffff898       0x14 ./Sources/Events.o
                0x1ffff898                sem2
                0x1ffff89c                sem3
                0x1ffff8a0                sem1
                0x1ffff8a4                sem5
                0x1ffff8a8                sem4
 COMMON         0x1ffff8ac        0x8 ./SDK/platform/hal/src/mcg/fsl_mcg_hal.o
                0x1ffff8ac                g_xtal0ClkFreq
                0x1ffff8b0                g_xtalRtcClkFreq
 *fill*         0x1ffff8b4        0x4 
 COMMON         0x1ffff8b8       0x10 ./SDK/platform/drivers/src/pit/fsl_pit_driver.o
                0x1ffff8b8                g_pitUsInstance
                0x1ffff8b9                g_pitUsChannel
                0x1ffff8c0                g_pitSourceClock
 COMMON         0x1ffff8c8        0x4 ./Generated_Code/Task1.o
                0x1ffff8c8                Task1_task_handler
 COMMON         0x1ffff8cc        0x4 ./Generated_Code/Task2.o
                0x1ffff8cc                Task2_task_handler
 COMMON         0x1ffff8d0        0x4 ./Generated_Code/Task3.o
                0x1ffff8d0                Task3_task_handler
 COMMON         0x1ffff8d4        0x4 ./Generated_Code/Task4.o
                0x1ffff8d4                Task4_task_handler
 COMMON         0x1ffff8d8        0x4 ./Generated_Code/Task5.o
                0x1ffff8d8                Task5_task_handler
 COMMON         0x1ffff8dc        0x4 ./Generated_Code/TaskMaster.o
                0x1ffff8dc                TaskMaster_task_handler
 COMMON         0x1ffff8e0        0x4 c:/freescale/kds_3.0.0/toolchain/bin/../lib/gcc/arm-none-eabi/4.8.4/../../../../arm-none-eabi/lib/armv6-m\libg_s.a(lib_a-reent.o)
                0x1ffff8e0                errno
                0x1ffff8e4                . = ALIGN (0x4)
                0x1ffff8e4                __bss_end__ = .
                0x1ffff8e4                __END_BSS = .

.heap           0x1ffff8e4        0x4 load address 0x00007ec4
                0x1ffff8e8                . = ALIGN (0x8)
 *fill*         0x1ffff8e4        0x4 
                0x1ffff8e8                __end__ = .
                0x1ffff8e8                PROVIDE (end, .)
                0x1ffff8e8                __HeapBase = .
                0x1ffff8e8                . = (. + HEAP_SIZE)
                0x1ffff8e8                __HeapLimit = .

.stack          0x1ffff8e8      0x400 load address 0x00007ec8
                0x1ffff8e8                . = ALIGN (0x8)
                0x1ffffce8                . = (. + STACK_SIZE)
 *fill*         0x1ffff8e8      0x400 
                0x20003000                __StackTop = (ORIGIN (m_data) + 0x3e00)
                0x20002c00                __StackLimit = (__StackTop - STACK_SIZE)
                0x20003000                PROVIDE (__stack, __StackTop)

.ARM.attributes
                0x00000000       0x28
 *(.ARM.attributes)
 .ARM.attributes
                0x00000000       0x1e c:/freescale/kds_3.0.0/toolchain/bin/../lib/gcc/arm-none-eabi/4.8.4/armv6-m/crti.o
 .ARM.attributes
                0x0000001e       0x2c c:/freescale/kds_3.0.0/toolchain/bin/../lib/gcc/arm-none-eabi/4.8.4/armv6-m/crtbegin.o
 .ARM.attributes
                0x0000004a       0x1b c:/freescale/kds_3.0.0/toolchain/bin/../lib/gcc/arm-none-eabi/4.8.4/../../../../arm-none-eabi/lib/armv6-m/crt0.o
 .ARM.attributes
                0x00000065       0x32 ./Static_Code/System/PE_low_level_init.o
 .ARM.attributes
                0x00000097       0x32 ./Sources/Events.o
 .ARM.attributes
                0x000000c9       0x32 ./Sources/main.o
 .ARM.attributes
                0x000000fb       0x32 ./Sources/os_tasks.o
 .ARM.attributes
                0x0000012d       0x32 ./SDK/rtos/FreeRTOS/src/heap_3.o
 .ARM.attributes
                0x0000015f       0x32 ./SDK/rtos/FreeRTOS/src/list.o
 .ARM.attributes
                0x00000191       0x32 ./SDK/rtos/FreeRTOS/src/queue.o
 .ARM.attributes
                0x000001c3       0x32 ./SDK/rtos/FreeRTOS/src/tasks.o
 .ARM.attributes
                0x000001f5       0x32 ./SDK/rtos/FreeRTOS/src/timers.o
 .ARM.attributes
                0x00000227       0x32 ./SDK/rtos/FreeRTOS/port/gcc/port.o
 .ARM.attributes
                0x00000259       0x32 ./SDK/platform/utilities/src/fsl_debug_console.o
 .ARM.attributes
                0x0000028b       0x32 ./SDK/platform/utilities/src/print_scan.o
 .ARM.attributes
                0x000002bd       0x32 ./SDK/platform/system/src/interrupt/fsl_interrupt_manager.o
 .ARM.attributes
                0x000002ef       0x32 ./SDK/platform/system/src/clock/MKL25Z4/fsl_clock_MKL25Z4.o
 .ARM.attributes
                0x00000321       0x32 ./SDK/platform/system/src/clock/fsl_clock_manager_common.o
 .ARM.attributes
                0x00000353       0x32 ./SDK/platform/osa/src/fsl_os_abstraction_free_rtos.o
 .ARM.attributes
                0x00000385       0x32 ./SDK/platform/hal/src/uart/fsl_uart_hal.o
 .ARM.attributes
                0x000003b7       0x32 ./SDK/platform/hal/src/mcg/fsl_mcg_hal.o
 .ARM.attributes
                0x000003e9       0x32 ./SDK/platform/hal/src/lpsci/fsl_lpsci_hal.o
 .ARM.attributes
                0x0000041b       0x32 ./SDK/platform/hal/src/gpio/fsl_gpio_hal.o
 .ARM.attributes
                0x0000044d       0x32 ./SDK/platform/drivers/src/pit/fsl_pit_common.o
 .ARM.attributes
                0x0000047f       0x32 ./SDK/platform/drivers/src/pit/fsl_pit_driver.o
 .ARM.attributes
                0x000004b1       0x32 ./SDK/platform/drivers/src/gpio/fsl_gpio_common.o
 .ARM.attributes
                0x000004e3       0x32 ./SDK/platform/drivers/src/gpio/fsl_gpio_driver.o
 .ARM.attributes
                0x00000515       0x1b ./SDK/platform/devices/MKL25Z4/startup/gcc/startup_MKL25Z4.o
 .ARM.attributes
                0x00000530       0x32 ./SDK/platform/devices/MKL25Z4/startup/system_MKL25Z4.o
 .ARM.attributes
                0x00000562       0x32 ./SDK/platform/devices/startup.o
 .ARM.attributes
                0x00000594       0x32 ./Generated_Code/Cpu.o
 .ARM.attributes
                0x000005c6       0x32 ./Generated_Code/Task1.o
 .ARM.attributes
                0x000005f8       0x32 ./Generated_Code/Task2.o
 .ARM.attributes
                0x0000062a       0x32 ./Generated_Code/Task3.o
 .ARM.attributes
                0x0000065c       0x32 ./Generated_Code/Task4.o
 .ARM.attributes
                0x0000068e       0x32 ./Generated_Code/Task5.o
 .ARM.attributes
                0x000006c0       0x32 ./Generated_Code/TaskMaster.o
 .ARM.attributes
                0x000006f2       0x32 ./Generated_Code/gpio1.o
 .ARM.attributes
                0x00000724       0x32 ./Generated_Code/hardware_init.o
 .ARM.attributes
                0x00000756       0x32 ./Generated_Code/pin_init.o
 .ARM.attributes
                0x00000788       0x32 ./Generated_Code/pitTimer1.o
 .ARM.attributes
                0x000007ba       0x1e c:/freescale/kds_3.0.0/toolchain/bin/../lib/gcc/arm-none-eabi/4.8.4/armv6-m\libgcc.a(_udivsi3.o)
 .ARM.attributes
                0x000007d8       0x1e c:/freescale/kds_3.0.0/toolchain/bin/../lib/gcc/arm-none-eabi/4.8.4/armv6-m\libgcc.a(_divsi3.o)
 .ARM.attributes
                0x000007f6       0x1e c:/freescale/kds_3.0.0/toolchain/bin/../lib/gcc/arm-none-eabi/4.8.4/armv6-m\libgcc.a(_dvmd_tls.o)
 .ARM.attributes
                0x00000814       0x1e c:/freescale/kds_3.0.0/toolchain/bin/../lib/gcc/arm-none-eabi/4.8.4/armv6-m\libgcc.a(_aeabi_uldivmod.o)
 .ARM.attributes
                0x00000832       0x2c c:/freescale/kds_3.0.0/toolchain/bin/../lib/gcc/arm-none-eabi/4.8.4/armv6-m\libgcc.a(_muldi3.o)
 .ARM.attributes
                0x0000085e       0x2c c:/freescale/kds_3.0.0/toolchain/bin/../lib/gcc/arm-none-eabi/4.8.4/armv6-m\libgcc.a(bpabi.o)
 .ARM.attributes
                0x0000088a       0x2c c:/freescale/kds_3.0.0/toolchain/bin/../lib/gcc/arm-none-eabi/4.8.4/armv6-m\libgcc.a(_divdi3.o)
 .ARM.attributes
                0x000008b6       0x2c c:/freescale/kds_3.0.0/toolchain/bin/../lib/gcc/arm-none-eabi/4.8.4/armv6-m\libgcc.a(_udivdi3.o)
 .ARM.attributes
                0x000008e2       0x1e c:/freescale/kds_3.0.0/toolchain/bin/../lib/gcc/arm-none-eabi/4.8.4/armv6-m\libgcc.a(_clzsi2.o)
 .ARM.attributes
                0x00000900       0x2c c:/freescale/kds_3.0.0/toolchain/bin/../lib/gcc/arm-none-eabi/4.8.4/../../../../arm-none-eabi/lib/armv6-m\libg_s.a(lib_a-assert.o)
 .ARM.attributes
                0x0000092c       0x2c c:/freescale/kds_3.0.0/toolchain/bin/../lib/gcc/arm-none-eabi/4.8.4/../../../../arm-none-eabi/lib/armv6-m\libg_s.a(lib_a-exit.o)
 .ARM.attributes
                0x00000958       0x2c c:/freescale/kds_3.0.0/toolchain/bin/../lib/gcc/arm-none-eabi/4.8.4/../../../../arm-none-eabi/lib/armv6-m\libg_s.a(lib_a-fprintf.o)
 .ARM.attributes
                0x00000984       0x2c c:/freescale/kds_3.0.0/toolchain/bin/../lib/gcc/arm-none-eabi/4.8.4/../../../../arm-none-eabi/lib/armv6-m\libg_s.a(lib_a-impure.o)
 .ARM.attributes
                0x000009b0       0x2c c:/freescale/kds_3.0.0/toolchain/bin/../lib/gcc/arm-none-eabi/4.8.4/../../../../arm-none-eabi/lib/armv6-m\libg_s.a(lib_a-init.o)
 .ARM.attributes
                0x000009dc       0x2c c:/freescale/kds_3.0.0/toolchain/bin/../lib/gcc/arm-none-eabi/4.8.4/../../../../arm-none-eabi/lib/armv6-m\libg_s.a(lib_a-malloc.o)
 .ARM.attributes
                0x00000a08       0x2c c:/freescale/kds_3.0.0/toolchain/bin/../lib/gcc/arm-none-eabi/4.8.4/../../../../arm-none-eabi/lib/armv6-m\libg_s.a(lib_a-memcpy-stub.o)
 .ARM.attributes
                0x00000a34       0x2c c:/freescale/kds_3.0.0/toolchain/bin/../lib/gcc/arm-none-eabi/4.8.4/../../../../arm-none-eabi/lib/armv6-m\libg_s.a(lib_a-memset.o)
 .ARM.attributes
                0x00000a60       0x2c c:/freescale/kds_3.0.0/toolchain/bin/../lib/gcc/arm-none-eabi/4.8.4/../../../../arm-none-eabi/lib/armv6-m\libg_s.a(lib_a-nano-freer.o)
 .ARM.attributes
                0x00000a8c       0x2c c:/freescale/kds_3.0.0/toolchain/bin/../lib/gcc/arm-none-eabi/4.8.4/../../../../arm-none-eabi/lib/armv6-m\libg_s.a(lib_a-nano-mallocr.o)
 .ARM.attributes
                0x00000ab8       0x2c c:/freescale/kds_3.0.0/toolchain/bin/../lib/gcc/arm-none-eabi/4.8.4/../../../../arm-none-eabi/lib/armv6-m\libg_s.a(lib_a-sbrkr.o)
 .ARM.attributes
                0x00000ae4       0x2c c:/freescale/kds_3.0.0/toolchain/bin/../lib/gcc/arm-none-eabi/4.8.4/../../../../arm-none-eabi/lib/armv6-m\libg_s.a(lib_a-strlen.o)
 .ARM.attributes
                0x00000b10       0x2c c:/freescale/kds_3.0.0/toolchain/bin/../lib/gcc/arm-none-eabi/4.8.4/../../../../arm-none-eabi/lib/armv6-m\libg_s.a(lib_a-vfprintf.o)
 .ARM.attributes
                0x00000b3c       0x2c c:/freescale/kds_3.0.0/toolchain/bin/../lib/gcc/arm-none-eabi/4.8.4/../../../../arm-none-eabi/lib/armv6-m\libg_s.a(lib_a-vfprintf_i.o)
 .ARM.attributes
                0x00000b68       0x2c c:/freescale/kds_3.0.0/toolchain/bin/../lib/gcc/arm-none-eabi/4.8.4/../../../../arm-none-eabi/lib/armv6-m\libg_s.a(lib_a-wbuf.o)
 .ARM.attributes
                0x00000b94       0x2c c:/freescale/kds_3.0.0/toolchain/bin/../lib/gcc/arm-none-eabi/4.8.4/../../../../arm-none-eabi/lib/armv6-m\libg_s.a(lib_a-wsetup.o)
 .ARM.attributes
                0x00000bc0       0x2c c:/freescale/kds_3.0.0/toolchain/bin/../lib/gcc/arm-none-eabi/4.8.4/../../../../arm-none-eabi/lib/armv6-m\libg_s.a(lib_a-abort.o)
 .ARM.attributes
                0x00000bec       0x2c c:/freescale/kds_3.0.0/toolchain/bin/../lib/gcc/arm-none-eabi/4.8.4/../../../../arm-none-eabi/lib/armv6-m\libg_s.a(lib_a-fflush.o)
 .ARM.attributes
                0x00000c18       0x2c c:/freescale/kds_3.0.0/toolchain/bin/../lib/gcc/arm-none-eabi/4.8.4/../../../../arm-none-eabi/lib/armv6-m\libg_s.a(lib_a-findfp.o)
 .ARM.attributes
                0x00000c44       0x2c c:/freescale/kds_3.0.0/toolchain/bin/../lib/gcc/arm-none-eabi/4.8.4/../../../../arm-none-eabi/lib/armv6-m\libg_s.a(lib_a-makebuf.o)
 .ARM.attributes
                0x00000c70       0x2c c:/freescale/kds_3.0.0/toolchain/bin/../lib/gcc/arm-none-eabi/4.8.4/../../../../arm-none-eabi/lib/armv6-m\libg_s.a(lib_a-memchr-stub.o)
 .ARM.attributes
                0x00000c9c       0x2c c:/freescale/kds_3.0.0/toolchain/bin/../lib/gcc/arm-none-eabi/4.8.4/../../../../arm-none-eabi/lib/armv6-m\libg_s.a(lib_a-reent.o)
 .ARM.attributes
                0x00000cc8       0x2c c:/freescale/kds_3.0.0/toolchain/bin/../lib/gcc/arm-none-eabi/4.8.4/../../../../arm-none-eabi/lib/armv6-m\libg_s.a(lib_a-signal.o)
 .ARM.attributes
                0x00000cf4       0x2c c:/freescale/kds_3.0.0/toolchain/bin/../lib/gcc/arm-none-eabi/4.8.4/../../../../arm-none-eabi/lib/armv6-m\libg_s.a(lib_a-signalr.o)
 .ARM.attributes
                0x00000d20       0x2c c:/freescale/kds_3.0.0/toolchain/bin/../lib/gcc/arm-none-eabi/4.8.4/../../../../arm-none-eabi/lib/armv6-m\libg_s.a(lib_a-stdio.o)
 .ARM.attributes
                0x00000d4c       0x2c c:/freescale/kds_3.0.0/toolchain/bin/../lib/gcc/arm-none-eabi/4.8.4/../../../../arm-none-eabi/lib/armv6-m\libg_s.a(lib_a-writer.o)
 .ARM.attributes
                0x00000d78       0x2c c:/freescale/kds_3.0.0/toolchain/bin/../lib/gcc/arm-none-eabi/4.8.4/../../../../arm-none-eabi/lib/armv6-m\libg_s.a(lib_a-closer.o)
 .ARM.attributes
                0x00000da4       0x2c c:/freescale/kds_3.0.0/toolchain/bin/../lib/gcc/arm-none-eabi/4.8.4/../../../../arm-none-eabi/lib/armv6-m\libg_s.a(lib_a-fstatr.o)
 .ARM.attributes
                0x00000dd0       0x2c c:/freescale/kds_3.0.0/toolchain/bin/../lib/gcc/arm-none-eabi/4.8.4/../../../../arm-none-eabi/lib/armv6-m\libg_s.a(lib_a-isattyr.o)
 .ARM.attributes
                0x00000dfc       0x2c c:/freescale/kds_3.0.0/toolchain/bin/../lib/gcc/arm-none-eabi/4.8.4/../../../../arm-none-eabi/lib/armv6-m\libg_s.a(lib_a-lseekr.o)
 .ARM.attributes
                0x00000e28       0x2c c:/freescale/kds_3.0.0/toolchain/bin/../lib/gcc/arm-none-eabi/4.8.4/../../../../arm-none-eabi/lib/armv6-m\libg_s.a(lib_a-readr.o)
 .ARM.attributes
                0x00000e54       0x2c c:/freescale/kds_3.0.0/toolchain/bin/../lib/gcc/arm-none-eabi/4.8.4/../../../../arm-none-eabi/lib/armv6-m\libnosys.a(close.o)
 .ARM.attributes
                0x00000e80       0x2c c:/freescale/kds_3.0.0/toolchain/bin/../lib/gcc/arm-none-eabi/4.8.4/../../../../arm-none-eabi/lib/armv6-m\libnosys.a(fstat.o)
 .ARM.attributes
                0x00000eac       0x2c c:/freescale/kds_3.0.0/toolchain/bin/../lib/gcc/arm-none-eabi/4.8.4/../../../../arm-none-eabi/lib/armv6-m\libnosys.a(getpid.o)
 .ARM.attributes
                0x00000ed8       0x2c c:/freescale/kds_3.0.0/toolchain/bin/../lib/gcc/arm-none-eabi/4.8.4/../../../../arm-none-eabi/lib/armv6-m\libnosys.a(isatty.o)
 .ARM.attributes
                0x00000f04       0x2c c:/freescale/kds_3.0.0/toolchain/bin/../lib/gcc/arm-none-eabi/4.8.4/../../../../arm-none-eabi/lib/armv6-m\libnosys.a(kill.o)
 .ARM.attributes
                0x00000f30       0x2c c:/freescale/kds_3.0.0/toolchain/bin/../lib/gcc/arm-none-eabi/4.8.4/../../../../arm-none-eabi/lib/armv6-m\libnosys.a(lseek.o)
 .ARM.attributes
                0x00000f5c       0x2c c:/freescale/kds_3.0.0/toolchain/bin/../lib/gcc/arm-none-eabi/4.8.4/../../../../arm-none-eabi/lib/armv6-m\libnosys.a(sbrk.o)
 .ARM.attributes
                0x00000f88       0x2c c:/freescale/kds_3.0.0/toolchain/bin/../lib/gcc/arm-none-eabi/4.8.4/../../../../arm-none-eabi/lib/armv6-m\libnosys.a(_exit.o)
 .ARM.attributes
                0x00000fb4       0x2c c:/freescale/kds_3.0.0/toolchain/bin/../lib/gcc/arm-none-eabi/4.8.4/armv6-m/crtend.o
 .ARM.attributes
                0x00000fe0       0x1e c:/freescale/kds_3.0.0/toolchain/bin/../lib/gcc/arm-none-eabi/4.8.4/armv6-m/crtn.o
OUTPUT(LabLED.elf elf32-littlearm)

.debug_info     0x00000000     0xe4af
 .debug_info    0x00000000       0xf3 ./Static_Code/System/PE_low_level_init.o
 .debug_info    0x000000f3      0x421 ./Sources/Events.o
 .debug_info    0x00000514      0x164 ./Sources/main.o
 .debug_info    0x00000678      0x24e ./Sources/os_tasks.o
 .debug_info    0x000008c6       0xe0 ./SDK/rtos/FreeRTOS/src/heap_3.o
 .debug_info    0x000009a6      0x2a1 ./SDK/rtos/FreeRTOS/src/list.o
 .debug_info    0x00000c47      0xb06 ./SDK/rtos/FreeRTOS/src/queue.o
 .debug_info    0x0000174d     0x120e ./SDK/rtos/FreeRTOS/src/tasks.o
 .debug_info    0x0000295b      0x937 ./SDK/rtos/FreeRTOS/src/timers.o
 .debug_info    0x00003292      0x1fa ./SDK/rtos/FreeRTOS/port/gcc/port.o
 .debug_info    0x0000348c      0xa71 ./SDK/platform/utilities/src/fsl_debug_console.o
 .debug_info    0x00003efd      0x5eb ./SDK/platform/utilities/src/print_scan.o
 .debug_info    0x000044e8      0x290 ./SDK/platform/system/src/interrupt/fsl_interrupt_manager.o
 .debug_info    0x00004778     0x17ee ./SDK/platform/system/src/clock/MKL25Z4/fsl_clock_MKL25Z4.o
 .debug_info    0x00005f66      0x462 ./SDK/platform/system/src/clock/fsl_clock_manager_common.o
 .debug_info    0x000063c8      0xdf3 ./SDK/platform/osa/src/fsl_os_abstraction_free_rtos.o
 .debug_info    0x000071bb      0x83e ./SDK/platform/hal/src/uart/fsl_uart_hal.o
 .debug_info    0x000079f9      0xb9f ./SDK/platform/hal/src/mcg/fsl_mcg_hal.o
 .debug_info    0x00008598      0x947 ./SDK/platform/hal/src/lpsci/fsl_lpsci_hal.o
 .debug_info    0x00008edf      0x2f0 ./SDK/platform/hal/src/gpio/fsl_gpio_hal.o
 .debug_info    0x000091cf      0x2cf ./SDK/platform/drivers/src/pit/fsl_pit_common.o
 .debug_info    0x0000949e     0x13ae ./SDK/platform/drivers/src/pit/fsl_pit_driver.o
 .debug_info    0x0000a84c      0x397 ./SDK/platform/drivers/src/gpio/fsl_gpio_common.o
 .debug_info    0x0000abe3      0xe6a ./SDK/platform/drivers/src/gpio/fsl_gpio_driver.o
 .debug_info    0x0000ba4d       0x9f ./SDK/platform/devices/MKL25Z4/startup/gcc/startup_MKL25Z4.o
 .debug_info    0x0000baec      0x672 ./SDK/platform/devices/MKL25Z4/startup/system_MKL25Z4.o
 .debug_info    0x0000c15e      0x296 ./SDK/platform/devices/startup.o
 .debug_info    0x0000c3f4      0x725 ./Generated_Code/Cpu.o
 .debug_info    0x0000cb19      0x1fe ./Generated_Code/Task1.o
 .debug_info    0x0000cd17      0x1fe ./Generated_Code/Task2.o
 .debug_info    0x0000cf15      0x1fe ./Generated_Code/Task3.o
 .debug_info    0x0000d113      0x1fe ./Generated_Code/Task4.o
 .debug_info    0x0000d311      0x1fe ./Generated_Code/Task5.o
 .debug_info    0x0000d50f      0x1fe ./Generated_Code/TaskMaster.o
 .debug_info    0x0000d70d      0x2ac ./Generated_Code/gpio1.o
 .debug_info    0x0000d9b9      0x3cf ./Generated_Code/hardware_init.o
 .debug_info    0x0000dd88      0x618 ./Generated_Code/pin_init.o
 .debug_info    0x0000e3a0      0x10f ./Generated_Code/pitTimer1.o

.debug_abbrev   0x00000000     0x2fa5
 .debug_abbrev  0x00000000       0x75 ./Static_Code/System/PE_low_level_init.o
 .debug_abbrev  0x00000075      0x197 ./Sources/Events.o
 .debug_abbrev  0x0000020c       0x98 ./Sources/main.o
 .debug_abbrev  0x000002a4       0xd0 ./Sources/os_tasks.o
 .debug_abbrev  0x00000374       0xa2 ./SDK/rtos/FreeRTOS/src/heap_3.o
 .debug_abbrev  0x00000416       0xc1 ./SDK/rtos/FreeRTOS/src/list.o
 .debug_abbrev  0x000004d7      0x1a3 ./SDK/rtos/FreeRTOS/src/queue.o
 .debug_abbrev  0x0000067a      0x229 ./SDK/rtos/FreeRTOS/src/tasks.o
 .debug_abbrev  0x000008a3      0x194 ./SDK/rtos/FreeRTOS/src/timers.o
 .debug_abbrev  0x00000a37       0xed ./SDK/rtos/FreeRTOS/port/gcc/port.o
 .debug_abbrev  0x00000b24      0x23a ./SDK/platform/utilities/src/fsl_debug_console.o
 .debug_abbrev  0x00000d5e      0x1b6 ./SDK/platform/utilities/src/print_scan.o
 .debug_abbrev  0x00000f14      0x128 ./SDK/platform/system/src/interrupt/fsl_interrupt_manager.o
 .debug_abbrev  0x0000103c      0x2f0 ./SDK/platform/system/src/clock/MKL25Z4/fsl_clock_MKL25Z4.o
 .debug_abbrev  0x0000132c       0xde ./SDK/platform/system/src/clock/fsl_clock_manager_common.o
 .debug_abbrev  0x0000140a      0x221 ./SDK/platform/osa/src/fsl_os_abstraction_free_rtos.o
 .debug_abbrev  0x0000162b      0x1ee ./SDK/platform/hal/src/uart/fsl_uart_hal.o
 .debug_abbrev  0x00001819      0x22c ./SDK/platform/hal/src/mcg/fsl_mcg_hal.o
 .debug_abbrev  0x00001a45      0x211 ./SDK/platform/hal/src/lpsci/fsl_lpsci_hal.o
 .debug_abbrev  0x00001c56      0x11b ./SDK/platform/hal/src/gpio/fsl_gpio_hal.o
 .debug_abbrev  0x00001d71       0xdc ./SDK/platform/drivers/src/pit/fsl_pit_common.o
 .debug_abbrev  0x00001e4d      0x2cb ./SDK/platform/drivers/src/pit/fsl_pit_driver.o
 .debug_abbrev  0x00002118       0xc0 ./SDK/platform/drivers/src/gpio/fsl_gpio_common.o
 .debug_abbrev  0x000021d8      0x27a ./SDK/platform/drivers/src/gpio/fsl_gpio_driver.o
 .debug_abbrev  0x00002452       0x14 ./SDK/platform/devices/MKL25Z4/startup/gcc/startup_MKL25Z4.o
 .debug_abbrev  0x00002466      0x121 ./SDK/platform/devices/MKL25Z4/startup/system_MKL25Z4.o
 .debug_abbrev  0x00002587       0xe9 ./SDK/platform/devices/startup.o
 .debug_abbrev  0x00002670      0x15f ./Generated_Code/Cpu.o
 .debug_abbrev  0x000027cf       0xb0 ./Generated_Code/Task1.o
 .debug_abbrev  0x0000287f       0xb0 ./Generated_Code/Task2.o
 .debug_abbrev  0x0000292f       0xb0 ./Generated_Code/Task3.o
 .debug_abbrev  0x000029df       0xb0 ./Generated_Code/Task4.o
 .debug_abbrev  0x00002a8f       0xb0 ./Generated_Code/Task5.o
 .debug_abbrev  0x00002b3f       0xb0 ./Generated_Code/TaskMaster.o
 .debug_abbrev  0x00002bef       0xa7 ./Generated_Code/gpio1.o
 .debug_abbrev  0x00002c96      0x10c ./Generated_Code/hardware_init.o
 .debug_abbrev  0x00002da2      0x174 ./Generated_Code/pin_init.o
 .debug_abbrev  0x00002f16       0x8f ./Generated_Code/pitTimer1.o

.debug_aranges  0x00000000     0x1078
 .debug_aranges
                0x00000000       0x28 ./Static_Code/System/PE_low_level_init.o
 .debug_aranges
                0x00000028       0x28 ./Sources/Events.o
 .debug_aranges
                0x00000050       0x20 ./Sources/main.o
 .debug_aranges
                0x00000070       0x48 ./Sources/os_tasks.o
 .debug_aranges
                0x000000b8       0x28 ./SDK/rtos/FreeRTOS/src/heap_3.o
 .debug_aranges
                0x000000e0       0x40 ./SDK/rtos/FreeRTOS/src/list.o
 .debug_aranges
                0x00000120       0xf0 ./SDK/rtos/FreeRTOS/src/queue.o
 .debug_aranges
                0x00000210      0x188 ./SDK/rtos/FreeRTOS/src/tasks.o
 .debug_aranges
                0x00000398       0x98 ./SDK/rtos/FreeRTOS/src/timers.o
 .debug_aranges
                0x00000430       0x80 ./SDK/rtos/FreeRTOS/port/gcc/port.o
 .debug_aranges
                0x000004b0       0xa0 ./SDK/platform/utilities/src/fsl_debug_console.o
 .debug_aranges
                0x00000550       0x48 ./SDK/platform/utilities/src/print_scan.o
 .debug_aranges
                0x00000598       0x30 ./SDK/platform/system/src/interrupt/fsl_interrupt_manager.o
 .debug_aranges
                0x000005c8      0x218 ./SDK/platform/system/src/clock/MKL25Z4/fsl_clock_MKL25Z4.o
 .debug_aranges
                0x000007e0       0x18 ./SDK/platform/system/src/clock/fsl_clock_manager_common.o
 .debug_aranges
                0x000007f8      0x148 ./SDK/platform/osa/src/fsl_os_abstraction_free_rtos.o
 .debug_aranges
                0x00000940       0xb0 ./SDK/platform/hal/src/uart/fsl_uart_hal.o
 .debug_aranges
                0x000009f0       0xd8 ./SDK/platform/hal/src/mcg/fsl_mcg_hal.o
 .debug_aranges
                0x00000ac8       0xc8 ./SDK/platform/hal/src/lpsci/fsl_lpsci_hal.o
 .debug_aranges
                0x00000b90       0x38 ./SDK/platform/hal/src/gpio/fsl_gpio_hal.o
 .debug_aranges
                0x00000bc8       0x18 ./SDK/platform/drivers/src/pit/fsl_pit_common.o
 .debug_aranges
                0x00000be0      0x160 ./SDK/platform/drivers/src/pit/fsl_pit_driver.o
 .debug_aranges
                0x00000d40       0x18 ./SDK/platform/drivers/src/gpio/fsl_gpio_common.o
 .debug_aranges
                0x00000d58       0xf0 ./SDK/platform/drivers/src/gpio/fsl_gpio_driver.o
 .debug_aranges
                0x00000e48       0x20 ./SDK/platform/devices/MKL25Z4/startup/gcc/startup_MKL25Z4.o
 .debug_aranges
                0x00000e68       0x28 ./SDK/platform/devices/MKL25Z4/startup/system_MKL25Z4.o
 .debug_aranges
                0x00000e90       0x20 ./SDK/platform/devices/startup.o
 .debug_aranges
                0x00000eb0       0x30 ./Generated_Code/Cpu.o
 .debug_aranges
                0x00000ee0       0x20 ./Generated_Code/Task1.o
 .debug_aranges
                0x00000f00       0x20 ./Generated_Code/Task2.o
 .debug_aranges
                0x00000f20       0x20 ./Generated_Code/Task3.o
 .debug_aranges
                0x00000f40       0x20 ./Generated_Code/Task4.o
 .debug_aranges
                0x00000f60       0x20 ./Generated_Code/Task5.o
 .debug_aranges
                0x00000f80       0x20 ./Generated_Code/TaskMaster.o
 .debug_aranges
                0x00000fa0       0x18 ./Generated_Code/gpio1.o
 .debug_aranges
                0x00000fb8       0x28 ./Generated_Code/hardware_init.o
 .debug_aranges
                0x00000fe0       0x80 ./Generated_Code/pin_init.o
 .debug_aranges
                0x00001060       0x18 ./Generated_Code/pitTimer1.o

.debug_ranges   0x00000000      0xde0
 .debug_ranges  0x00000000       0x18 ./Static_Code/System/PE_low_level_init.o
 .debug_ranges  0x00000018       0x18 ./Sources/Events.o
 .debug_ranges  0x00000030       0x10 ./Sources/main.o
 .debug_ranges  0x00000040       0x38 ./Sources/os_tasks.o
 .debug_ranges  0x00000078       0x18 ./SDK/rtos/FreeRTOS/src/heap_3.o
 .debug_ranges  0x00000090       0x30 ./SDK/rtos/FreeRTOS/src/list.o
 .debug_ranges  0x000000c0       0xe0 ./SDK/rtos/FreeRTOS/src/queue.o
 .debug_ranges  0x000001a0      0x178 ./SDK/rtos/FreeRTOS/src/tasks.o
 .debug_ranges  0x00000318       0x88 ./SDK/rtos/FreeRTOS/src/timers.o
 .debug_ranges  0x000003a0       0x70 ./SDK/rtos/FreeRTOS/port/gcc/port.o
 .debug_ranges  0x00000410       0x90 ./SDK/platform/utilities/src/fsl_debug_console.o
 .debug_ranges  0x000004a0       0x38 ./SDK/platform/utilities/src/print_scan.o
 .debug_ranges  0x000004d8       0x20 ./SDK/platform/system/src/interrupt/fsl_interrupt_manager.o
 .debug_ranges  0x000004f8      0x208 ./SDK/platform/system/src/clock/MKL25Z4/fsl_clock_MKL25Z4.o
 .debug_ranges  0x00000700      0x138 ./SDK/platform/osa/src/fsl_os_abstraction_free_rtos.o
 .debug_ranges  0x00000838       0xa0 ./SDK/platform/hal/src/uart/fsl_uart_hal.o