Archive member included because of file (symbol)

c:/freescale/kds_3.0.0/toolchain/bin/../lib/gcc/arm-none-eabi/4.8.4/armv6-m\libgcc.a(_udivsi3.o)
                              ./SDK/platform/utilities/src/print_scan.o (__aeabi_uidiv)
c:/freescale/kds_3.0.0/toolchain/bin/../lib/gcc/arm-none-eabi/4.8.4/armv6-m\libgcc.a(_divsi3.o)
                              ./SDK/platform/utilities/src/print_scan.o (__aeabi_idiv)
c:/freescale/kds_3.0.0/toolchain/bin/../lib/gcc/arm-none-eabi/4.8.4/armv6-m\libgcc.a(_dvmd_tls.o)
                              c:/freescale/kds_3.0.0/toolchain/bin/../lib/gcc/arm-none-eabi/4.8.4/armv6-m\libgcc.a(_udivsi3.o) (__aeabi_idiv0)
c:/freescale/kds_3.0.0/toolchain/bin/../lib/gcc/arm-none-eabi/4.8.4/armv6-m\libgcc.a(_aeabi_uldivmod.o)
                              ./SDK/platform/drivers/src/pit/fsl_pit_driver.o (__aeabi_uldivmod)
c:/freescale/kds_3.0.0/toolchain/bin/../lib/gcc/arm-none-eabi/4.8.4/armv6-m\libgcc.a(_muldi3.o)
                              ./SDK/platform/drivers/src/pit/fsl_pit_driver.o (__aeabi_lmul)
c:/freescale/kds_3.0.0/toolchain/bin/../lib/gcc/arm-none-eabi/4.8.4/armv6-m\libgcc.a(bpabi.o)
                              c:/freescale/kds_3.0.0/toolchain/bin/../lib/gcc/arm-none-eabi/4.8.4/armv6-m\libgcc.a(_aeabi_uldivmod.o) (__gnu_uldivmod_helper)
c:/freescale/kds_3.0.0/toolchain/bin/../lib/gcc/arm-none-eabi/4.8.4/armv6-m\libgcc.a(_divdi3.o)
                              c:/freescale/kds_3.0.0/toolchain/bin/../lib/gcc/arm-none-eabi/4.8.4/armv6-m\libgcc.a(bpabi.o) (__divdi3)
c:/freescale/kds_3.0.0/toolchain/bin/../lib/gcc/arm-none-eabi/4.8.4/armv6-m\libgcc.a(_udivdi3.o)
                              c:/freescale/kds_3.0.0/toolchain/bin/../lib/gcc/arm-none-eabi/4.8.4/armv6-m\libgcc.a(bpabi.o) (__udivdi3)
c:/freescale/kds_3.0.0/toolchain/bin/../lib/gcc/arm-none-eabi/4.8.4/armv6-m\libgcc.a(_clzsi2.o)
                              c:/freescale/kds_3.0.0/toolchain/bin/../lib/gcc/arm-none-eabi/4.8.4/armv6-m\libgcc.a(_divdi3.o) (__clzsi2)
c:/freescale/kds_3.0.0/toolchain/bin/../lib/gcc/arm-none-eabi/4.8.4/../../../../arm-none-eabi/lib/armv6-m\libg_s.a(lib_a-assert.o)
                              ./Sources/Events.o (__assert_func)
c:/freescale/kds_3.0.0/toolchain/bin/../lib/gcc/arm-none-eabi/4.8.4/../../../../arm-none-eabi/lib/armv6-m\libg_s.a(lib_a-exit.o)
                              c:/freescale/kds_3.0.0/toolchain/bin/../lib/gcc/arm-none-eabi/4.8.4/../../../../arm-none-eabi/lib/armv6-m/crt0.o (exit)
c:/freescale/kds_3.0.0/toolchain/bin/../lib/gcc/arm-none-eabi/4.8.4/../../../../arm-none-eabi/lib/armv6-m\libg_s.a(lib_a-fprintf.o)
                              c:/freescale/kds_3.0.0/toolchain/bin/../lib/gcc/arm-none-eabi/4.8.4/../../../../arm-none-eabi/lib/armv6-m\libg_s.a(lib_a-assert.o) (fiprintf)
c:/freescale/kds_3.0.0/toolchain/bin/../lib/gcc/arm-none-eabi/4.8.4/../../../../arm-none-eabi/lib/armv6-m\libg_s.a(lib_a-impure.o)
                              c:/freescale/kds_3.0.0/toolchain/bin/../lib/gcc/arm-none-eabi/4.8.4/../../../../arm-none-eabi/lib/armv6-m\libg_s.a(lib_a-exit.o) (_global_impure_ptr)
c:/freescale/kds_3.0.0/toolchain/bin/../lib/gcc/arm-none-eabi/4.8.4/../../../../arm-none-eabi/lib/armv6-m\libg_s.a(lib_a-init.o)
                              c:/freescale/kds_3.0.0/toolchain/bin/../lib/gcc/arm-none-eabi/4.8.4/../../../../arm-none-eabi/lib/armv6-m/crt0.o (__libc_init_array)
c:/freescale/kds_3.0.0/toolchain/bin/../lib/gcc/arm-none-eabi/4.8.4/../../../../arm-none-eabi/lib/armv6-m\libg_s.a(lib_a-malloc.o)
                              ./SDK/rtos/FreeRTOS/src/heap_3.o (malloc)
c:/freescale/kds_3.0.0/toolchain/bin/../lib/gcc/arm-none-eabi/4.8.4/../../../../arm-none-eabi/lib/armv6-m\libg_s.a(lib_a-memcpy-stub.o)
                              ./SDK/rtos/FreeRTOS/src/queue.o (memcpy)
c:/freescale/kds_3.0.0/toolchain/bin/../lib/gcc/arm-none-eabi/4.8.4/../../../../arm-none-eabi/lib/armv6-m\libg_s.a(lib_a-memset.o)
                              c:/freescale/kds_3.0.0/toolchain/bin/../lib/gcc/arm-none-eabi/4.8.4/../../../../arm-none-eabi/lib/armv6-m/crt0.o (memset)
c:/freescale/kds_3.0.0/toolchain/bin/../lib/gcc/arm-none-eabi/4.8.4/../../../../arm-none-eabi/lib/armv6-m\libg_s.a(lib_a-nano-freer.o)
                              c:/freescale/kds_3.0.0/toolchain/bin/../lib/gcc/arm-none-eabi/4.8.4/../../../../arm-none-eabi/lib/armv6-m\libg_s.a(lib_a-malloc.o) (_free_r)
c:/freescale/kds_3.0.0/toolchain/bin/../lib/gcc/arm-none-eabi/4.8.4/../../../../arm-none-eabi/lib/armv6-m\libg_s.a(lib_a-nano-mallocr.o)
                              c:/freescale/kds_3.0.0/toolchain/bin/../lib/gcc/arm-none-eabi/4.8.4/../../../../arm-none-eabi/lib/armv6-m\libg_s.a(lib_a-malloc.o) (_malloc_r)
c:/freescale/kds_3.0.0/toolchain/bin/../lib/gcc/arm-none-eabi/4.8.4/../../../../arm-none-eabi/lib/armv6-m\libg_s.a(lib_a-sbrkr.o)
                              c:/freescale/kds_3.0.0/toolchain/bin/../lib/gcc/arm-none-eabi/4.8.4/../../../../arm-none-eabi/lib/armv6-m\libg_s.a(lib_a-nano-mallocr.o) (_sbrk_r)
[...]
Memory Configuration

Name             Origin             Length             Attributes
m_interrupts     0x00000000         0x00000200         xr
m_flash_config   0x00000400         0x00000010         xr
m_interrupts_ram 0x1ffff000         0x00000200         rw
m_text           0x00000410         0x0001fbf0         xr
m_data           0x1ffff200         0x00003e00         rw
*default*        0x00000000         0xffffffff

Linker script and memory map

LOAD c:/freescale/kds_3.0.0/toolchain/bin/../lib/gcc/arm-none-eabi/4.8.4/armv6-m/crti.o
LOAD c:/freescale/kds_3.0.0/toolchain/bin/../lib/gcc/arm-none-eabi/4.8.4/armv6-m/crtbegin.o
LOAD c:/freescale/kds_3.0.0/toolchain/bin/../lib/gcc/arm-none-eabi/4.8.4/../../../../arm-none-eabi/lib/armv6-m/crt0.o
LOAD ./Static_Code/System/PE_low_level_init.o
LOAD ./Sources/customComponents/led_hal.o
LOAD ./Sources/Events.o
LOAD ./Sources/main.o
LOAD ./Sources/os_tasks.o
LOAD ./SDK/rtos/FreeRTOS/src/croutine.o
LOAD ./SDK/rtos/FreeRTOS/src/event_groups.o
LOAD ./SDK/rtos/FreeRTOS/src/heap_1.o
LOAD ./SDK/rtos/FreeRTOS/src/heap_2.o
LOAD ./SDK/rtos/FreeRTOS/src/heap_3.o
LOAD ./SDK/rtos/FreeRTOS/src/heap_4.o
LOAD ./SDK/rtos/FreeRTOS/src/list.o
LOAD ./SDK/rtos/FreeRTOS/src/queue.o
LOAD ./SDK/rtos/FreeRTOS/src/tasks.o
LOAD ./SDK/rtos/FreeRTOS/src/timers.o
LOAD ./SDK/rtos/FreeRTOS/port/gcc/port.o
LOAD ./SDK/rtos/FreeRTOS/port/gcc/portasm.o
LOAD ./SDK/platform/utilities/src/fsl_debug_console.o
LOAD ./SDK/platform/utilities/src/print_scan.o
LOAD ./SDK/platform/system/src/interrupt/fsl_interrupt_manager.o
LOAD ./SDK/platform/system/src/clock/MKL25Z4/fsl_clock_MKL25Z4.o
LOAD ./SDK/platform/system/src/clock/fsl_clock_manager.o
LOAD ./SDK/platform/system/src/clock/fsl_clock_manager_common.o
LOAD ./SDK/platform/osa/src/fsl_os_abstraction_free_rtos.o
LOAD ./SDK/platform/hal/src/uart/fsl_uart_hal.o
LOAD ./SDK/platform/hal/src/sim/MKL25Z4/fsl_sim_hal_MKL25Z4.o
LOAD ./SDK/platform/hal/src/rtc/fsl_rtc_hal.o
LOAD ./SDK/platform/hal/src/port/fsl_port_hal.o
LOAD ./SDK/platform/hal/src/pit/fsl_pit_hal.o
LOAD ./SDK/platform/hal/src/osc/fsl_osc_hal.o
LOAD ./SDK/platform/hal/src/mcg/fsl_mcg_hal.o
LOAD ./SDK/platform/hal/src/mcg/fsl_mcg_hal_modes.o
LOAD ./SDK/platform/hal/src/lpsci/fsl_lpsci_hal.o
LOAD ./SDK/platform/hal/src/gpio/fsl_gpio_hal.o
LOAD ./SDK/platform/drivers/src/rtc/fsl_rtc_common.o
LOAD ./SDK/platform/drivers/src/pit/fsl_pit_common.o
LOAD ./SDK/platform/drivers/src/pit/fsl_pit_driver.o
LOAD ./SDK/platform/drivers/src/gpio/fsl_gpio_common.o
LOAD ./SDK/platform/drivers/src/gpio/fsl_gpio_driver.o
LOAD ./SDK/platform/devices/MKL25Z4/startup/gcc/startup_MKL25Z4.o
LOAD ./SDK/platform/devices/MKL25Z4/startup/system_MKL25Z4.o
LOAD ./SDK/platform/devices/startup.o
LOAD ./Generated_Code/Cpu.o
LOAD ./Generated_Code/DbgCs1.o
LOAD ./Generated_Code/Task1.o
LOAD ./Generated_Code/Task2.o
LOAD ./Generated_Code/Task3.o
LOAD ./Generated_Code/Task4.o
LOAD ./Generated_Code/Task5.o
LOAD ./Generated_Code/TaskMaster.o
LOAD ./Generated_Code/clockMan1.o
LOAD ./Generated_Code/free_rtos.o
LOAD ./Generated_Code/gpio1.o
LOAD ./Generated_Code/hardware_init.o
LOAD ./Generated_Code/osa1.o
LOAD ./Generated_Code/pin_init.o
LOAD ./Generated_Code/pitTimer1.o
LOAD c:/freescale/kds_3.0.0/toolchain/bin/../lib/gcc/arm-none-eabi/4.8.4/../../../../arm-none-eabi/lib/armv6-m\libstdc++_s.a
LOAD c:/freescale/kds_3.0.0/toolchain/bin/../lib/gcc/arm-none-eabi/4.8.4/../../../../arm-none-eabi/lib/armv6-m\libm.a
START GROUP
LOAD c:/freescale/kds_3.0.0/toolchain/bin/../lib/gcc/arm-none-eabi/4.8.4/armv6-m\libgcc.a
LOAD c:/freescale/kds_3.0.0/toolchain/bin/../lib/gcc/arm-none-eabi/4.8.4/../../../../arm-none-eabi/lib/armv6-m\libg_s.a
LOAD c:/freescale/kds_3.0.0/toolchain/bin/../lib/gcc/arm-none-eabi/4.8.4/../../../../arm-none-eabi/lib/armv6-m\libc_s.a
END GROUP
START GROUP
LOAD c:/freescale/kds_3.0.0/toolchain/bin/../lib/gcc/arm-none-eabi/4.8.4/armv6-m\libgcc.a
LOAD c:/freescale/kds_3.0.0/toolchain/bin/../lib/gcc/arm-none-eabi/4.8.4/../../../../arm-none-eabi/lib/armv6-m\libc_s.a
LOAD c:/freescale/kds_3.0.0/toolchain/bin/../lib/gcc/arm-none-eabi/4.8.4/../../../../arm-none-eabi/lib/armv6-m\libnosys.a
END GROUP
START GROUP
LOAD c:/freescale/kds_3.0.0/toolchain/bin/../lib/gcc/arm-none-eabi/4.8.4/armv6-m\libgcc.a
LOAD c:/freescale/kds_3.0.0/toolchain/bin/../lib/gcc/arm-none-eabi/4.8.4/../../../../arm-none-eabi/lib/armv6-m\libc_s.a
LOAD c:/freescale/kds_3.0.0/toolchain/bin/../lib/gcc/arm-none-eabi/4.8.4/../../../../arm-none-eabi/lib/armv6-m\libnosys.a
END GROUP
LOAD c:/freescale/kds_3.0.0/toolchain/bin/../lib/gcc/arm-none-eabi/4.8.4/armv6-m/crtend.o
LOAD c:/freescale/kds_3.0.0/toolchain/bin/../lib/gcc/arm-none-eabi/4.8.4/armv6-m/crtn.o
                0x00000000                HEAP_SIZE = DEFINED (__heap_size__)?__heap_size__:0x0
                0x00000400                STACK_SIZE = DEFINED (__stack_size__)?__stack_size__:0x400

.interrupts     0x00000000       0xc0
                0x00000000                __VECTOR_TABLE = .
                0x00000000                . = ALIGN (0x4)
 *(.isr_vector)
 .isr_vector    0x00000000       0xc0 ./SDK/platform/devices/MKL25Z4/startup/gcc/startup_MKL25Z4.o
                0x00000000                __isr_vector
                0x000000c0                . = ALIGN (0x4)
                0x1ffff000                __VECTOR_RAM = ORIGIN (m_interrupts_ram)

.flash_config   0x00000400       0x10
                0x00000400                . = ALIGN (0x4)
 *(.FlashConfig)
 .FlashConfig   0x00000400       0x10 ./SDK/platform/devices/MKL25Z4/startup/gcc/startup_MKL25Z4.o
                0x00000410                . = ALIGN (0x4)

.text           0x00000410     0x7064
                0x00000410                . = ALIGN (0x4)
 *(.text)
 .text          0x00000410       0x60 c:/freescale/kds_3.0.0/toolchain/bin/../lib/gcc/arm-none-eabi/4.8.4/armv6-m/crtbegin.o
 .text          0x00000470       0x78 c:/freescale/kds_3.0.0/toolchain/bin/../lib/gcc/arm-none-eabi/4.8.4/../../../../arm-none-eabi/lib/armv6-m/crt0.o
                0x00000470                _start
                0x00000470                _mainCRTStartup
 .text          0x000004e8       0x18 ./SDK/platform/devices/MKL25Z4/startup/gcc/startup_MKL25Z4.o
                0x000004e8                Reset_Handler
                0x000004f8                HardFault_Handler
                0x000004f8                NMI_Handler
                0x000004f8                I2C1_IRQHandler
                0x000004f8                UART1_IRQHandler
                0x000004f8                DMA2_IRQHandler
                0x000004f8                TPM0_IRQHandler
                0x000004f8                LLWU_IRQHandler
                0x000004f8                TSI0_IRQHandler
                0x000004f8                UART0_IRQHandler
                0x000004f8                ADC0_IRQHandler
                0x000004f8                Reserved39_IRQHandler
                0x000004f8                SPI1_IRQHandler
                0x000004f8                DefaultISR
                0x000004f8                PORTD_IRQHandler
                0x000004f8                TPM2_IRQHandler
                0x000004f8                RTC_IRQHandler
                0x000004f8                I2C0_IRQHandler
                0x000004f8                RTC_Seconds_IRQHandler
                0x000004f8                MCG_IRQHandler
                0x000004f8                UART2_IRQHandler
                0x000004f8                Reserved20_IRQHandler
                0x000004f8                USB0_IRQHandler
                0x000004f8                PIT_IRQHandler
                0x000004f8                DMA3_IRQHandler
                0x000004f8                DMA0_IRQHandler
                0x000004f8                DAC0_IRQHandler
                0x000004f8                Reserved45_IRQHandler
                0x000004f8                TPM1_IRQHandler
                0x000004f8                LVD_LVW_IRQHandler
                0x000004f8                SPI0_IRQHandler
                0x000004f8                PORTA_IRQHandler
                0x000004f8                FTFA_IRQHandler
                0x000004f8                LPTMR0_IRQHandler
                0x000004f8                CMP0_IRQHandler
                0x000004f8                DMA1_IRQHandler
 .text          0x00000500       0x9c c:/freescale/kds_3.0.0/toolchain/bin/../lib/gcc/arm-none-eabi/4.8.4/armv6-m\libgcc.a(_udivsi3.o)
                0x00000500                __aeabi_uidiv
                0x00000500                __udivsi3
                0x00000588                __aeabi_uidivmod
 .text          0x0000059c       0xc0 c:/freescale/kds_3.0.0/toolchain/bin/../lib/gcc/arm-none-eabi/4.8.4/armv6-m\libgcc.a(_divsi3.o)
                0x0000059c                __divsi3
                0x0000059c                __aeabi_idiv
                0x00000648                __aeabi_idivmod
 .text          0x0000065c        0x4 c:/freescale/kds_3.0.0/toolchain/bin/../lib/gcc/arm-none-eabi/4.8.4/armv6-m\libgcc.a(_dvmd_tls.o)
                0x0000065c                __aeabi_idiv0
                0x0000065c                __aeabi_ldiv0
 .text          0x00000660       0x40 c:/freescale/kds_3.0.0/toolchain/bin/../lib/gcc/arm-none-eabi/4.8.4/armv6-m\libgcc.a(_aeabi_uldivmod.o)
                0x00000660                __aeabi_uldivmod
 .text          0x000006a0       0x44 c:/freescale/kds_3.0.0/toolchain/bin/../lib/gcc/arm-none-eabi/4.8.4/armv6-m\libgcc.a(_muldi3.o)
                0x000006a0                __muldi3
                0x000006a0                __aeabi_lmul
 .text          0x000006e4       0x6c c:/freescale/kds_3.0.0/toolchain/bin/../lib/gcc/arm-none-eabi/4.8.4/armv6-m\libgcc.a(bpabi.o)
                0x000006e4                __gnu_ldivmod_helper
                0x0000071c                __gnu_uldivmod_helper
 .text          0x00000750      0x3b8 c:/freescale/kds_3.0.0/toolchain/bin/../lib/gcc/arm-none-eabi/4.8.4/armv6-m\libgcc.a(_divdi3.o)
                0x00000750                __divdi3
 .text          0x00000b08      0x384 c:/freescale/kds_3.0.0/toolchain/bin/../lib/gcc/arm-none-eabi/4.8.4/armv6-m\libgcc.a(_udivdi3.o)
                0x00000b08                __udivdi3
 .text          0x00000e8c       0x3c c:/freescale/kds_3.0.0/toolchain/bin/../lib/gcc/arm-none-eabi/4.8.4/armv6-m\libgcc.a(_clzsi2.o)
                0x00000e8c                __clzsi2
 *(.text*)
 .text.PEX_components_init
                0x00000ec8        0xc ./Static_Code/System/PE_low_level_init.o
                0x00000ec8                PEX_components_init
 .text.PE_low_level_init
                0x00000ed4       0x14 ./Static_Code/System/PE_low_level_init.o
                0x00000ed4                PE_low_level_init
 .text.PIT_HAL_ClearIntFlag
                0x00000ee8       0x44 ./Sources/Events.o
 .text.pitTimer1_IRQHandler
                0x00000f2c       0x7c ./Sources/Events.o
                0x00000f2c                pitTimer1_IRQHandler
 .text.main     0x00000fa8       0x54 ./Sources/main.o
                0x00000fa8                main
 .text.Task5_task
                0x00000ffc       0x28 ./Sources/os_tasks.o
                0x00000ffc                Task5_task
 .text.Task4_task
                0x00001024       0x28 ./Sources/os_tasks.o
                0x00001024                Task4_task
 .text.Task3_task
                0x0000104c       0x28 ./Sources/os_tasks.o
                0x0000104c                Task3_task
 .text.Task2_task
                0x00001074       0x28 ./Sources/os_tasks.o
                0x00001074                Task2_task
 .text.Task1_task
                0x0000109c       0x28 ./Sources/os_tasks.o
                0x0000109c                Task1_task
 .text.Task6_task
                0x000010c4       0x14 ./Sources/os_tasks.o
                0x000010c4                Task6_task
 .text.pvPortMalloc
                0x000010d8       0x28 ./SDK/rtos/FreeRTOS/src/heap_3.o
                0x000010d8                pvPortMalloc
 .text.vPortFree
                0x00001100       0x24 ./SDK/rtos/FreeRTOS/src/heap_3.o
                0x00001100                vPortFree
 .text.vListInitialise
                0x00001124       0x3c ./SDK/rtos/FreeRTOS/src/list.o
                0x00001124                vListInitialise
 .text.vListInitialiseItem
                0x00001160       0x14 ./SDK/rtos/FreeRTOS/src/list.o
                0x00001160                vListInitialiseItem
 .text.vListInsertEnd
                0x00001174       0x44 ./SDK/rtos/FreeRTOS/src/list.o
                0x00001174                vListInsertEnd
 .text.vListInsert
                0x000011b8       0x6c ./SDK/rtos/FreeRTOS/src/list.o
                0x000011b8                vListInsert
 .text.uxListRemove
                0x00001224       0x50 ./SDK/rtos/FreeRTOS/src/list.o
                0x00001224                uxListRemove
 .text.xQueueGenericReset
                0x00001274       0xac ./SDK/rtos/FreeRTOS/src/queue.o
                0x00001274                xQueueGenericReset
 .text.xQueueGenericCreate
                0x00001320       0x80 ./SDK/rtos/FreeRTOS/src/queue.o
                0x00001320                xQueueGenericCreate
 .text.xQueueCreateCountingSemaphore
                0x000013a0       0x50 ./SDK/rtos/FreeRTOS/src/queue.o
                0x000013a0                xQueueCreateCountingSemaphore
 .text.xQueueGenericSend
                0x000013f0      0x180 ./SDK/rtos/FreeRTOS/src/queue.o
                0x000013f0                xQueueGenericSend
 .text.xQueueGenericSendFromISR
                0x00001570       0xcc ./SDK/rtos/FreeRTOS/src/queue.o
                0x00001570                xQueueGenericSendFromISR
 .text.xQueueGenericReceive
                0x0000163c      0x1bc ./SDK/rtos/FreeRTOS/src/queue.o
                0x0000163c                xQueueGenericReceive
 .text.prvCopyDataToQueue
                0x000017f8       0xd4 ./SDK/rtos/FreeRTOS/src/queue.o
 .text.prvCopyDataFromQueue
                0x000018cc       0x50 ./SDK/rtos/FreeRTOS/src/queue.o
 .text.prvUnlockQueue
                0x0000191c       0x98 ./SDK/rtos/FreeRTOS/src/queue.o
 .text.prvIsQueueEmpty
                0x000019b4       0x2c ./SDK/rtos/FreeRTOS/src/queue.o
 .text.prvIsQueueFull
                0x000019e0       0x30 ./SDK/rtos/FreeRTOS/src/queue.o
 .text.vQueueWaitForMessageRestricted
                0x00001a10       0x58 ./SDK/rtos/FreeRTOS/src/queue.o
                0x00001a10                vQueueWaitForMessageRestricted
 .text.xTaskGenericCreate
                0x00001a68      0x16c ./SDK/rtos/FreeRTOS/src/tasks.o
                0x00001a68                xTaskGenericCreate
 .text.vTaskStartScheduler
                0x00001bd4       0x74 ./SDK/rtos/FreeRTOS/src/tasks.o
                0x00001bd4                vTaskStartScheduler
 .text.vTaskSuspendAll
                0x00001c48       0x18 ./SDK/rtos/FreeRTOS/src/tasks.o
                0x00001c48                vTaskSuspendAll
 .text.xTaskResumeAll
                0x00001c60      0x108 ./SDK/rtos/FreeRTOS/src/tasks.o
                0x00001c60                xTaskResumeAll
 .text.xTaskGetTickCount
                0x00001d68       0x24 ./SDK/rtos/FreeRTOS/src/tasks.o
                0x00001d68                xTaskGetTickCount
 .text.xTaskIncrementTick
                0x00001d8c      0x16c ./SDK/rtos/FreeRTOS/src/tasks.o
                0x00001d8c                xTaskIncrementTick
 .text.vTaskSwitchContext
                0x00001ef8       0xa0 ./SDK/rtos/FreeRTOS/src/tasks.o
                0x00001ef8                vTaskSwitchContext
 .text.vTaskPlaceOnEventList
                0x00001f98       0x6c ./SDK/rtos/FreeRTOS/src/tasks.o
                0x00001f98                vTaskPlaceOnEventList
 .text.vTaskPlaceOnEventListRestricted
                0x00002004       0x50 ./SDK/rtos/FreeRTOS/src/tasks.o
                0x00002004                vTaskPlaceOnEventListRestricted
 .text.xTaskRemoveFromEventList
                0x00002054       0xb8 ./SDK/rtos/FreeRTOS/src/tasks.o
                0x00002054                xTaskRemoveFromEventList
 .text.vTaskSetTimeOutState
                0x0000210c       0x30 ./SDK/rtos/FreeRTOS/src/tasks.o
                0x0000210c                vTaskSetTimeOutState
 .text.xTaskCheckForTimeOut
                0x0000213c       0x9c ./SDK/rtos/FreeRTOS/src/tasks.o
                0x0000213c                xTaskCheckForTimeOut
 .text.vTaskMissedYield
                0x000021d8       0x14 ./SDK/rtos/FreeRTOS/src/tasks.o
                0x000021d8                vTaskMissedYield
 .text.prvIdleTask
                0x000021ec       0x20 ./SDK/rtos/FreeRTOS/src/tasks.o
 .text.prvInitialiseTCBVariables
                0x0000220c       0x90 ./SDK/rtos/FreeRTOS/src/tasks.o
 .text.prvInitialiseTaskLists
                0x0000229c       0x88 ./SDK/rtos/FreeRTOS/src/tasks.o
 .text.prvCheckTasksWaitingTermination
                0x00002324       0x74 ./SDK/rtos/FreeRTOS/src/tasks.o
 .text.prvAddCurrentTaskToDelayedList
                0x00002398       0x6c ./SDK/rtos/FreeRTOS/src/tasks.o
 .text.prvAllocateTCBAndStack
                0x00002404       0x70 ./SDK/rtos/FreeRTOS/src/tasks.o
 .text.prvDeleteTCB
                0x00002474       0x20 ./SDK/rtos/FreeRTOS/src/tasks.o
 .text.prvResetNextTaskUnblockTime
                0x00002494       0x44 ./SDK/rtos/FreeRTOS/src/tasks.o
 .text.xTaskGetCurrentTaskHandle
                0x000024d8       0x1c ./SDK/rtos/FreeRTOS/src/tasks.o
                0x000024d8                xTaskGetCurrentTaskHandle
 .text.xTaskGetSchedulerState
                0x000024f4       0x38 ./SDK/rtos/FreeRTOS/src/tasks.o
                0x000024f4                xTaskGetSchedulerState
 .text.vTaskPriorityInherit
                0x0000252c       0xbc ./SDK/rtos/FreeRTOS/src/tasks.o
                0x0000252c                vTaskPriorityInherit
 .text.vTaskPriorityDisinherit
                0x000025e8       0x84 ./SDK/rtos/FreeRTOS/src/tasks.o
                0x000025e8                vTaskPriorityDisinherit
 .text.xTimerCreateTimerTask
                0x0000266c       0x60 ./SDK/rtos/FreeRTOS/src/timers.o
                0x0000266c                xTimerCreateTimerTask
 .text.xTimerGenericCommand
                0x000026cc       0xa0 ./SDK/rtos/FreeRTOS/src/timers.o
                0x000026cc                xTimerGenericCommand
 .text.prvProcessExpiredTimer
                0x0000276c       0x74 ./SDK/rtos/FreeRTOS/src/timers.o
 .text.prvTimerTask
                0x000027e0       0x28 ./SDK/rtos/FreeRTOS/src/timers.o
 .text.prvProcessTimerOrBlockTask
                0x00002808       0x74 ./SDK/rtos/FreeRTOS/src/timers.o
 .text.prvGetNextExpireTime
                0x0000287c       0x40 ./SDK/rtos/FreeRTOS/src/timers.o
 .text.prvSampleTimeNow
                0x000028bc       0x40 ./SDK/rtos/FreeRTOS/src/timers.o
 .text.prvInsertTimerInActiveList
                0x000028fc       0x84 ./SDK/rtos/FreeRTOS/src/timers.o
 .text.prvProcessReceivedCommands
                0x00002980      0x140 ./SDK/rtos/FreeRTOS/src/timers.o
 .text.prvSwitchTimerLists
                0x00002ac0       0xb8 ./SDK/rtos/FreeRTOS/src/timers.o
 .text.prvCheckForValidListAndQueue
                0x00002b78       0x64 ./SDK/rtos/FreeRTOS/src/timers.o
 .text.pxPortInitialiseStack
                0x00002bdc       0x50 ./SDK/rtos/FreeRTOS/port/gcc/port.o
                0x00002bdc                pxPortInitialiseStack
 .text.vPortInitTickTimer
                0x00002c2c       0x3c ./SDK/rtos/FreeRTOS/port/gcc/port.o
                0x00002c2c                vPortInitTickTimer
 .text.vPortStartTickTimer
                0x00002c68       0x14 ./SDK/rtos/FreeRTOS/port/gcc/port.o
                0x00002c68                vPortStartTickTimer
 .text.xPortStartScheduler
                0x00002c7c       0x34 ./SDK/rtos/FreeRTOS/port/gcc/port.o
                0x00002c7c                xPortStartScheduler
 .text.vPortEnterCritical
                0x00002cb0       0x20 ./SDK/rtos/FreeRTOS/port/gcc/port.o
                0x00002cb0                vPortEnterCritical
 .text.vPortExitCritical
                0x00002cd0       0x20 ./SDK/rtos/FreeRTOS/port/gcc/port.o
                0x00002cd0                vPortExitCritical
 .text.vPortYieldFromISR
                0x00002cf0       0x1c ./SDK/rtos/FreeRTOS/port/gcc/port.o
                0x00002cf0                vPortYieldFromISR
 .text.SysTick_Handler
                0x00002d0c       0x1c ./SDK/rtos/FreeRTOS/port/gcc/port.o
                0x00002d0c                SysTick_Handler
 .text.vPortStartFirstTask
                0x00002d28       0x1c ./SDK/rtos/FreeRTOS/port/gcc/port.o
                0x00002d28                vPortStartFirstTask
 .text.SVC_Handler
                0x00002d44       0x28 ./SDK/rtos/FreeRTOS/port/gcc/port.o
                0x00002d44                SVC_Handler
 .text.PendSV_Handler
                0x00002d6c       0x44 ./SDK/rtos/FreeRTOS/port/gcc/port.o
                0x00002d6c                PendSV_Handler
 .text.UART_HAL_EnableTransmitter
                0x00002db0       0x1c ./SDK/platform/utilities/src/fsl_debug_console.o
 .text.UART_HAL_EnableReceiver
                0x00002dcc       0x1c ./SDK/platform/utilities/src/fsl_debug_console.o
 .text.UART_HAL_SetBitCountPerChar
                0x00002de8       0x28 ./SDK/platform/utilities/src/fsl_debug_console.o
 .text.UART_HAL_SetStopBitCount
                0x00002e10       0x28 ./SDK/platform/utilities/src/fsl_debug_console.o
 .text.LPSCI_HAL_EnableTransmitter
                0x00002e38       0x1c ./SDK/platform/utilities/src/fsl_debug_console.o
 .text.LPSCI_HAL_EnableReceiver
                0x00002e54       0x1c ./SDK/platform/utilities/src/fsl_debug_console.o
 .text.LPSCI_HAL_SetBitCountPerChar
                0x00002e70       0x28 ./SDK/platform/utilities/src/fsl_debug_console.o
 .text.LPSCI_HAL_SetStopBitCount
                0x00002e98       0x28 ./SDK/platform/utilities/src/fsl_debug_console.o
 .text.DbgConsole_Init
                0x00002ec0      0x160 ./SDK/platform/utilities/src/fsl_debug_console.o
                0x00002ec0                DbgConsole_Init
 .text._write   0x00003020       0x5c ./SDK/platform/utilities/src/fsl_debug_console.o
                0x00003020                _write
 .text._read    0x0000307c       0x48 ./SDK/platform/utilities/src/fsl_debug_console.o
                0x0000307c                _read
 .text.debug_printf
                0x000030c4       0x4c ./SDK/platform/utilities/src/fsl_debug_console.o
                0x000030c4                debug_printf
 .text.debug_putc
                0x00003110       0x44 ./SDK/platform/utilities/src/fsl_debug_console.o
 .text.debug_getchar
                0x00003154       0x38 ./SDK/platform/utilities/src/fsl_debug_console.o
                0x00003154                debug_getchar
 .text._doprint
                0x0000318c      0x6e4 ./SDK/platform/utilities/src/print_scan.o
                0x0000318c                _doprint
 .text.mknumstr
                0x00003870      0x110 ./SDK/platform/utilities/src/print_scan.o
 .text.fput_pad
                0x00003980       0x44 ./SDK/platform/utilities/src/print_scan.o
 .text.INT_SYS_InstallHandler
                0x000039c4       0x84 ./SDK/platform/system/src/interrupt/fsl_interrupt_manager.o
                0x000039c4                INT_SYS_InstallHandler
 .text.SIM_HAL_EnableClock
                0x00003a48       0x58 ./SDK/platform/system/src/clock/MKL25Z4/fsl_clock_MKL25Z4.o
 .text.CLOCK_HAL_GetLpsciSrc
                0x00003aa0       0x28 ./SDK/platform/system/src/clock/MKL25Z4/fsl_clock_MKL25Z4.o
 .text.CLOCK_HAL_GetPllfllSel
                0x00003ac8       0x24 ./SDK/platform/system/src/clock/MKL25Z4/fsl_clock_MKL25Z4.o
 .text.CLOCK_HAL_GetOutDiv1
                0x00003aec       0x28 ./SDK/platform/system/src/clock/MKL25Z4/fsl_clock_MKL25Z4.o
 .text.CLOCK_HAL_GetOutDiv4
                0x00003b14       0x28 ./SDK/platform/system/src/clock/MKL25Z4/fsl_clock_MKL25Z4.o
 .text.OSC_HAL_GetExternalRefClkCmd
                0x00003b3c       0x24 ./SDK/platform/system/src/clock/MKL25Z4/fsl_clock_MKL25Z4.o
 .text.CLOCK_SYS_GetSystemClockFreq
                0x00003b60       0x34 ./SDK/platform/system/src/clock/MKL25Z4/fsl_clock_MKL25Z4.o
                0x00003b60                CLOCK_SYS_GetSystemClockFreq
 .text.CLOCK_SYS_GetBusClockFreq
                0x00003b94       0x2c ./SDK/platform/system/src/clock/MKL25Z4/fsl_clock_MKL25Z4.o
                0x00003b94                CLOCK_SYS_GetBusClockFreq
 .text.CLOCK_SYS_GetPllFllClockFreq
                0x00003bc0       0x5c ./SDK/platform/system/src/clock/MKL25Z4/fsl_clock_MKL25Z4.o
                0x00003bc0                CLOCK_SYS_GetPllFllClockFreq
 .text.CLOCK_SYS_GetOsc0ExternalRefClockFreq
                0x00003c1c       0x2c ./SDK/platform/system/src/clock/MKL25Z4/fsl_clock_MKL25Z4.o
                0x00003c1c                CLOCK_SYS_GetOsc0ExternalRefClockFreq
 .text.CLOCK_SYS_GetLpsciFreq
                0x00003c48       0x68 ./SDK/platform/system/src/clock/MKL25Z4/fsl_clock_MKL25Z4.o
                0x00003c48                CLOCK_SYS_GetLpsciFreq
 .text.CLOCK_SYS_GetUartFreq
                0x00003cb0       0x2c ./SDK/platform/system/src/clock/MKL25Z4/fsl_clock_MKL25Z4.o
                0x00003cb0                CLOCK_SYS_GetUartFreq
 .text.CLOCK_SYS_EnablePortClock
                0x00003cdc       0x4c ./SDK/platform/system/src/clock/MKL25Z4/fsl_clock_MKL25Z4.o
                0x00003cdc                CLOCK_SYS_EnablePortClock
 .text.CLOCK_SYS_EnableLpsciClock
                0x00003d28       0x40 ./SDK/platform/system/src/clock/MKL25Z4/fsl_clock_MKL25Z4.o
                0x00003d28                CLOCK_SYS_EnableLpsciClock
 .text.CLOCK_SYS_EnableUartClock
                0x00003d68       0x4c ./SDK/platform/system/src/clock/MKL25Z4/fsl_clock_MKL25Z4.o
                0x00003d68                CLOCK_SYS_EnableUartClock
 .text.OSA_SemaCreate
                0x00003db4       0x58 ./SDK/platform/osa/src/fsl_os_abstraction_free_rtos.o
                0x00003db4                OSA_SemaCreate
 .text.OSA_SemaWait
                0x00003e0c       0x78 ./SDK/platform/osa/src/fsl_os_abstraction_free_rtos.o
                0x00003e0c                OSA_SemaWait
 .text.OSA_TaskCreate
                0x00003e84       0x50 ./SDK/platform/osa/src/fsl_os_abstraction_free_rtos.o
                0x00003e84                OSA_TaskCreate
 .text.OSA_InstallIntHandler
                0x00003ed4       0x24 ./SDK/platform/osa/src/fsl_os_abstraction_free_rtos.o
                0x00003ed4                OSA_InstallIntHandler
 .text.OSA_Init
                0x00003ef8        0xc ./SDK/platform/osa/src/fsl_os_abstraction_free_rtos.o
                0x00003ef8                OSA_Init
 .text.OSA_Start
                0x00003f04       0x10 ./SDK/platform/osa/src/fsl_os_abstraction_free_rtos.o
                0x00003f04                OSA_Start
 .text.UART_HAL_SetBaudRate
                0x00003f14       0x6c ./SDK/platform/hal/src/uart/fsl_uart_hal.o
                0x00003f14                UART_HAL_SetBaudRate
 .text.UART_HAL_SetParityMode
                0x00003f80       0x40 ./SDK/platform/hal/src/uart/fsl_uart_hal.o
                0x00003f80                UART_HAL_SetParityMode
 .text.UART_HAL_Putchar
                0x00003fc0       0x34 ./SDK/platform/hal/src/uart/fsl_uart_hal.o
                0x00003fc0                UART_HAL_Putchar
 .text.UART_HAL_Getchar
                0x00003ff4       0x34 ./SDK/platform/hal/src/uart/fsl_uart_hal.o
                0x00003ff4                UART_HAL_Getchar
 .text.UART_HAL_SendDataPolling
                0x00004028       0x44 ./SDK/platform/hal/src/uart/fsl_uart_hal.o
                0x00004028                UART_HAL_SendDataPolling
 .text.UART_HAL_ReceiveDataPolling
                0x0000406c       0xa4 ./SDK/platform/hal/src/uart/fsl_uart_hal.o
                0x0000406c                UART_HAL_ReceiveDataPolling
 .text.CLOCK_HAL_GetClkOutStat
                0x00004110       0x20 ./SDK/platform/hal/src/mcg/fsl_mcg_hal.o
 .text.CLOCK_HAL_IsPllSelected
                0x00004130       0x24 ./SDK/platform/hal/src/mcg/fsl_mcg_hal.o
 .text.CLOCK_HAL_GetMcgExternalClkFreq
                0x00004154       0x18 ./SDK/platform/hal/src/mcg/fsl_mcg_hal.o
 .text.CLOCK_HAL_TestFllExternalRefFreq
                0x0000416c       0x7c ./SDK/platform/hal/src/mcg/fsl_mcg_hal.o
                0x0000416c                CLOCK_HAL_TestFllExternalRefFreq
 .text.CLOCK_HAL_GetFllRefClk
                0x000041e8       0x8c ./SDK/platform/hal/src/mcg/fsl_mcg_hal.o
                0x000041e8                CLOCK_HAL_GetFllRefClk
 .text.CLOCK_HAL_TestFllFreq
                0x00004274       0x6c ./SDK/platform/hal/src/mcg/fsl_mcg_hal.o
                0x00004274                CLOCK_HAL_TestFllFreq
 .text.CLOCK_HAL_GetFllClk
                0x000042e0       0x7c ./SDK/platform/hal/src/mcg/fsl_mcg_hal.o
                0x000042e0                CLOCK_HAL_GetFllClk
 .text.CLOCK_HAL_GetPll0RefFreq
                0x0000435c       0x1c ./SDK/platform/hal/src/mcg/fsl_mcg_hal.o
                0x0000435c                CLOCK_HAL_GetPll0RefFreq
 .text.CLOCK_HAL_GetPll0Clk
                0x00004378       0x90 ./SDK/platform/hal/src/mcg/fsl_mcg_hal.o
                0x00004378                CLOCK_HAL_GetPll0Clk
 .text.CLOCK_HAL_GetInternalRefClk
                0x00004408       0x64 ./SDK/platform/hal/src/mcg/fsl_mcg_hal.o
                0x00004408                CLOCK_HAL_GetInternalRefClk
 .text.CLOCK_HAL_GetOutClk
                0x0000446c       0x7c ./SDK/platform/hal/src/mcg/fsl_mcg_hal.o
                0x0000446c                CLOCK_HAL_GetOutClk
 .text.LPSCI_HAL_Putchar
                0x000044e8       0x1c ./SDK/platform/hal/src/lpsci/fsl_lpsci_hal.o
 .text.LPSCI_HAL_Getchar
                0x00004504       0x1c ./SDK/platform/hal/src/lpsci/fsl_lpsci_hal.o
 .text.LPSCI_HAL_SetBaudRate
                0x00004520      0x14c ./SDK/platform/hal/src/lpsci/fsl_lpsci_hal.o
                0x00004520                LPSCI_HAL_SetBaudRate
 .text.LPSCI_HAL_SetParityMode
                0x0000466c       0x40 ./SDK/platform/hal/src/lpsci/fsl_lpsci_hal.o
                0x0000466c                LPSCI_HAL_SetParityMode
 .text.LPSCI_HAL_SendDataPolling
                0x000046ac       0x44 ./SDK/platform/hal/src/lpsci/fsl_lpsci_hal.o
                0x000046ac                LPSCI_HAL_SendDataPolling
 .text.LPSCI_HAL_ReceiveDataPolling
                0x000046f0       0x88 ./SDK/platform/hal/src/lpsci/fsl_lpsci_hal.o
                0x000046f0                LPSCI_HAL_ReceiveDataPolling
 .text.GPIO_HAL_SetPinDir
                0x00004778       0x6c ./SDK/platform/hal/src/gpio/fsl_gpio_hal.o
                0x00004778                GPIO_HAL_SetPinDir
 .text.GPIO_HAL_WritePinOutput
                0x000047e4       0x50 ./SDK/platform/hal/src/gpio/fsl_gpio_hal.o
                0x000047e4                GPIO_HAL_WritePinOutput
 .text.NVIC_EnableIRQ
                0x00004834       0x2c ./SDK/platform/drivers/src/pit/fsl_pit_driver.o
 .text.PIT_HAL_Enable
                0x00004860       0x1c ./SDK/platform/drivers/src/pit/fsl_pit_driver.o
 .text.PIT_HAL_SetTimerRunInDebugCmd
                0x0000487c       0x28 ./SDK/platform/drivers/src/pit/fsl_pit_driver.o
 .text.PIT_HAL_StartTimer
                0x000048a4       0x48 ./SDK/platform/drivers/src/pit/fsl_pit_driver.o
 .text.PIT_HAL_SetTimerPeriodByCount
                0x000048ec       0x40 ./SDK/platform/drivers/src/pit/fsl_pit_driver.o
 .text.PIT_HAL_SetIntCmd
                0x0000492c       0x50 ./SDK/platform/drivers/src/pit/fsl_pit_driver.o
 .text.SIM_HAL_EnableClock
                0x0000497c       0x58 ./SDK/platform/drivers/src/pit/fsl_pit_driver.o
 .text.CLOCK_SYS_GetPitFreq
                0x000049d4       0x18 ./SDK/platform/drivers/src/pit/fsl_pit_driver.o
 .text.CLOCK_SYS_EnablePitClock
                0x000049ec       0x1c ./SDK/platform/drivers/src/pit/fsl_pit_driver.o
 .text.INT_SYS_EnableIRQ
                0x00004a08       0x5c ./SDK/platform/drivers/src/pit/fsl_pit_driver.o
 .text.PIT_DRV_Init
                0x00004a64       0x80 ./SDK/platform/drivers/src/pit/fsl_pit_driver.o
                0x00004a64                PIT_DRV_Init
 .text.PIT_DRV_InitChannel
                0x00004ae4       0x80 ./SDK/platform/drivers/src/pit/fsl_pit_driver.o
                0x00004ae4                PIT_DRV_InitChannel
 .text.PIT_DRV_StartTimer
                0x00004b64       0x4c ./SDK/platform/drivers/src/pit/fsl_pit_driver.o
                0x00004b64                PIT_DRV_StartTimer
 .text.PIT_DRV_SetTimerPeriodByUs
                0x00004bb0       0x98 ./SDK/platform/drivers/src/pit/fsl_pit_driver.o
                0x00004bb0                PIT_DRV_SetTimerPeriodByUs
 .text.NVIC_EnableIRQ
                0x00004c48       0x2c ./SDK/platform/drivers/src/gpio/fsl_gpio_driver.o
 .text.PORT_HAL_SetPullCmd
                0x00004c74       0x4c ./SDK/platform/drivers/src/gpio/fsl_gpio_driver.o
 .text.PORT_HAL_SetSlewRateMode
                0x00004cc0       0x4c ./SDK/platform/drivers/src/gpio/fsl_gpio_driver.o
 .text.PORT_HAL_SetPassiveFilterCmd
                0x00004d0c       0x4c ./SDK/platform/drivers/src/gpio/fsl_gpio_driver.o
 .text.PORT_HAL_SetDriveStrengthMode
                0x00004d58       0x4c ./SDK/platform/drivers/src/gpio/fsl_gpio_driver.o
 .text.PORT_HAL_SetMuxMode
                0x00004da4       0x4c ./SDK/platform/drivers/src/gpio/fsl_gpio_driver.o
 .text.PORT_HAL_SetPinIntMode
                0x00004df0       0x4c ./SDK/platform/drivers/src/gpio/fsl_gpio_driver.o
 .text.INT_SYS_EnableIRQ
                0x00004e3c       0x5c ./SDK/platform/drivers/src/gpio/fsl_gpio_driver.o
 .text.GPIO_DRV_Init
                0x00004e98       0x4c ./SDK/platform/drivers/src/gpio/fsl_gpio_driver.o
                0x00004e98                GPIO_DRV_Init
 .text.GPIO_DRV_InputPinInit
                0x00004ee4       0xc4 ./SDK/platform/drivers/src/gpio/fsl_gpio_driver.o
                0x00004ee4                GPIO_DRV_InputPinInit
 .text.GPIO_DRV_OutputPinInit
                0x00004fa8       0x9c ./SDK/platform/drivers/src/gpio/fsl_gpio_driver.o
                0x00004fa8                GPIO_DRV_OutputPinInit
 .text.SystemInit
                0x00005044      0x178 ./SDK/platform/devices/MKL25Z4/startup/system_MKL25Z4.o
                0x00005044                SystemInit
 .text.init_data_bss
                0x000051bc       0xc8 ./SDK/platform/devices/startup.o
                0x000051bc                init_data_bss
 .text.CLOCK_HAL_SetLpsciSrc
                0x00005284       0x30 ./Generated_Code/Cpu.o
 .text.CLOCK_SYS_SetLpsciSrc
                0x000052b4       0x2c ./Generated_Code/Cpu.o
 .text.Components_Init
                0x000052e0       0x78 ./Generated_Code/Cpu.o
                0x000052e0                Components_Init
 .text.Task1_Init
                0x00005358       0x4c ./Generated_Code/Task1.o
                0x00005358                Task1_Init
 .text.Task2_Init
                0x000053a4       0x4c ./Generated_Code/Task2.o
                0x000053a4                Task2_Init
 .text.Task3_Init
                0x000053f0       0x4c ./Generated_Code/Task3.o
                0x000053f0                Task3_Init
 .text.Task4_Init
                0x0000543c       0x4c ./Generated_Code/Task4.o
                0x0000543c                Task4_Init
 .text.Task5_Init
                0x00005488       0x4c ./Generated_Code/Task5.o
                0x00005488                Task5_Init
 .text.TaskMaster_Init
                0x000054d4       0x4c ./Generated_Code/TaskMaster.o
                0x000054d4                TaskMaster_Init
 .text.SIM_HAL_EnableClock
                0x00005520       0x58 ./Generated_Code/hardware_init.o
 .text.hardware_init
                0x00005578       0x6c ./Generated_Code/hardware_init.o
                0x00005578                hardware_init
 .text.PORT_HAL_SetPullCmd
                0x000055e4       0x4c ./Generated_Code/pin_init.o
 .text.PORT_HAL_SetMuxMode
                0x00005630       0x4c ./Generated_Code/pin_init.o
 .text.SIM_HAL_SetLpsciRxSrcMode
                0x0000567c       0x2c ./Generated_Code/pin_init.o
 .text.init_gpio_pins
                0x000056a8       0x6c ./Generated_Code/pin_init.o
                0x000056a8                init_gpio_pins
 .text.init_osc_pins
                0x00005714       0x2c ./Generated_Code/pin_init.o
                0x00005714                init_osc_pins
 .text.init_rcm_pins
                0x00005740       0x20 ./Generated_Code/pin_init.o
                0x00005740                init_rcm_pins
 .text.init_swd_pins
                0x00005760       0x2c ./Generated_Code/pin_init.o
                0x00005760                init_swd_pins
 .text.init_uart0_pins
                0x0000578c       0x3c ./Generated_Code/pin_init.o
                0x0000578c                init_uart0_pins
 .text.__assert_func
                0x000057c8       0x3c c:/freescale/kds_3.0.0/toolchain/bin/../lib/gcc/arm-none-eabi/4.8.4/../../../../arm-none-eabi/lib/armv6-m\libg_s.a(lib_a-assert.o)
                0x000057c8                __assert_func
 .text.exit     0x00005804       0x2c c:/freescale/kds_3.0.0/toolchain/bin/../lib/gcc/arm-none-eabi/4.8.4/../../../../arm-none-eabi/lib/armv6-m\libg_s.a(lib_a-exit.o)
                0x00005804                exit
 .text.fprintf  0x00005830       0x24 c:/freescale/kds_3.0.0/toolchain/bin/../lib/gcc/arm-none-eabi/4.8.4/../../../../arm-none-eabi/lib/armv6-m\libg_s.a(lib_a-fprintf.o)
                0x00005830                fiprintf
                0x00005830                fprintf
 .text.__libc_init_array
                0x00005854       0x4c c:/freescale/kds_3.0.0/toolchain/bin/../lib/gcc/arm-none-eabi/4.8.4/../../../../arm-none-eabi/lib/armv6-m\libg_s.a(lib_a-init.o)
                0x00005854                __libc_init_array
 .text.malloc   0x000058a0       0x14 c:/freescale/kds_3.0.0/toolchain/bin/../lib/gcc/arm-none-eabi/4.8.4/../../../../arm-none-eabi/lib/armv6-m\libg_s.a(lib_a-malloc.o)
                0x000058a0                malloc
 .text.free     0x000058b4       0x14 c:/freescale/kds_3.0.0/toolchain/bin/../lib/gcc/arm-none-eabi/4.8.4/../../../../arm-none-eabi/lib/armv6-m\libg_s.a(lib_a-malloc.o)
                0x000058b4                free
 .text.memcpy   0x000058c8       0x12 c:/freescale/kds_3.0.0/toolchain/bin/../lib/gcc/arm-none-eabi/4.8.4/../../../../arm-none-eabi/lib/armv6-m\libg_s.a(lib_a-memcpy-stub.o)
                0x000058c8                memcpy
 .text.memset   0x000058da       0x10 c:/freescale/kds_3.0.0/toolchain/bin/../lib/gcc/arm-none-eabi/4.8.4/../../../../arm-none-eabi/lib/armv6-m\libg_s.a(lib_a-memset.o)
                0x000058da                memset
 *fill*         0x000058ea        0x2 
 .text._free_r  0x000058ec       0x90 c:/freescale/kds_3.0.0/toolchain/bin/../lib/gcc/arm-none-eabi/4.8.4/../../../../arm-none-eabi/lib/armv6-m\libg_s.a(lib_a-nano-freer.o)
                0x000058ec                _free_r
 .text._malloc_r
                0x0000597c       0xa8 c:/freescale/kds_3.0.0/toolchain/bin/../lib/gcc/arm-none-eabi/4.8.4/../../../../arm-none-eabi/lib/armv6-m\libg_s.a(lib_a-nano-mallocr.o)
                0x0000597c                _malloc_r
 .text._sbrk_r  0x00005a24       0x24 c:/freescale/kds_3.0.0/toolchain/bin/../lib/gcc/arm-none-eabi/4.8.4/../../../../arm-none-eabi/lib/armv6-m\libg_s.a(lib_a-sbrkr.o)
                0x00005a24                _sbrk_r
 .text.strlen   0x00005a48        0xe c:/freescale/kds_3.0.0/toolchain/bin/../lib/gcc/arm-none-eabi/4.8.4/../../../../arm-none-eabi/lib/armv6-m\libg_s.a(lib_a-strlen.o)
                0x00005a48                strlen
 .text.__sfputc_r
                0x00005a56       0x2a c:/freescale/kds_3.0.0/toolchain/bin/../lib/gcc/arm-none-eabi/4.8.4/../../../../arm-none-eabi/lib/armv6-m\libg_s.a(lib_a-vfprintf.o)
 .text.__sfputs_r
                0x00005a80       0x24 c:/freescale/kds_3.0.0/toolchain/bin/../lib/gcc/arm-none-eabi/4.8.4/../../../../arm-none-eabi/lib/armv6-m\libg_s.a(lib_a-vfprintf.o)
                0x00005a80                __sfputs_r
 .text._vfprintf_r
                0x00005aa4      0x210 c:/freescale/kds_3.0.0/toolchain/bin/../lib/gcc/arm-none-eabi/4.8.4/../../../../arm-none-eabi/lib/armv6-m\libg_s.a(lib_a-vfprintf.o)
                0x00005aa4                _vfprintf_r
                0x00005aa4                _vfiprintf_r
 .text._printf_common
                0x00005cb4       0xe8 c:/freescale/kds_3.0.0/toolchain/bin/../lib/gcc/arm-none-eabi/4.8.4/../../../../arm-none-eabi/lib/armv6-m\libg_s.a(lib_a-vfprintf_i.o)
                0x00005cb4                _printf_common
 .text._printf_i
                0x00005d9c      0x22c c:/freescale/kds_3.0.0/toolchain/bin/../lib/gcc/arm-none-eabi/4.8.4/../../../../arm-none-eabi/lib/armv6-m\libg_s.a(lib_a-vfprintf_i.o)
                0x00005d9c                _printf_i
 .text.__swbuf_r
                0x00005fc8       0xb0 c:/freescale/kds_3.0.0/toolchain/bin/../lib/gcc/arm-none-eabi/4.8.4/../../../../arm-none-eabi/lib/armv6-m\libg_s.a(lib_a-wbuf.o)
                0x00005fc8                __swbuf_r
 .text.__swsetup_r
                0x00006078       0xe4 c:/freescale/kds_3.0.0/toolchain/bin/../lib/gcc/arm-none-eabi/4.8.4/../../../../arm-none-eabi/lib/armv6-m\libg_s.a(lib_a-wsetup.o)
                0x00006078                __swsetup_r
 .text.abort    0x0000615c        0xe c:/freescale/kds_3.0.0/toolchain/bin/../lib/gcc/arm-none-eabi/4.8.4/../../../../arm-none-eabi/lib/armv6-m\libg_s.a(lib_a-abort.o)
                0x0000615c                abort
 .text.__sflush_r
                0x0000616a      0x112 c:/freescale/kds_3.0.0/toolchain/bin/../lib/gcc/arm-none-eabi/4.8.4/../../../../arm-none-eabi/lib/armv6-m\libg_s.a(lib_a-fflush.o)
                0x0000616a                __sflush_r
 .text._fflush_r
                0x0000627c       0x58 c:/freescale/kds_3.0.0/toolchain/bin/../lib/gcc/arm-none-eabi/4.8.4/../../../../arm-none-eabi/lib/armv6-m\libg_s.a(lib_a-fflush.o)
                0x0000627c                _fflush_r
 .text._cleanup_r
                0x000062d4       0x34 c:/freescale/kds_3.0.0/toolchain/bin/../lib/gcc/arm-none-eabi/4.8.4/../../../../arm-none-eabi/lib/armv6-m\libg_s.a(lib_a-findfp.o)
                0x000062d4                _cleanup_r
 .text.std.isra.0
                0x00006308       0x48 c:/freescale/kds_3.0.0/toolchain/bin/../lib/gcc/arm-none-eabi/4.8.4/../../../../arm-none-eabi/lib/armv6-m\libg_s.a(lib_a-findfp.o)
 .text.__sfmoreglue
                0x00006350       0x2c c:/freescale/kds_3.0.0/toolchain/bin/../lib/gcc/arm-none-eabi/4.8.4/../../../../arm-none-eabi/lib/armv6-m\libg_s.a(lib_a-findfp.o)
                0x00006350                __sfmoreglue
 .text.__sinit  0x0000637c       0x64 c:/freescale/kds_3.0.0/toolchain/bin/../lib/gcc/arm-none-eabi/4.8.4/../../../../arm-none-eabi/lib/armv6-m\libg_s.a(lib_a-findfp.o)
                0x0000637c                __sinit
 .text.__sfp    0x000063e0       0x7c c:/freescale/kds_3.0.0/toolchain/bin/../lib/gcc/arm-none-eabi/4.8.4/../../../../arm-none-eabi/lib/armv6-m\libg_s.a(lib_a-findfp.o)
                0x000063e0                __sfp
 .text.__smakebuf_r
                0x0000645c       0xa0 c:/freescale/kds_3.0.0/toolchain/bin/../lib/gcc/arm-none-eabi/4.8.4/../../../../arm-none-eabi/lib/armv6-m\libg_s.a(lib_a-makebuf.o)
                0x0000645c                __smakebuf_r
 .text.memchr   0x000064fc       0x16 c:/freescale/kds_3.0.0/toolchain/bin/../lib/gcc/arm-none-eabi/4.8.4/../../../../arm-none-eabi/lib/armv6-m\libg_s.a(lib_a-memchr-stub.o)
                0x000064fc                memchr
 .text._raise_r
                0x00006512       0x56 c:/freescale/kds_3.0.0/toolchain/bin/../lib/gcc/arm-none-eabi/4.8.4/../../../../arm-none-eabi/lib/armv6-m\libg_s.a(lib_a-signal.o)
                0x00006512                _raise_r
 .text.raise    0x00006568       0x14 c:/freescale/kds_3.0.0/toolchain/bin/../lib/gcc/arm-none-eabi/4.8.4/../../../../arm-none-eabi/lib/armv6-m\libg_s.a(lib_a-signal.o)
                0x00006568                raise
 .text._kill_r  0x0000657c       0x24 c:/freescale/kds_3.0.0/toolchain/bin/../lib/gcc/arm-none-eabi/4.8.4/../../../../arm-none-eabi/lib/armv6-m\libg_s.a(lib_a-signalr.o)
                0x0000657c                _kill_r
 .text._getpid_r
                0x000065a0        0x8 c:/freescale/kds_3.0.0/toolchain/bin/../lib/gcc/arm-none-eabi/4.8.4/../../../../arm-none-eabi/lib/armv6-m\libg_s.a(lib_a-signalr.o)
                0x000065a0                _getpid_r
 .text.__sread  0x000065a8       0x28 c:/freescale/kds_3.0.0/toolchain/bin/../lib/gcc/arm-none-eabi/4.8.4/../../../../arm-none-eabi/lib/armv6-m\libg_s.a(lib_a-stdio.o)
                0x000065a8                __sread
 .text.__swrite
                0x000065d0       0x38 c:/freescale/kds_3.0.0/toolchain/bin/../lib/gcc/arm-none-eabi/4.8.4/../../../../arm-none-eabi/lib/armv6-m\libg_s.a(lib_a-stdio.o)
                0x000065d0                __swrite
 .text.__sseek  0x00006608       0x2c c:/freescale/kds_3.0.0/toolchain/bin/../lib/gcc/arm-none-eabi/4.8.4/../../../../arm-none-eabi/lib/armv6-m\libg_s.a(lib_a-stdio.o)
                0x00006608                __sseek
 .text.__sclose
                0x00006634        0xc c:/freescale/kds_3.0.0/toolchain/bin/../lib/gcc/arm-none-eabi/4.8.4/../../../../arm-none-eabi/lib/armv6-m\libg_s.a(lib_a-stdio.o)
                0x00006634                __sclose
 .text._write_r
                0x00006640       0x28 c:/freescale/kds_3.0.0/toolchain/bin/../lib/gcc/arm-none-eabi/4.8.4/../../../../arm-none-eabi/lib/armv6-m\libg_s.a(lib_a-writer.o)
                0x00006640                _write_r
 .text._close_r
                0x00006668       0x24 c:/freescale/kds_3.0.0/toolchain/bin/../lib/gcc/arm-none-eabi/4.8.4/../../../../arm-none-eabi/lib/armv6-m\libg_s.a(lib_a-closer.o)
                0x00006668                _close_r
 .text._fstat_r
                0x0000668c       0x24 c:/freescale/kds_3.0.0/toolchain/bin/../lib/gcc/arm-none-eabi/4.8.4/../../../../arm-none-eabi/lib/armv6-m\libg_s.a(lib_a-fstatr.o)
                0x0000668c                _fstat_r
 .text._isatty_r
                0x000066b0       0x24 c:/freescale/kds_3.0.0/toolchain/bin/../lib/gcc/arm-none-eabi/4.8.4/../../../../arm-none-eabi/lib/armv6-m\libg_s.a(lib_a-isattyr.o)
                0x000066b0                _isatty_r
 .text._lseek_r
                0x000066d4       0x28 c:/freescale/kds_3.0.0/toolchain/bin/../lib/gcc/arm-none-eabi/4.8.4/../../../../arm-none-eabi/lib/armv6-m\libg_s.a(lib_a-lseekr.o)
                0x000066d4                _lseek_r
 .text._read_r  0x000066fc       0x28 c:/freescale/kds_3.0.0/toolchain/bin/../lib/gcc/arm-none-eabi/4.8.4/../../../../arm-none-eabi/lib/armv6-m\libg_s.a(lib_a-readr.o)
                0x000066fc                _read_r
 .text._close   0x00006724       0x10 c:/freescale/kds_3.0.0/toolchain/bin/../lib/gcc/arm-none-eabi/4.8.4/../../../../arm-none-eabi/lib/armv6-m\libnosys.a(close.o)
                0x00006724                _close
 .text._fstat   0x00006734       0x10 c:/freescale/kds_3.0.0/toolchain/bin/../lib/gcc/arm-none-eabi/4.8.4/../../../../arm-none-eabi/lib/armv6-m\libnosys.a(fstat.o)
                0x00006734                _fstat
 .text._getpid  0x00006744       0x10 c:/freescale/kds_3.0.0/toolchain/bin/../lib/gcc/arm-none-eabi/4.8.4/../../../../arm-none-eabi/lib/armv6-m\libnosys.a(getpid.o)
                0x00006744                _getpid
 .text._isatty  0x00006754       0x10 c:/freescale/kds_3.0.0/toolchain/bin/../lib/gcc/arm-none-eabi/4.8.4/../../../../arm-none-eabi/lib/armv6-m\libnosys.a(isatty.o)
                0x00006754                _isatty
 .text._kill    0x00006764       0x10 c:/freescale/kds_3.0.0/toolchain/bin/../lib/gcc/arm-none-eabi/4.8.4/../../../../arm-none-eabi/lib/armv6-m\libnosys.a(kill.o)
                0x00006764                _kill
 .text._lseek   0x00006774       0x10 c:/freescale/kds_3.0.0/toolchain/bin/../lib/gcc/arm-none-eabi/4.8.4/../../../../arm-none-eabi/lib/armv6-m\libnosys.a(lseek.o)
                0x00006774                _lseek
 .text._sbrk    0x00006784       0x34 c:/freescale/kds_3.0.0/toolchain/bin/../lib/gcc/arm-none-eabi/4.8.4/../../../../arm-none-eabi/lib/armv6-m\libnosys.a(sbrk.o)
                0x00006784                _sbrk
 .text._exit    0x000067b8        0x4 c:/freescale/kds_3.0.0/toolchain/bin/../lib/gcc/arm-none-eabi/4.8.4/../../../../arm-none-eabi/lib/armv6-m\libnosys.a(_exit.o)
                0x000067b8                _exit
 *(.rodata)
 .rodata        0x000067bc       0xe0 ./Sources/Events.o
 .rodata        0x0000689c        0x8 ./SDK/rtos/FreeRTOS/src/tasks.o
 .rodata        0x000068a4        0x8 ./SDK/rtos/FreeRTOS/src/timers.o
 .rodata        0x000068ac        0xc ./SDK/platform/utilities/src/fsl_debug_console.o
 .rodata        0x000068b8       0x98 ./SDK/platform/system/src/interrupt/fsl_interrupt_manager.o
 .rodata        0x00006950      0x21c ./SDK/platform/system/src/clock/MKL25Z4/fsl_clock_MKL25Z4.o
 .rodata        0x00006b6c       0x60 ./SDK/platform/osa/src/fsl_os_abstraction_free_rtos.o
 .rodata        0x00006bcc       0x38 ./SDK/platform/hal/src/gpio/fsl_gpio_hal.o
 .rodata        0x00006c04      0x188 ./SDK/platform/drivers/src/pit/fsl_pit_driver.o
 .rodata        0x00006d8c      0x174 ./SDK/platform/drivers/src/gpio/fsl_gpio_driver.o
 .rodata        0x00006f00        0x8 ./Generated_Code/Task1.o
 .rodata        0x00006f08        0x8 ./Generated_Code/Task2.o
 .rodata        0x00006f10        0x8 ./Generated_Code/Task3.o
 .rodata        0x00006f18        0x8 ./Generated_Code/Task4.o
 .rodata        0x00006f20        0x8 ./Generated_Code/Task5.o
 .rodata        0x00006f28        0xc ./Generated_Code/TaskMaster.o
 .rodata        0x00006f34       0x68 ./Generated_Code/pin_init.o
 *(.rodata*)
 .rodata.__func__.7913
                0x00006f9c       0x18 ./Sources/Events.o
 .rodata.prvProcessReceivedCommands
                0x00006fb4       0x28 ./SDK/rtos/FreeRTOS/src/timers.o
 .rodata._doprint
                0x00006fdc       0xc8 ./SDK/platform/utilities/src/print_scan.o
 .rodata.__func__.5063
                0x000070a4       0x18 ./SDK/platform/system/src/interrupt/fsl_interrupt_manager.o
 .rodata.portGateTable
                0x000070bc        0x8 ./SDK/platform/system/src/clock/MKL25Z4/fsl_clock_MKL25Z4.o
 .rodata.uartGateTable
                0x000070c4        0x4 ./SDK/platform/system/src/clock/MKL25Z4/fsl_clock_MKL25Z4.o
 .rodata.__func__.6937
                0x000070c8       0x1c ./SDK/platform/system/src/clock/MKL25Z4/fsl_clock_MKL25Z4.o
 .rodata.__func__.7010
                0x000070e4       0x1c ./SDK/platform/system/src/clock/MKL25Z4/fsl_clock_MKL25Z4.o
 .rodata.__func__.7015
                0x00007100       0x1c ./SDK/platform/system/src/clock/MKL25Z4/fsl_clock_MKL25Z4.o
 .rodata.g_oscBase
                0x0000711c        0x4 ./SDK/platform/system/src/clock/fsl_clock_manager_common.o
                0x0000711c                g_oscBase
 .rodata.__func__.5664
                0x00007120       0x10 ./SDK/platform/osa/src/fsl_os_abstraction_free_rtos.o
 .rodata.__func__.5670
                0x00007130       0x10 ./SDK/platform/osa/src/fsl_os_abstraction_free_rtos.o
 .rodata.fllFactorTable.5299
                0x00007140       0x10 ./SDK/platform/hal/src/mcg/fsl_mcg_hal.o
 .rodata.__func__.5170
                0x00007150       0x14 ./SDK/platform/hal/src/gpio/fsl_gpio_hal.o
 .rodata.__func__.5176
                0x00007164       0x18 ./SDK/platform/hal/src/gpio/fsl_gpio_hal.o
 .rodata.g_pitBase
                0x0000717c        0x4 ./SDK/platform/drivers/src/pit/fsl_pit_common.o
                0x0000717c                g_pitBase
 .rodata.g_pitIrqId
                0x00007180        0x4 ./SDK/platform/drivers/src/pit/fsl_pit_common.o
                0x00007180                g_pitIrqId
 .rodata.__func__.6424
                0x00007184       0x10 ./SDK/platform/drivers/src/pit/fsl_pit_driver.o
 .rodata.__func__.6431
                0x00007194       0x14 ./SDK/platform/drivers/src/pit/fsl_pit_driver.o
 .rodata.__func__.5085
                0x000071a8       0x14 ./SDK/platform/drivers/src/pit/fsl_pit_driver.o
 .rodata.__func__.6408
                0x000071bc       0x14 ./SDK/platform/drivers/src/pit/fsl_pit_driver.o
 .rodata.__func__.6446
                0x000071d0       0x14 ./SDK/platform/drivers/src/pit/fsl_pit_driver.o
 .rodata.__func__.5051
                0x000071e4       0x14 ./SDK/platform/drivers/src/pit/fsl_pit_driver.o
 .rodata.__func__.6459
                0x000071f8       0x1c ./SDK/platform/drivers/src/pit/fsl_pit_driver.o
 .rodata.__func__.5067
                0x00007214       0x20 ./SDK/platform/drivers/src/pit/fsl_pit_driver.o
 .rodata.g_gpioBase
                0x00007234       0x14 ./SDK/platform/drivers/src/gpio/fsl_gpio_common.o
                0x00007234                g_gpioBase
 .rodata.g_portBase
                0x00007248       0x14 ./SDK/platform/drivers/src/gpio/fsl_gpio_common.o
                0x00007248                g_portBase
 .rodata.g_portIrqId
                0x0000725c        0x8 ./SDK/platform/drivers/src/gpio/fsl_gpio_common.o
                0x0000725c                g_portIrqId
 .rodata.__func__.5089
                0x00007264       0x14 ./SDK/platform/drivers/src/gpio/fsl_gpio_driver.o
 .rodata.__func__.5065
                0x00007278       0x14 ./SDK/platform/drivers/src/gpio/fsl_gpio_driver.o
 .rodata.__func__.5077
                0x0000728c       0x20 ./SDK/platform/drivers/src/gpio/fsl_gpio_driver.o
 .rodata.__func__.5103
                0x000072ac       0x18 ./SDK/platform/drivers/src/gpio/fsl_gpio_driver.o
 .rodata.__func__.6568
                0x000072c4       0x14 ./SDK/platform/drivers/src/gpio/fsl_gpio_driver.o
 .rodata.__func__.5071
                0x000072d8       0x1c ./SDK/platform/drivers/src/gpio/fsl_gpio_driver.o
 .rodata.__func__.5083
                0x000072f4       0x20 ./SDK/platform/drivers/src/gpio/fsl_gpio_driver.o
 .rodata.gpio1_InpConfig0
                0x00007314       0x10 ./Generated_Code/gpio1.o
                0x00007314                gpio1_InpConfig0
 .rodata.gpio1_OutConfig0
                0x00007324       0x30 ./Generated_Code/gpio1.o
                0x00007324                gpio1_OutConfig0
 .rodata.__func__.5089
                0x00007354       0x14 ./Generated_Code/pin_init.o
 .rodata.__func__.5065
                0x00007368       0x14 ./Generated_Code/pin_init.o
 .rodata.pitTimer1_InitConfig0
                0x0000737c        0x8 ./Generated_Code/pitTimer1.o
                0x0000737c                pitTimer1_InitConfig0
 .rodata.str1.1
                0x00007384       0x3c c:/freescale/kds_3.0.0/toolchain/bin/../lib/gcc/arm-none-eabi/4.8.4/../../../../arm-none-eabi/lib/armv6-m\libg_s.a(lib_a-assert.o)
                                 0x3d (size before relaxing)
 .rodata.str1.1
                0x000073c0        0x2 c:/freescale/kds_3.0.0/toolchain/bin/../lib/gcc/arm-none-eabi/4.8.4/../../../../arm-none-eabi/lib/armv6-m\libg_s.a(lib_a-impure.o)
 *fill*         0x000073c2        0x2 
 .rodata._global_impure_ptr
                0x000073c4        0x4 c:/freescale/kds_3.0.0/toolchain/bin/../lib/gcc/arm-none-eabi/4.8.4/../../../../arm-none-eabi/lib/armv6-m\libg_s.a(lib_a-impure.o)
                0x000073c4                _global_impure_ptr
 .rodata.str1.1
                0x000073c8       0x11 c:/freescale/kds_3.0.0/toolchain/bin/../lib/gcc/arm-none-eabi/4.8.4/../../../../arm-none-eabi/lib/armv6-m\libg_s.a(lib_a-vfprintf.o)
 .rodata.str1.1
                0x000073d9       0x22 c:/freescale/kds_3.0.0/toolchain/bin/../lib/gcc/arm-none-eabi/4.8.4/../../../../arm-none-eabi/lib/armv6-m\libg_s.a(lib_a-vfprintf_i.o)
 *fill*         0x000073fb        0x1 
 .rodata.__sf_fake_stdin
                0x000073fc       0x20 c:/freescale/kds_3.0.0/toolchain/bin/../lib/gcc/arm-none-eabi/4.8.4/../../../../arm-none-eabi/lib/armv6-m\libg_s.a(lib_a-findfp.o)
                0x000073fc                __sf_fake_stdin
 .rodata.__sf_fake_stdout
                0x0000741c       0x20 c:/freescale/kds_3.0.0/toolchain/bin/../lib/gcc/arm-none-eabi/4.8.4/../../../../arm-none-eabi/lib/armv6-m\libg_s.a(lib_a-findfp.o)
                0x0000741c                __sf_fake_stdout
 .rodata.__sf_fake_stderr
                0x0000743c       0x20 c:/freescale/kds_3.0.0/toolchain/bin/../lib/gcc/arm-none-eabi/4.8.4/../../../../arm-none-eabi/lib/armv6-m\libg_s.a(lib_a-findfp.o)
                0x0000743c                __sf_fake_stderr
 *(.glue_7)
 .glue_7        0x00000000        0x0 linker stubs
 *(.glue_7t)
 .glue_7t       0x00000000        0x0 linker stubs
 *(.eh_frame)
 .eh_frame      0x0000745c        0x0 c:/freescale/kds_3.0.0/toolchain/bin/../lib/gcc/arm-none-eabi/4.8.4/armv6-m/crtbegin.o
 *(.init)
 .init          0x0000745c        0x4 c:/freescale/kds_3.0.0/toolchain/bin/../lib/gcc/arm-none-eabi/4.8.4/armv6-m/crti.o
                0x0000745c                _init
 .init          0x00007460        0x8 c:/freescale/kds_3.0.0/toolchain/bin/../lib/gcc/arm-none-eabi/4.8.4/armv6-m/crtn.o
 *(.fini)
 .fini          0x00007468        0x4 c:/freescale/kds_3.0.0/toolchain/bin/../lib/gcc/arm-none-eabi/4.8.4/armv6-m/crti.o
                0x00007468                _fini
 .fini          0x0000746c        0x8 c:/freescale/kds_3.0.0/toolchain/bin/../lib/gcc/arm-none-eabi/4.8.4/armv6-m/crtn.o
                0x00007474                . = ALIGN (0x4)

.vfp11_veneer   0x00007474        0x0
 .vfp11_veneer  0x00000000        0x0 linker stubs

.v4_bx          0x00007474        0x0
 .v4_bx         0x00000000        0x0 linker stubs

.iplt           0x00007474        0x0
 .iplt          0x00000000        0x0 c:/freescale/kds_3.0.0/toolchain/bin/../lib/gcc/arm-none-eabi/4.8.4/armv6-m/crtbegin.o

.ARM.extab
 *(.ARM.extab* .gnu.linkonce.armextab.*)

.ARM            0x00007474        0x8
                0x00007474                __exidx_start = .
 *(.ARM.exidx*)
 .ARM.exidx     0x00007474        0x8 c:/freescale/kds_3.0.0/toolchain/bin/../lib/gcc/arm-none-eabi/4.8.4/../../../../arm-none-eabi/lib/armv6-m/crt0.o
 .ARM.exidx     0x0000747c        0x0 c:/freescale/kds_3.0.0/toolchain/bin/../lib/gcc/arm-none-eabi/4.8.4/armv6-m\libgcc.a(_divdi3.o)
                                  0x8 (size before relaxing)
 .ARM.exidx     0x0000747c        0x0 c:/freescale/kds_3.0.0/toolchain/bin/../lib/gcc/arm-none-eabi/4.8.4/armv6-m\libgcc.a(_udivdi3.o)
                                  0x8 (size before relaxing)
                0x0000747c                __exidx_end = .

.rel.dyn        0x0000747c        0x0
 .rel.iplt      0x00000000        0x0 c:/freescale/kds_3.0.0/toolchain/bin/../lib/gcc/arm-none-eabi/4.8.4/armv6-m/crtbegin.o

.ctors          0x0000747c        0x0
                0x0000747c                __CTOR_LIST__ = .
 *crtbegin.o(.ctors)
 *crtbegin?.o(.ctors)
 *(EXCLUDE_FILE(*crtend.o *crtend?.o) .ctors)
 *(SORT(.ctors.*))
 *(.ctors)
                0x0000747c                __CTOR_END__ = .

.dtors          0x0000747c        0x0
                0x0000747c                __DTOR_LIST__ = .
 *crtbegin.o(.dtors)
 *crtbegin?.o(.dtors)
 *(EXCLUDE_FILE(*crtend.o *crtend?.o) .dtors)
 *(SORT(.dtors.*))
 *(.dtors)
                0x0000747c                __DTOR_END__ = .

.preinit_array  0x0000747c        0x0
                0x0000747c                PROVIDE (__preinit_array_start, .)
 *(.preinit_array*)
                0x0000747c                PROVIDE (__preinit_array_end, .)

.init_array     0x0000747c        0x4
                0x0000747c                PROVIDE (__init_array_start, .)
 *(SORT(.init_array.*))
 *(.init_array*)
 .init_array    0x0000747c        0x4 c:/freescale/kds_3.0.0/toolchain/bin/../lib/gcc/arm-none-eabi/4.8.4/armv6-m/crtbegin.o
                0x00007480                PROVIDE (__init_array_end, .)

.fini_array     0x00007480        0x4
                0x00007480                PROVIDE (__fini_array_start, .)
 *(SORT(.fini_array.*))
 *(.fini_array*)
 .fini_array    0x00007480        0x4 c:/freescale/kds_3.0.0/toolchain/bin/../lib/gcc/arm-none-eabi/4.8.4/armv6-m/crtbegin.o
                0x00007484                PROVIDE (__fini_array_end, .)
                0x00007484                __etext = .
                0x00007484                __DATA_ROM = .

.mtb            0x1ffff200        0x0
                0x1ffff200                . = ALIGN (0x8)
                0x1ffff200                _mtb_start = .
 *(.mtb_buf)
                0x1ffff200                . = ALIGN (0x8)
                0x1ffff200                _mtb_end = .

.data           0x1ffff200       0x78 load address 0x00007484
                0x1ffff200                . = ALIGN (0x4)
                0x1ffff200                __DATA_RAM = .
                0x1ffff200                __data_start__ = .
 *(.data)
 *(.data*)
 .data.xNextTaskUnblockTime
                0x1ffff200        0x4 ./SDK/rtos/FreeRTOS/src/tasks.o
 .data.uxCriticalNesting
                0x1ffff204        0x4 ./SDK/rtos/FreeRTOS/port/gcc/port.o
 .data.g_fastInternalRefClkFreq
                0x1ffff208        0x4 ./SDK/platform/hal/src/mcg/fsl_mcg_hal.o
                0x1ffff208                g_fastInternalRefClkFreq
 .data.g_slowInternalRefClkFreq
                0x1ffff20c        0x4 ./SDK/platform/hal/src/mcg/fsl_mcg_hal.o
                0x1ffff20c                g_slowInternalRefClkFreq
 .data.impure_data
                0x1ffff210       0x60 c:/freescale/kds_3.0.0/toolchain/bin/../lib/gcc/arm-none-eabi/4.8.4/../../../../arm-none-eabi/lib/armv6-m\libg_s.a(lib_a-impure.o)
 .data._impure_ptr
                0x1ffff270        0x4 c:/freescale/kds_3.0.0/toolchain/bin/../lib/gcc/arm-none-eabi/4.8.4/../../../../arm-none-eabi/lib/armv6-m\libg_s.a(lib_a-impure.o)
                0x1ffff270                _impure_ptr
 *(.jcr*)
 .jcr           0x1ffff274        0x0 c:/freescale/kds_3.0.0/toolchain/bin/../lib/gcc/arm-none-eabi/4.8.4/armv6-m/crtbegin.o
 .jcr           0x1ffff274        0x4 c:/freescale/kds_3.0.0/toolchain/bin/../lib/gcc/arm-none-eabi/4.8.4/armv6-m/crtend.o
                0x1ffff278                . = ALIGN (0x4)
                0x1ffff278                __data_end__ = .
                0x000074fc                __DATA_END = (__DATA_ROM + (__data_end__ - __data_start__))
                0x000074fc                __m_interrupts_ram_ROMStart = (__DATA_ROM + SIZEOF (.data))

.igot.plt       0x1ffff278        0x0 load address 0x000074fc
 .igot.plt      0x00000000        0x0 c:/freescale/kds_3.0.0/toolchain/bin/../lib/gcc/arm-none-eabi/4.8.4/armv6-m/crtbegin.o

.m_interrupts_ram
                0x1ffff000      0x200 load address 0x000074fc
                0x1ffff000                . = ALIGN (0x4)
                0x1ffff000                __m_interrupts_ram_RAMStart = .
 *(.m_interrupts_ram)
                0x1ffff200                . = (. + 0x200)
 *fill*         0x1ffff000      0x200 
                0x1ffff200                __m_interrupts_ram_RAMEnd = .
                0x1ffff200                . = ALIGN (0x4)
                0x00000200                __m_interrupts_ram_ROMSize = (__m_interrupts_ram_RAMEnd - __m_interrupts_ram_RAMStart)
                0x00000200                __RAM_VECTOR_TABLE_SIZE_BYTES = (__m_interrupts_ram_RAMEnd - __m_interrupts_ram_RAMStart)

.bss            0x1ffff278      0x66c load address 0x00007500
                0x1ffff278                . = ALIGN (0x4)
                0x1ffff278                __START_BSS = .
                0x1ffff278                __bss_start__ = .
 *(.bss)
 .bss           0x1ffff278       0x1c c:/freescale/kds_3.0.0/toolchain/bin/../lib/gcc/arm-none-eabi/4.8.4/armv6-m/crtbegin.o
 *(.bss*)
 .bss.pxCurrentTCB
                0x1ffff294        0x4 ./SDK/rtos/FreeRTOS/src/tasks.o
                0x1ffff294                pxCurrentTCB
 .bss.pxReadyTasksLists
                0x1ffff298      0x500 ./SDK/rtos/FreeRTOS/src/tasks.o
 .bss.xDelayedTaskList1
                0x1ffff798       0x14 ./SDK/rtos/FreeRTOS/src/tasks.o
 .bss.xDelayedTaskList2
                0x1ffff7ac       0x14 ./SDK/rtos/FreeRTOS/src/tasks.o
 .bss.pxDelayedTaskList
                0x1ffff7c0        0x4 ./SDK/rtos/FreeRTOS/src/tasks.o
 .bss.pxOverflowDelayedTaskList
                0x1ffff7c4        0x4 ./SDK/rtos/FreeRTOS/src/tasks.o
 .bss.xPendingReadyList
                0x1ffff7c8       0x14 ./SDK/rtos/FreeRTOS/src/tasks.o
 .bss.xTasksWaitingTermination
                0x1ffff7dc       0x14 ./SDK/rtos/FreeRTOS/src/tasks.o
 .bss.uxTasksDeleted
                0x1ffff7f0        0x4 ./SDK/rtos/FreeRTOS/src/tasks.o
 .bss.xSuspendedTaskList
                0x1ffff7f4       0x14 ./SDK/rtos/FreeRTOS/src/tasks.o
 .bss.uxCurrentNumberOfTasks
                0x1ffff808        0x4 ./SDK/rtos/FreeRTOS/src/tasks.o
 .bss.xTickCount
                0x1ffff80c        0x4 ./SDK/rtos/FreeRTOS/src/tasks.o
 .bss.uxTopReadyPriority
                0x1ffff810        0x4 ./SDK/rtos/FreeRTOS/src/tasks.o
 .bss.xSchedulerRunning
                0x1ffff814        0x4 ./SDK/rtos/FreeRTOS/src/tasks.o
 .bss.uxPendedTicks
                0x1ffff818        0x4 ./SDK/rtos/FreeRTOS/src/tasks.o
 .bss.xYieldPending
                0x1ffff81c        0x4 ./SDK/rtos/FreeRTOS/src/tasks.o
 .bss.xNumOfOverflows
                0x1ffff820        0x4 ./SDK/rtos/FreeRTOS/src/tasks.o
 .bss.uxTaskNumber
                0x1ffff824        0x4 ./SDK/rtos/FreeRTOS/src/tasks.o
 .bss.uxSchedulerSuspended
                0x1ffff828        0x4 ./SDK/rtos/FreeRTOS/src/tasks.o
 .bss.xActiveTimerList1
                0x1ffff82c       0x14 ./SDK/rtos/FreeRTOS/src/timers.o
 .bss.xActiveTimerList2
                0x1ffff840       0x14 ./SDK/rtos/FreeRTOS/src/timers.o
 .bss.pxCurrentTimerList
                0x1ffff854        0x4 ./SDK/rtos/FreeRTOS/src/timers.o
 .bss.pxOverflowTimerList
                0x1ffff858        0x4 ./SDK/rtos/FreeRTOS/src/timers.o
 .bss.xTimerQueue
                0x1ffff85c        0x4 ./SDK/rtos/FreeRTOS/src/timers.o
 .bss.xLastTime.4816
                0x1ffff860        0x4 ./SDK/rtos/FreeRTOS/src/timers.o
 .bss.s_debugConsole
                0x1ffff864       0x10 ./SDK/platform/utilities/src/fsl_debug_console.o
 .bss.Task1_stack
                0x1ffff874        0x4 ./Generated_Code/Task1.o
                0x1ffff874                Task1_stack
 .bss.Task2_stack
                0x1ffff878        0x4 ./Generated_Code/Task2.o
                0x1ffff878                Task2_stack
 .bss.Task3_stack
                0x1ffff87c        0x4 ./Generated_Code/Task3.o
                0x1ffff87c                Task3_stack
 .bss.Task4_stack
                0x1ffff880        0x4 ./Generated_Code/Task4.o
                0x1ffff880                Task4_stack
 .bss.Task5_stack
                0x1ffff884        0x4 ./Generated_Code/Task5.o
                0x1ffff884                Task5_stack
 .bss.TaskMaster_stack
                0x1ffff888        0x4 ./Generated_Code/TaskMaster.o
                0x1ffff888                TaskMaster_stack
 .bss.__malloc_sbrk_start
                0x1ffff88c        0x4 c:/freescale/kds_3.0.0/toolchain/bin/../lib/gcc/arm-none-eabi/4.8.4/../../../../arm-none-eabi/lib/armv6-m\libg_s.a(lib_a-nano-mallocr.o)
                0x1ffff88c                __malloc_sbrk_start
 .bss.__malloc_free_list
                0x1ffff890        0x4 c:/freescale/kds_3.0.0/toolchain/bin/../lib/gcc/arm-none-eabi/4.8.4/../../../../arm-none-eabi/lib/armv6-m\libg_s.a(lib_a-nano-mallocr.o)
                0x1ffff890                __malloc_free_list
 .bss.heap_end.4246
                0x1ffff894        0x4 c:/freescale/kds_3.0.0/toolchain/bin/../lib/gcc/arm-none-eabi/4.8.4/../../../../arm-none-eabi/lib/armv6-m\libnosys.a(sbrk.o)
 *(COMMON)
 COMMON         0x1ffff898       0x14 ./Sources/Events.o
                0x1ffff898                sem2
                0x1ffff89c                sem3
                0x1ffff8a0                sem1
                0x1ffff8a4                sem5
                0x1ffff8a8                sem4
 COMMON         0x1ffff8ac        0x8 ./SDK/platform/hal/src/mcg/fsl_mcg_hal.o
                0x1ffff8ac                g_xtal0ClkFreq
                0x1ffff8b0                g_xtalRtcClkFreq
 *fill*         0x1ffff8b4        0x4 
 COMMON         0x1ffff8b8       0x10 ./SDK/platform/drivers/src/pit/fsl_pit_driver.o
                0x1ffff8b8                g_pitUsInstance
                0x1ffff8b9                g_pitUsChannel
                0x1ffff8c0                g_pitSourceClock
 COMMON         0x1ffff8c8        0x4 ./Generated_Code/Task1.o
                0x1ffff8c8                Task1_task_handler
 COMMON         0x1ffff8cc        0x4 ./Generated_Code/Task2.o
                0x1ffff8cc                Task2_task_handler
 COMMON         0x1ffff8d0        0x4 ./Generated_Code/Task3.o
                0x1ffff8d0                Task3_task_handler
 COMMON         0x1ffff8d4        0x4 ./Generated_Code/Task4.o
                0x1ffff8d4                Task4_task_handler
 COMMON         0x1ffff8d8        0x4 ./Generated_Code/Task5.o
                0x1ffff8d8                Task5_task_handler
 COMMON         0x1ffff8dc        0x4 ./Generated_Code/TaskMaster.o
                0x1ffff8dc                TaskMaster_task_handler
 COMMON         0x1ffff8e0        0x4 c:/freescale/kds_3.0.0/toolchain/bin/../lib/gcc/arm-none-eabi/4.8.4/../../../../arm-none-eabi/lib/armv6-m\libg_s.a(lib_a-reent.o)
                0x1ffff8e0                errno
                0x1ffff8e4                . = ALIGN (0x4)
                0x1ffff8e4                __bss_end__ = .
                0x1ffff8e4                __END_BSS = .

.heap           0x1ffff8e4        0x4 load address 0x00007b6c
                0x1ffff8e8                . = ALIGN (0x8)
 *fill*         0x1ffff8e4        0x4 
                0x1ffff8e8                __end__ = .
                0x1ffff8e8                PROVIDE (end, .)
                0x1ffff8e8                __HeapBase = .
                0x1ffff8e8                . = (. + HEAP_SIZE)
                0x1ffff8e8                __HeapLimit = .

.stack          0x1ffff8e8      0x400 load address 0x00007b70
                0x1ffff8e8                . = ALIGN (0x8)
                0x1ffffce8                . = (. + STACK_SIZE)
 *fill*         0x1ffff8e8      0x400 
                0x20003000                __StackTop = (ORIGIN (m_data) + 0x3e00)
                0x20002c00                __StackLimit = (__StackTop - STACK_SIZE)
                0x20003000                PROVIDE (__stack, __StackTop)

.ARM.attributes
                0x00000000       0x28
 *(.ARM.attributes)
 .ARM.attributes
                0x00000000       0x1e c:/freescale/kds_3.0.0/toolchain/bin/../lib/gcc/arm-none-eabi/4.8.4/armv6-m/crti.o
 .ARM.attributes
                0x0000001e       0x2c c:/freescale/kds_3.0.0/toolchain/bin/../lib/gcc/arm-none-eabi/4.8.4/armv6-m/crtbegin.o
 .ARM.attributes
                0x0000004a       0x1b c:/freescale/kds_3.0.0/toolchain/bin/../lib/gcc/arm-none-eabi/4.8.4/../../../../arm-none-eabi/lib/armv6-m/crt0.o
 .ARM.attributes
                0x00000065       0x32 ./Static_Code/System/PE_low_level_init.o
 .ARM.attributes
                0x00000097       0x32 ./Sources/Events.o
 .ARM.attributes
                0x000000c9       0x32 ./Sources/main.o
 .ARM.attributes
                0x000000fb       0x32 ./Sources/os_tasks.o
 .ARM.attributes
                0x0000012d       0x32 ./SDK/rtos/FreeRTOS/src/heap_3.o
 .ARM.attributes
                0x0000015f       0x32 ./SDK/rtos/FreeRTOS/src/list.o
 .ARM.attributes
                0x00000191       0x32 ./SDK/rtos/FreeRTOS/src/queue.o
 .ARM.attributes
                0x000001c3       0x32 ./SDK/rtos/FreeRTOS/src/tasks.o
 .ARM.attributes
                0x000001f5       0x32 ./SDK/rtos/FreeRTOS/src/timers.o
 .ARM.attributes
                0x00000227       0x32 ./SDK/rtos/FreeRTOS/port/gcc/port.o
 .ARM.attributes
                0x00000259       0x32 ./SDK/platform/utilities/src/fsl_debug_console.o
 .ARM.attributes
                0x0000028b       0x32 ./SDK/platform/utilities/src/print_scan.o
 .ARM.attributes
                0x000002bd       0x32 ./SDK/platform/system/src/interrupt/fsl_interrupt_manager.o
 .ARM.attributes
                0x000002ef       0x32 ./SDK/platform/system/src/clock/MKL25Z4/fsl_clock_MKL25Z4.o
 .ARM.attributes
                0x00000321       0x32 ./SDK/platform/system/src/clock/fsl_clock_manager_common.o
 .ARM.attributes
                0x00000353       0x32 ./SDK/platform/osa/src/fsl_os_abstraction_free_rtos.o
 .ARM.attributes
                0x00000385       0x32 ./SDK/platform/hal/src/uart/fsl_uart_hal.o
 .ARM.attributes
                0x000003b7       0x32 ./SDK/platform/hal/src/mcg/fsl_mcg_hal.o
 .ARM.attributes
                0x000003e9       0x32 ./SDK/platform/hal/src/lpsci/fsl_lpsci_hal.o
 .ARM.attributes
                0x0000041b       0x32 ./SDK/platform/hal/src/gpio/fsl_gpio_hal.o
 .ARM.attributes
                0x0000044d       0x32 ./SDK/platform/drivers/src/pit/fsl_pit_common.o
 .ARM.attributes
                0x0000047f       0x32 ./SDK/platform/drivers/src/pit/fsl_pit_driver.o
 .ARM.attributes
                0x000004b1       0x32 ./SDK/platform/drivers/src/gpio/fsl_gpio_common.o
 .ARM.attributes
                0x000004e3       0x32 ./SDK/platform/drivers/src/gpio/fsl_gpio_driver.o
 .ARM.attributes
                0x00000515       0x1b ./SDK/platform/devices/MKL25Z4/startup/gcc/startup_MKL25Z4.o
 .ARM.attributes
                0x00000530       0x32 ./SDK/platform/devices/MKL25Z4/startup/system_MKL25Z4.o
 .ARM.attributes
                0x00000562       0x32 ./SDK/platform/devices/startup.o
 .ARM.attributes
                0x00000594       0x32 ./Generated_Code/Cpu.o
 .ARM.attributes
                0x000005c6       0x32 ./Generated_Code/Task1.o
 .ARM.attributes
                0x000005f8       0x32 ./Generated_Code/Task2.o
 .ARM.attributes
                0x0000062a       0x32 ./Generated_Code/Task3.o
 .ARM.attributes
                0x0000065c       0x32 ./Generated_Code/Task4.o
 .ARM.attributes
                0x0000068e       0x32 ./Generated_Code/Task5.o
 .ARM.attributes
                0x000006c0       0x32 ./Generated_Code/TaskMaster.o
 .ARM.attributes
                0x000006f2       0x32 ./Generated_Code/gpio1.o
 .ARM.attributes
                0x00000724       0x32 ./Generated_Code/hardware_init.o
 .ARM.attributes
                0x00000756       0x32 ./Generated_Code/pin_init.o
 .ARM.attributes
                0x00000788       0x32 ./Generated_Code/pitTimer1.o
 .ARM.attributes
                0x000007ba       0x1e c:/freescale/kds_3.0.0/toolchain/bin/../lib/gcc/arm-none-eabi/4.8.4/armv6-m\libgcc.a(_udivsi3.o)
 .ARM.attributes
                0x000007d8       0x1e c:/freescale/kds_3.0.0/toolchain/bin/../lib/gcc/arm-none-eabi/4.8.4/armv6-m\libgcc.a(_divsi3.o)
 .ARM.attributes
                0x000007f6       0x1e c:/freescale/kds_3.0.0/toolchain/bin/../lib/gcc/arm-none-eabi/4.8.4/armv6-m\libgcc.a(_dvmd_tls.o)
 .ARM.attributes
                0x00000814       0x1e c:/freescale/kds_3.0.0/toolchain/bin/../lib/gcc/arm-none-eabi/4.8.4/armv6-m\libgcc.a(_aeabi_uldivmod.o)
 .ARM.attributes
                0x00000832       0x2c c:/freescale/kds_3.0.0/toolchain/bin/../lib/gcc/arm-none-eabi/4.8.4/armv6-m\libgcc.a(_muldi3.o)
 .ARM.attributes
                0x0000085e       0x2c c:/freescale/kds_3.0.0/toolchain/bin/../lib/gcc/arm-none-eabi/4.8.4/armv6-m\libgcc.a(bpabi.o)
 .ARM.attributes
                0x0000088a       0x2c c:/freescale/kds_3.0.0/toolchain/bin/../lib/gcc/arm-none-eabi/4.8.4/armv6-m\libgcc.a(_divdi3.o)
 .ARM.attributes
                0x000008b6       0x2c c:/freescale/kds_3.0.0/toolchain/bin/../lib/gcc/arm-none-eabi/4.8.4/armv6-m\libgcc.a(_udivdi3.o)
 .ARM.attributes
                0x000008e2       0x1e c:/freescale/kds_3.0.0/toolchain/bin/../lib/gcc/arm-none-eabi/4.8.4/armv6-m\libgcc.a(_clzsi2.o)
 .ARM.attributes
                0x00000900       0x2c c:/freescale/kds_3.0.0/toolchain/bin/../lib/gcc/arm-none-eabi/4.8.4/../../../../arm-none-eabi/lib/armv6-m\libg_s.a(lib_a-assert.o)
 .ARM.attributes
                0x0000092c       0x2c c:/freescale/kds_3.0.0/toolchain/bin/../lib/gcc/arm-none-eabi/4.8.4/../../../../arm-none-eabi/lib/armv6-m\libg_s.a(lib_a-exit.o)
 .ARM.attributes
                0x00000958       0x2c c:/freescale/kds_3.0.0/toolchain/bin/../lib/gcc/arm-none-eabi/4.8.4/../../../../arm-none-eabi/lib/armv6-m\libg_s.a(lib_a-fprintf.o)
 .ARM.attributes
                0x00000984       0x2c c:/freescale/kds_3.0.0/toolchain/bin/../lib/gcc/arm-none-eabi/4.8.4/../../../../arm-none-eabi/lib/armv6-m\libg_s.a(lib_a-impure.o)
 .ARM.attributes
                0x000009b0       0x2c c:/freescale/kds_3.0.0/toolchain/bin/../lib/gcc/arm-none-eabi/4.8.4/../../../../arm-none-eabi/lib/armv6-m\libg_s.a(lib_a-init.o)
 .ARM.attributes
                0x000009dc       0x2c c:/freescale/kds_3.0.0/toolchain/bin/../lib/gcc/arm-none-eabi/4.8.4/../../../../arm-none-eabi/lib/armv6-m\libg_s.a(lib_a-malloc.o)
 .ARM.attributes
                0x00000a08       0x2c c:/freescale/kds_3.0.0/toolchain/bin/../lib/gcc/arm-none-eabi/4.8.4/../../../../arm-none-eabi/lib/armv6-m\libg_s.a(lib_a-memcpy-stub.o)
 .ARM.attributes
                0x00000a34       0x2c c:/freescale/kds_3.0.0/toolchain/bin/../lib/gcc/arm-none-eabi/4.8.4/../../../../arm-none-eabi/lib/armv6-m\libg_s.a(lib_a-memset.o)
 .ARM.attributes
                0x00000a60       0x2c c:/freescale/kds_3.0.0/toolchain/bin/../lib/gcc/arm-none-eabi/4.8.4/../../../../arm-none-eabi/lib/armv6-m\libg_s.a(lib_a-nano-freer.o)
 .ARM.attributes
                0x00000a8c       0x2c c:/freescale/kds_3.0.0/toolchain/bin/../lib/gcc/arm-none-eabi/4.8.4/../../../../arm-none-eabi/lib/armv6-m\libg_s.a(lib_a-nano-mallocr.o)
 .ARM.attributes
                0x00000ab8       0x2c c:/freescale/kds_3.0.0/toolchain/bin/../lib/gcc/arm-none-eabi/4.8.4/../../../../arm-none-eabi/lib/armv6-m\libg_s.a(lib_a-sbrkr.o)
 .ARM.attributes
                0x00000ae4       0x2c c:/freescale/kds_3.0.0/toolchain/bin/../lib/gcc/arm-none-eabi/4.8.4/../../../../arm-none-eabi/lib/armv6-m\libg_s.a(lib_a-strlen.o)
 .ARM.attributes
                0x00000b10       0x2c c:/freescale/kds_3.0.0/toolchain/bin/../lib/gcc/arm-none-eabi/4.8.4/../../../../arm-none-eabi/lib/armv6-m\libg_s.a(lib_a-vfprintf.o)
 .ARM.attributes
                0x00000b3c       0x2c c:/freescale/kds_3.0.0/toolchain/bin/../lib/gcc/arm-none-eabi/4.8.4/../../../../arm-none-eabi/lib/armv6-m\libg_s.a(lib_a-vfprintf_i.o)
 .ARM.attributes
                0x00000b68       0x2c c:/freescale/kds_3.0.0/toolchain/bin/../lib/gcc/arm-none-eabi/4.8.4/../../../../arm-none-eabi/lib/armv6-m\libg_s.a(lib_a-wbuf.o)
 .ARM.attributes
                0x00000b94       0x2c c:/freescale/kds_3.0.0/toolchain/bin/../lib/gcc/arm-none-eabi/4.8.4/../../../../arm-none-eabi/lib/armv6-m\libg_s.a(lib_a-wsetup.o)
 .ARM.attributes
                0x00000bc0       0x2c c:/freescale/kds_3.0.0/toolchain/bin/../lib/gcc/arm-none-eabi/4.8.4/../../../../arm-none-eabi/lib/armv6-m\libg_s.a(lib_a-abort.o)
 .ARM.attributes
                0x00000bec       0x2c c:/freescale/kds_3.0.0/toolchain/bin/../lib/gcc/arm-none-eabi/4.8.4/../../../../arm-none-eabi/lib/armv6-m\libg_s.a(lib_a-fflush.o)
 .ARM.attributes
                0x00000c18       0x2c c:/freescale/kds_3.0.0/toolchain/bin/../lib/gcc/arm-none-eabi/4.8.4/../../../../arm-none-eabi/lib/armv6-m\libg_s.a(lib_a-findfp.o)
 .ARM.attributes
                0x00000c44       0x2c c:/freescale/kds_3.0.0/toolchain/bin/../lib/gcc/arm-none-eabi/4.8.4/../../../../arm-none-eabi/lib/armv6-m\libg_s.a(lib_a-makebuf.o)
 .ARM.attributes
                0x00000c70       0x2c c:/freescale/kds_3.0.0/toolchain/bin/../lib/gcc/arm-none-eabi/4.8.4/../../../../arm-none-eabi/lib/armv6-m\libg_s.a(lib_a-memchr-stub.o)
 .ARM.attributes
                0x00000c9c       0x2c c:/freescale/kds_3.0.0/toolchain/bin/../lib/gcc/arm-none-eabi/4.8.4/../../../../arm-none-eabi/lib/armv6-m\libg_s.a(lib_a-reent.o)
 .ARM.attributes
                0x00000cc8       0x2c c:/freescale/kds_3.0.0/toolchain/bin/../lib/gcc/arm-none-eabi/4.8.4/../../../../arm-none-eabi/lib/armv6-m\libg_s.a(lib_a-signal.o)
 .ARM.attributes
                0x00000cf4       0x2c c:/freescale/kds_3.0.0/toolchain/bin/../lib/gcc/arm-none-eabi/4.8.4/../../../../arm-none-eabi/lib/armv6-m\libg_s.a(lib_a-signalr.o)
 .ARM.attributes
                0x00000d20       0x2c c:/freescale/kds_3.0.0/toolchain/bin/../lib/gcc/arm-none-eabi/4.8.4/../../../../arm-none-eabi/lib/armv6-m\libg_s.a(lib_a-stdio.o)
 .ARM.attributes
                0x00000d4c       0x2c c:/freescale/kds_3.0.0/toolchain/bin/../lib/gcc/arm-none-eabi/4.8.4/../../../../arm-none-eabi/lib/armv6-m\libg_s.a(lib_a-writer.o)
 .ARM.attributes
                0x00000d78       0x2c c:/freescale/kds_3.0.0/toolchain/bin/../lib/gcc/arm-none-eabi/4.8.4/../../../../arm-none-eabi/lib/armv6-m\libg_s.a(lib_a-closer.o)
 .ARM.attributes
                0x00000da4       0x2c c:/freescale/kds_3.0.0/toolchain/bin/../lib/gcc/arm-none-eabi/4.8.4/../../../../arm-none-eabi/lib/armv6-m\libg_s.a(lib_a-fstatr.o)
 .ARM.attributes
                0x00000dd0       0x2c c:/freescale/kds_3.0.0/toolchain/bin/../lib/gcc/arm-none-eabi/4.8.4/../../../../arm-none-eabi/lib/armv6-m\libg_s.a(lib_a-isattyr.o)
 .ARM.attributes
                0x00000dfc       0x2c c:/freescale/kds_3.0.0/toolchain/bin/../lib/gcc/arm-none-eabi/4.8.4/../../../../arm-none-eabi/lib/armv6-m\libg_s.a(lib_a-lseekr.o)
 .ARM.attributes
                0x00000e28       0x2c c:/freescale/kds_3.0.0/toolchain/bin/../lib/gcc/arm-none-eabi/4.8.4/../../../../arm-none-eabi/lib/armv6-m\libg_s.a(lib_a-readr.o)
 .ARM.attributes
                0x00000e54       0x2c c:/freescale/kds_3.0.0/toolchain/bin/../lib/gcc/arm-none-eabi/4.8.4/../../../../arm-none-eabi/lib/armv6-m\libnosys.a(close.o)
 .ARM.attributes
                0x00000e80       0x2c c:/freescale/kds_3.0.0/toolchain/bin/../lib/gcc/arm-none-eabi/4.8.4/../../../../arm-none-eabi/lib/armv6-m\libnosys.a(fstat.o)
 .ARM.attributes
                0x00000eac       0x2c c:/freescale/kds_3.0.0/toolchain/bin/../lib/gcc/arm-none-eabi/4.8.4/../../../../arm-none-eabi/lib/armv6-m\libnosys.a(getpid.o)
 .ARM.attributes
                0x00000ed8       0x2c c:/freescale/kds_3.0.0/toolchain/bin/../lib/gcc/arm-none-eabi/4.8.4/../../../../arm-none-eabi/lib/armv6-m\libnosys.a(isatty.o)
 .ARM.attributes
                0x00000f04       0x2c c:/freescale/kds_3.0.0/toolchain/bin/../lib/gcc/arm-none-eabi/4.8.4/../../../../arm-none-eabi/lib/armv6-m\libnosys.a(kill.o)
 .ARM.attributes
                0x00000f30       0x2c c:/freescale/kds_3.0.0/toolchain/bin/../lib/gcc/arm-none-eabi/4.8.4/../../../../arm-none-eabi/lib/armv6-m\libnosys.a(lseek.o)
 .ARM.attributes
                0x00000f5c       0x2c c:/freescale/kds_3.0.0/toolchain/bin/../lib/gcc/arm-none-eabi/4.8.4/../../../../arm-none-eabi/lib/armv6-m\libnosys.a(sbrk.o)
 .ARM.attributes
                0x00000f88       0x2c c:/freescale/kds_3.0.0/toolchain/bin/../lib/gcc/arm-none-eabi/4.8.4/../../../../arm-none-eabi/lib/armv6-m\libnosys.a(_exit.o)
 .ARM.attributes
                0x00000fb4       0x2c c:/freescale/kds_3.0.0/toolchain/bin/../lib/gcc/arm-none-eabi/4.8.4/armv6-m/crtend.o
 .ARM.attributes
                0x00000fe0       0x1e c:/freescale/kds_3.0.0/toolchain/bin/../lib/gcc/arm-none-eabi/4.8.4/armv6-m/crtn.o
OUTPUT(LabLED.elf elf32-littlearm)

.debug_info     0x00000000     0xe03f
 .debug_info    0x00000000       0xf3 ./Static_Code/System/PE_low_level_init.o
 .debug_info    0x000000f3      0x2e1 ./Sources/Events.o
 .debug_info    0x000003d4      0x164 ./Sources/main.o
 .debug_info    0x00000538      0x24e ./Sources/os_tasks.o
 .debug_info    0x00000786       0xe0 ./SDK/rtos/FreeRTOS/src/heap_3.o
 .debug_info    0x00000866      0x2a1 ./SDK/rtos/FreeRTOS/src/list.o
 .debug_info    0x00000b07      0xa65 ./SDK/rtos/FreeRTOS/src/queue.o
 .debug_info    0x0000156c      0xf89 ./SDK/rtos/FreeRTOS/src/tasks.o
 .debug_info    0x000024f5      0x92b ./SDK/rtos/FreeRTOS/src/timers.o
 .debug_info    0x00002e20      0x1fa ./SDK/rtos/FreeRTOS/port/gcc/port.o
 .debug_info    0x0000301a      0xa71 ./SDK/platform/utilities/src/fsl_debug_console.o
 .debug_info    0x00003a8b      0x5eb ./SDK/platform/utilities/src/print_scan.o
 .debug_info    0x00004076      0x290 ./SDK/platform/system/src/interrupt/fsl_interrupt_manager.o
 .debug_info    0x00004306     0x17ee ./SDK/platform/system/src/clock/MKL25Z4/fsl_clock_MKL25Z4.o
 .debug_info    0x00005af4      0x462 ./SDK/platform/system/src/clock/fsl_clock_manager_common.o
 .debug_info    0x00005f56      0xdf3 ./SDK/platform/osa/src/fsl_os_abstraction_free_rtos.o
 .debug_info    0x00006d49      0x83e ./SDK/platform/hal/src/uart/fsl_uart_hal.o
 .debug_info    0x00007587      0xb9f ./SDK/platform/hal/src/mcg/fsl_mcg_hal.o
 .debug_info    0x00008126      0x947 ./SDK/platform/hal/src/lpsci/fsl_lpsci_hal.o
 .debug_info    0x00008a6d      0x2f0 ./SDK/platform/hal/src/gpio/fsl_gpio_hal.o
 .debug_info    0x00008d5d      0x2cf ./SDK/platform/drivers/src/pit/fsl_pit_common.o
 .debug_info    0x0000902c     0x13ae ./SDK/platform/drivers/src/pit/fsl_pit_driver.o
 .debug_info    0x0000a3da      0x397 ./SDK/platform/drivers/src/gpio/fsl_gpio_common.o
 .debug_info    0x0000a771      0xe6a ./SDK/platform/drivers/src/gpio/fsl_gpio_driver.o
 .debug_info    0x0000b5db       0xa1 ./SDK/platform/devices/MKL25Z4/startup/gcc/startup_MKL25Z4.o
 .debug_info    0x0000b67c      0x672 ./SDK/platform/devices/MKL25Z4/startup/system_MKL25Z4.o
 .debug_info    0x0000bcee      0x296 ./SDK/platform/devices/startup.o
 .debug_info    0x0000bf84      0x725 ./Generated_Code/Cpu.o
 .debug_info    0x0000c6a9      0x1fe ./Generated_Code/Task1.o
 .debug_info    0x0000c8a7      0x1fe ./Generated_Code/Task2.o
 .debug_info    0x0000caa5      0x1fe ./Generated_Code/Task3.o
 .debug_info    0x0000cca3      0x1fe ./Generated_Code/Task4.o
 .debug_info    0x0000cea1      0x1fe ./Generated_Code/Task5.o
 .debug_info    0x0000d09f      0x1fe ./Generated_Code/TaskMaster.o
 .debug_info    0x0000d29d      0x2ac ./Generated_Code/gpio1.o
 .debug_info    0x0000d549      0x3cf ./Generated_Code/hardware_init.o
 .debug_info    0x0000d918      0x618 ./Generated_Code/pin_init.o
 .debug_info    0x0000df30      0x10f ./Generated_Code/pitTimer1.o

.debug_abbrev   0x00000000     0x2f15
 .debug_abbrev  0x00000000       0x75 ./Static_Code/System/PE_low_level_init.o
 .debug_abbrev  0x00000075      0x142 ./Sources/Events.o
 .debug_abbrev  0x000001b7       0x98 ./Sources/main.o
 .debug_abbrev  0x0000024f       0xd0 ./Sources/os_tasks.o
 .debug_abbrev  0x0000031f       0xa2 ./SDK/rtos/FreeRTOS/src/heap_3.o
 .debug_abbrev  0x000003c1       0xc1 ./SDK/rtos/FreeRTOS/src/list.o
 .debug_abbrev  0x00000482      0x189 ./SDK/rtos/FreeRTOS/src/queue.o
 .debug_abbrev  0x0000060b      0x208 ./SDK/rtos/FreeRTOS/src/tasks.o
 .debug_abbrev  0x00000813      0x194 ./SDK/rtos/FreeRTOS/src/timers.o
 .debug_abbrev  0x000009a7       0xed ./SDK/rtos/FreeRTOS/port/gcc/port.o
 .debug_abbrev  0x00000a94      0x23a ./SDK/platform/utilities/src/fsl_debug_console.o
 .debug_abbrev  0x00000cce      0x1b6 ./SDK/platform/utilities/src/print_scan.o
 .debug_abbrev  0x00000e84      0x128 ./SDK/platform/system/src/interrupt/fsl_interrupt_manager.o
 .debug_abbrev  0x00000fac      0x2f0 ./SDK/platform/system/src/clock/MKL25Z4/fsl_clock_MKL25Z4.o
 .debug_abbrev  0x0000129c       0xde ./SDK/platform/system/src/clock/fsl_clock_manager_common.o
 .debug_abbrev  0x0000137a      0x221 ./SDK/platform/osa/src/fsl_os_abstraction_free_rtos.o
 .debug_abbrev  0x0000159b      0x1ee ./SDK/platform/hal/src/uart/fsl_uart_hal.o
 .debug_abbrev  0x00001789      0x22c ./SDK/platform/hal/src/mcg/fsl_mcg_hal.o
 .debug_abbrev  0x000019b5      0x211 ./SDK/platform/hal/src/lpsci/fsl_lpsci_hal.o
 .debug_abbrev  0x00001bc6      0x11b ./SDK/platform/hal/src/gpio/fsl_gpio_hal.o
 .debug_abbrev  0x00001ce1       0xdc ./SDK/platform/drivers/src/pit/fsl_pit_common.o
 .debug_abbrev  0x00001dbd      0x2cb ./SDK/platform/drivers/src/pit/fsl_pit_driver.o
 .debug_abbrev  0x00002088       0xc0 ./SDK/platform/drivers/src/gpio/fsl_gpio_common.o
 .debug_abbrev  0x00002148      0x27a ./SDK/platform/drivers/src/gpio/fsl_gpio_driver.o
 .debug_abbrev  0x000023c2       0x14 ./SDK/platform/devices/MKL25Z4/startup/gcc/startup_MKL25Z4.o
 .debug_abbrev  0x000023d6      0x121 ./SDK/platform/devices/MKL25Z4/startup/system_MKL25Z4.o
 .debug_abbrev  0x000024f7       0xe9 ./SDK/platform/devices/startup.o
 .debug_abbrev  0x000025e0      0x15f ./Generated_Code/Cpu.o
 .debug_abbrev  0x0000273f       0xb0 ./Generated_Code/Task1.o
 .debug_abbrev  0x000027ef       0xb0 ./Generated_Code/Task2.o
 .debug_abbrev  0x0000289f       0xb0 ./Generated_Code/Task3.o
 .debug_abbrev  0x0000294f       0xb0 ./Generated_Code/Task4.o
 .debug_abbrev  0x000029ff       0xb0 ./Generated_Code/Task5.o
 .debug_abbrev  0x00002aaf       0xb0 ./Generated_Code/TaskMaster.o
 .debug_abbrev  0x00002b5f       0xa7 ./Generated_Code/gpio1.o
 .debug_abbrev  0x00002c06      0x10c ./Generated_Code/hardware_init.o
 .debug_abbrev  0x00002d12      0x174 ./Generated_Code/pin_init.o
 .debug_abbrev  0x00002e86       0x8f ./Generated_Code/pitTimer1.o

.debug_aranges  0x00000000     0x1040
 .debug_aranges
                0x00000000       0x28 ./Static_Code/System/PE_low_level_init.o
 .debug_aranges
                0x00000028       0x28 ./Sources/Events.o
 .debug_aranges
                0x00000050       0x20 ./Sources/main.o
 .debug_aranges
                0x00000070       0x48 ./Sources/os_tasks.o
 .debug_aranges
                0x000000b8       0x28 ./SDK/rtos/FreeRTOS/src/heap_3.o
 .debug_aranges
                0x000000e0       0x40 ./SDK/rtos/FreeRTOS/src/list.o
 .debug_aranges
                0x00000120       0xd8 ./SDK/rtos/FreeRTOS/src/queue.o
 .debug_aranges
                0x000001f8      0x168 ./SDK/rtos/FreeRTOS/src/tasks.o
 .debug_aranges
                0x00000360       0x98 ./SDK/rtos/FreeRTOS/src/timers.o
 .debug_aranges
                0x000003f8       0x80 ./SDK/rtos/FreeRTOS/port/gcc/port.o
 .debug_aranges
                0x00000478       0xa0 ./SDK/platform/utilities/src/fsl_debug_console.o
 .debug_aranges
                0x00000518       0x48 ./SDK/platform/utilities/src/print_scan.o
 .debug_aranges
                0x00000560       0x30 ./SDK/platform/system/src/interrupt/fsl_interrupt_manager.o
 .debug_aranges
                0x00000590      0x218 ./SDK/platform/system/src/clock/MKL25Z4/fsl_clock_MKL25Z4.o
 .debug_aranges
                0x000007a8       0x18 ./SDK/platform/system/src/clock/fsl_clock_manager_common.o
 .debug_aranges
                0x000007c0      0x148 ./SDK/platform/osa/src/fsl_os_abstraction_free_rtos.o
 .debug_aranges
                0x00000908       0xb0 ./SDK/platform/hal/src/uart/fsl_uart_hal.o
 .debug_aranges
                0x000009b8       0xd8 ./SDK/platform/hal/src/mcg/fsl_mcg_hal.o
 .debug_aranges
                0x00000a90       0xc8 ./SDK/platform/hal/src/lpsci/fsl_lpsci_hal.o
 .debug_aranges
                0x00000b58       0x38 ./SDK/platform/hal/src/gpio/fsl_gpio_hal.o
 .debug_aranges
                0x00000b90       0x18 ./SDK/platform/drivers/src/pit/fsl_pit_common.o
 .debug_aranges
                0x00000ba8      0x160 ./SDK/platform/drivers/src/pit/fsl_pit_driver.o
 .debug_aranges
                0x00000d08       0x18 ./SDK/platform/drivers/src/gpio/fsl_gpio_common.o
 .debug_aranges
                0x00000d20       0xf0 ./SDK/platform/drivers/src/gpio/fsl_gpio_driver.o
 .debug_aranges
                0x00000e10       0x20 ./SDK/platform/devices/MKL25Z4/startup/gcc/startup_MKL25Z4.o
 .debug_aranges
                0x00000e30       0x28 ./SDK/platform/devices/MKL25Z4/startup/system_MKL25Z4.o
 .debug_aranges
                0x00000e58       0x20 ./SDK/platform/devices/startup.o
 .debug_aranges
                0x00000e78       0x30 ./Generated_Code/Cpu.o
 .debug_aranges
                0x00000ea8       0x20 ./Generated_Code/Task1.o
 .debug_aranges
                0x00000ec8       0x20 ./Generated_Code/Task2.o
 .debug_aranges
                0x00000ee8       0x20 ./Generated_Code/Task3.o
 .debug_aranges
                0x00000f08       0x20 ./Generated_Code/Task4.o
 .debug_aranges
                0x00000f28       0x20 ./Generated_Code/Task5.o
 .debug_aranges
                0x00000f48       0x20 ./Generated_Code/TaskMaster.o
 .debug_aranges
                0x00000f68       0x18 ./Generated_Code/gpio1.o
 .debug_aranges
                0x00000f80       0x28 ./Generated_Code/hardware_init.o
 .debug_aranges
                0x00000fa8       0x80 ./Generated_Code/pin_init.o
 .debug_aranges
                0x00001028       0x18 ./Generated_Code/pitTimer1.o

.debug_ranges   0x00000000      0xda8
 .debug_ranges  0x00000000       0x18 ./Static_Code/System/PE_low_level_init.o
 .debug_ranges  0x00000018       0x18 ./Sources/Events.o
 .debug_ranges  0x00000030       0x10 ./Sources/main.o
 .debug_ranges  0x00000040       0x38 ./Sources/os_tasks.o
 .debug_ranges  0x00000078       0x18 ./SDK/rtos/FreeRTOS/src/heap_3.o
 .debug_ranges  0x00000090       0x30 ./SDK/rtos/FreeRTOS/src/list.o
 .debug_ranges  0x000000c0       0xc8 ./SDK/rtos/FreeRTOS/src/queue.o
 .debug_ranges  0x00000188      0x158 ./SDK/rtos/FreeRTOS/src/tasks.o
 .debug_ranges  0x000002e0       0x88 ./SDK/rtos/FreeRTOS/src/timers.o
 .debug_ranges  0x00000368       0x70 ./SDK/rtos/FreeRTOS/port/gcc/port.o
 .debug_ranges  0x000003d8       0x90 ./SDK/platform/utilities/src/fsl_debug_console.o
 .debug_ranges  0x00000468       0x38 ./SDK/platform/utilities/src/print_scan.o
 .debug_ranges  0x000004a0       0x20 ./SDK/platform/system/src/interrupt/fsl_interrupt_manager.o
 .debug_ranges  0x000004c0      0x208 ./SDK/platform/system/src/clock/MKL25Z4/fsl_clock_MKL25Z4.o
 .debug_ranges  0x000006c8      0x138 ./SDK/platform/osa/src/fsl_os_abstraction_free_rtos.o
 .debug_ranges  0x00000800       0xa0 ./SDK/platform/hal/src/uart/fsl_uart_hal.o
 .debug_ranges  0x000008a0       0xc8 ./SDK/platform/hal/src/mcg/fsl_mcg_hal.o
 .debug_ranges  0x00000968       0xb8 ./SDK/platform/hal/src/lpsci/fsl_lpsci_hal.o
 .debug_ranges  0x00000a20       0x28 ./SDK/platform/hal/src/gpio/fsl_gpio_hal.o
 .debug_ranges  0x00000a48      0x150 ./SDK/platform/drivers/src/pit/fsl_pit_driver.o
 .debug_ranges  0x00000b98       0xe0 ./SDK/platform/drivers/src/gpio/fsl_gpio_driver.o
 .debug_ranges  0x00000c78       0x18 ./SDK/platform/devices/MKL25Z4/startup/system_MKL25Z4.o